Component: ARM Compiler 5.06 update 1 (build 61) Tool: armlink [4d35a8]

==============================================================================

Section Cross References

    rtx_conf_cm.o(i.__user_perthread_libspace) refers to rt_task.o(i.rt_tsk_self) for rt_tsk_self
    rtx_conf_cm.o(i.__user_perthread_libspace) refers to rtx_conf_cm.o(.bss) for .bss
    rtx_conf_cm.o(i.__user_perthread_libspace) refers to libspace.o(.bss) for __libspace_start
    rtx_conf_cm.o(i._mutex_acquire) refers to rt_task.o(i.rt_tsk_self) for rt_tsk_self
    rtx_conf_cm.o(i._mutex_acquire) refers to rt_mutex.o(i.rt_mut_wait) for rt_mut_wait
    rtx_conf_cm.o(i._mutex_initialize) refers to rt_mutex.o(i.rt_mut_init) for rt_mut_init
    rtx_conf_cm.o(i._mutex_initialize) refers to rtx_conf_cm.o(.data) for .data
    rtx_conf_cm.o(i._mutex_initialize) refers to rtx_conf_cm.o(.bss) for .bss
    rtx_conf_cm.o(i._mutex_release) refers to rt_task.o(i.rt_tsk_self) for rt_tsk_self
    rtx_conf_cm.o(i._mutex_release) refers to rt_mutex.o(i.rt_mut_release) for rt_mut_release
    app.o(i.GPIO_clock_disable) refers to app.o(i.io_port) for io_port
    app.o(i.GPIO_clock_disable) refers to app.o(i.io_port_source) for io_port_source
    app.o(i.GPIO_clock_enable) refers to app.o(i.io_port) for io_port
    app.o(i.GPIO_clock_enable) refers to app.o(i.io_port_source) for io_port_source
    app.o(i.KBD_Control) refers to app.o(i.KBD_read) for KBD_read
    app.o(i.KBD_Control) refers to app.o(i.delay_ms) for delay_ms
    app.o(i.KBD_Control) refers to app.o(.data) for count
    app.o(i.KBD_Control) refers to app.o(.bss) for totaldrunk
    app.o(i.KBD_activateRow) refers to app.o(i.io_set) for io_set
    app.o(i.KBD_activateRow) refers to app.o(.constdata) for KBD_rows
    app.o(i.KBD_findKeyInRow) refers to app.o(.data) for KBD_MAP
    app.o(i.KBD_read) refers to app.o(i.delay_ms) for delay_ms
    app.o(i.KBD_read) refers to app.o(i.KBD_activateRow) for KBD_activateRow
    app.o(i.KBD_read) refers to app.o(i.io_get) for io_get
    app.o(i.KBD_read) refers to app.o(i.io_read) for io_read
    app.o(i.KBD_read) refers to app.o(i.KBD_findKeyInRow) for KBD_findKeyInRow
    app.o(i.KBD_setup) refers to app.o(i.pin_setup) for pin_setup
    app.o(i.KBD_setup) refers to app.o(.constdata) for KBD_cols
    app.o(i.LCD_Control) refers to _printf_percent.o(.ARM.Collect$$_printf_percent$$00000000) for _printf_percent
    app.o(i.LCD_Control) refers to _printf_d.o(.ARM.Collect$$_printf_percent$$00000009) for _printf_d
    app.o(i.LCD_Control) refers to _printf_dec.o(.text) for _printf_int_dec
    app.o(i.LCD_Control) refers to app.o(i.LCD_set) for LCD_set
    app.o(i.LCD_Control) refers to app.o(i.LCD_print) for LCD_print
    app.o(i.LCD_Control) refers to app.o(i.delay_ms) for delay_ms
    app.o(i.LCD_Control) refers to noretval__2sprintf.o(.text) for __2sprintf
    app.o(i.LCD_Control) refers to app.o(.data) for currentItem
    app.o(i.LCD_Control) refers to app.o(.bss) for totaldrunk
    app.o(i.LCD_goto) refers to app.o(i.LCD_set) for LCD_set
    app.o(i.LCD_io_setup) refers to app.o(i.pin_enable) for pin_enable
    app.o(i.LCD_io_setup) refers to app.o(i.pin_setup) for pin_setup
    app.o(i.LCD_print) refers to app.o(i.LCD_symbol) for LCD_symbol
    app.o(i.LCD_print) refers to strlen.o(.text) for strlen
    app.o(i.LCD_set) refers to app.o(i.delay_us) for delay_us
    app.o(i.LCD_set) refers to app.o(i.io_set) for io_set
    app.o(i.LCD_set) refers to app.o(i.LCD_write_nibble) for LCD_write_nibble
    app.o(i.LCD_setup) refers to app.o(i.LCD_io_setup) for LCD_io_setup
    app.o(i.LCD_setup) refers to app.o(i.io_set) for io_set
    app.o(i.LCD_setup) refers to app.o(i.LCD_set) for LCD_set
    app.o(i.LCD_symbol) refers to app.o(i.delay_us) for delay_us
    app.o(i.LCD_symbol) refers to app.o(i.io_set) for io_set
    app.o(i.LCD_symbol) refers to app.o(i.LCD_write_nibble) for LCD_write_nibble
    app.o(i.LCD_write_nibble) refers to app.o(i.io_set) for io_set
    app.o(i.LCD_write_nibble) refers to app.o(i.delay_us) for delay_us
    app.o(i.LED_Control) refers to app.o(i.io_set) for io_set
    app.o(i.LED_Control) refers to app.o(i.delay_ms) for delay_ms
    app.o(i.LED_Control) refers to app.o(.data) for count
    app.o(i.LED_setup) refers to app.o(i.pin_enable) for pin_enable
    app.o(i.LED_setup) refers to app.o(i.pin_mode) for pin_mode
    app.o(i.LED_setup) refers to app.o(i.io_set) for io_set
    app.o(i.delay_ms) refers to app.o(i.delay_us) for delay_us
    app.o(i.delay_us) refers to rt_time.o(i.rt_dly_wait) for rt_dly_wait
    app.o(i.io_get) refers to app.o(i.io_port) for io_port
    app.o(i.io_get) refers to app.o(i.io_pin) for io_pin
    app.o(i.io_read) refers to app.o(i.io_port) for io_port
    app.o(i.io_read) refers to app.o(i.io_pin) for io_pin
    app.o(i.io_set) refers to app.o(i.io_pin) for io_pin
    app.o(i.io_set) refers to app.o(i.io_port) for io_port
[...]
    libinit.o(.ARM.Collect$$libinit$$00000000) refers (Special) to libinit2.o(.ARM.Collect$$libinit$$0000002C) for __rt_lib_init_argv_1
    libinit.o(.ARM.Collect$$libinit$$00000000) refers (Special) to libinit2.o(.ARM.Collect$$libinit$$0000001B) for __rt_lib_init_atexit_1
    libinit.o(.ARM.Collect$$libinit$$00000000) refers (Special) to libinit2.o(.ARM.Collect$$libinit$$00000021) for __rt_lib_init_clock_1
    libinit.o(.ARM.Collect$$libinit$$00000000) refers (Special) to libinit2.o(.ARM.Collect$$libinit$$00000032) for __rt_lib_init_cpp_1
    libinit.o(.ARM.Collect$$libinit$$00000000) refers (Special) to libinit2.o(.ARM.Collect$$libinit$$00000030) for __rt_lib_init_exceptions_1
    libinit.o(.ARM.Collect$$libinit$$00000000) refers (Special) to libinit2.o(.ARM.Collect$$libinit$$00000001) for __rt_lib_init_fp_1
    libinit.o(.ARM.Collect$$libinit$$00000000) refers (Special) to libinit2.o(.ARM.Collect$$libinit$$0000001F) for __rt_lib_init_fp_trap_1
    libinit.o(.ARM.Collect$$libinit$$00000000) refers (Special) to libinit2.o(.ARM.Collect$$libinit$$00000023) for __rt_lib_init_getenv_1
    libinit.o(.ARM.Collect$$libinit$$00000000) refers (Special) to libinit2.o(.ARM.Collect$$libinit$$0000000A) for __rt_lib_init_heap_1
    libinit.o(.ARM.Collect$$libinit$$00000000) refers (Special) to libinit2.o(.ARM.Collect$$libinit$$00000011) for __rt_lib_init_lc_collate_1
    libinit.o(.ARM.Collect$$libinit$$00000000) refers (Special) to libinit2.o(.ARM.Collect$$libinit$$00000013) for __rt_lib_init_lc_ctype_1
    libinit.o(.ARM.Collect$$libinit$$00000000) refers (Special) to libinit2.o(.ARM.Collect$$libinit$$00000015) for __rt_lib_init_lc_monetary_1
    libinit.o(.ARM.Collect$$libinit$$00000000) refers (Special) to libinit2.o(.ARM.Collect$$libinit$$00000017) for __rt_lib_init_lc_numeric_1
    libinit.o(.ARM.Collect$$libinit$$00000000) refers (Special) to libinit2.o(.ARM.Collect$$libinit$$00000019) for __rt_lib_init_lc_time_1
    libinit.o(.ARM.Collect$$libinit$$00000000) refers (Special) to libinit2.o(.ARM.Collect$$libinit$$00000004) for __rt_lib_init_preinit_1
    libinit.o(.ARM.Collect$$libinit$$00000000) refers (Special) to libinit2.o(.ARM.Collect$$libinit$$0000000E) for __rt_lib_init_rand_1
    libinit.o(.ARM.Collect$$libinit$$00000000) refers (Special) to libinit2.o(.ARM.Collect$$libinit$$00000033) for __rt_lib_init_return
    libinit.o(.ARM.Collect$$libinit$$00000000) refers (Special) to libinit2.o(.ARM.Collect$$libinit$$0000001D) for __rt_lib_init_signal_1
    libinit.o(.ARM.Collect$$libinit$$00000000) refers (Special) to libinit2.o(.ARM.Collect$$libinit$$00000025) for __rt_lib_init_stdio_1
    libinit.o(.ARM.Collect$$libinit$$00000000) refers (Special) to libinit2.o(.ARM.Collect$$libinit$$0000000C) for __rt_lib_init_user_alloc_1
    rtexit.o(.ARM.Collect$$rtexit$$00000000) refers (Special) to rtexit2.o(.ARM.Collect$$rtexit$$00000004) for __rt_exit_exit
    rtexit.o(.ARM.Collect$$rtexit$$00000000) refers (Special) to rtexit2.o(.ARM.Collect$$rtexit$$00000003) for __rt_exit_ls
    rtexit.o(.ARM.Collect$$rtexit$$00000000) refers (Special) to rtexit2.o(.ARM.Collect$$rtexit$$00000002) for __rt_exit_prels_1
    rtexit.o(.ARM.exidx) refers (Special) to rtexit2.o(.ARM.Collect$$rtexit$$00000004) for __rt_exit_exit
    rtexit.o(.ARM.exidx) refers (Special) to rtexit2.o(.ARM.Collect$$rtexit$$00000003) for __rt_exit_ls
    rtexit.o(.ARM.exidx) refers (Special) to rtexit2.o(.ARM.Collect$$rtexit$$00000002) for __rt_exit_prels_1
    rtexit.o(.ARM.exidx) refers to rtexit.o(.ARM.Collect$$rtexit$$00000000) for .ARM.Collect$$rtexit$$00000000
    libinit2.o(.ARM.Collect$$libinit$$00000001) refers to fpinit.o(x$fpl$fpinit) for _fp_init
    libinit2.o(.ARM.Collect$$libinit$$00000010) refers to libinit2.o(.ARM.Collect$$libinit$$0000000F) for .ARM.Collect$$libinit$$0000000F
    libinit2.o(.ARM.Collect$$libinit$$00000012) refers to libinit2.o(.ARM.Collect$$libinit$$0000000F) for .ARM.Collect$$libinit$$0000000F
    libinit2.o(.ARM.Collect$$libinit$$00000014) refers to libinit2.o(.ARM.Collect$$libinit$$0000000F) for .ARM.Collect$$libinit$$0000000F
    libinit2.o(.ARM.Collect$$libinit$$00000016) refers to libinit2.o(.ARM.Collect$$libinit$$0000000F) for .ARM.Collect$$libinit$$0000000F
    libinit2.o(.ARM.Collect$$libinit$$00000018) refers to libinit2.o(.ARM.Collect$$libinit$$0000000F) for .ARM.Collect$$libinit$$0000000F
    libinit2.o(.ARM.Collect$$libinit$$00000026) refers to argv_veneer.o(.emb_text) for __ARM_argv_veneer
    libinit2.o(.ARM.Collect$$libinit$$00000027) refers to argv_veneer.o(.emb_text) for __ARM_argv_veneer
    rtexit2.o(.ARM.Collect$$rtexit$$00000003) refers to libshutdown.o(.ARM.Collect$$libshutdown$$00000000) for __rt_lib_shutdown
    rtexit2.o(.ARM.Collect$$rtexit$$00000004) refers to sys_exit.o(.text) for _sys_exit
    rtexit2.o(.ARM.exidx) refers to rtexit2.o(.ARM.Collect$$rtexit$$00000001) for .ARM.Collect$$rtexit$$00000001
    rtexit2.o(.ARM.exidx) refers to rtexit2.o(.ARM.Collect$$rtexit$$00000003) for .ARM.Collect$$rtexit$$00000003
    rtexit2.o(.ARM.exidx) refers to rtexit2.o(.ARM.Collect$$rtexit$$00000004) for .ARM.Collect$$rtexit$$00000004
    argv_veneer.o(.emb_text) refers to no_argv.o(.text) for __ARM_get_argv
    sys_exit.o(.text) refers (Special) to use_no_semi.o(.text) for __I$use$semihosting
    sys_exit.o(.text) refers (Special) to indicate_semi.o(.text) for __semihosting_library_function
    _get_argv_nomalloc.o(.text) refers (Special) to hrguard.o(.text) for __heap_region$guard
    _get_argv_nomalloc.o(.text) refers to defsig_rtmem_outer.o(.text) for __rt_SIGRTMEM
    _get_argv_nomalloc.o(.text) refers to sys_command.o(.text) for _sys_command_string
    libshutdown.o(.ARM.Collect$$libshutdown$$00000000) refers (Special) to libshutdown2.o(.ARM.Collect$$libshutdown$$00000002) for __rt_lib_shutdown_cpp_1
    libshutdown.o(.ARM.Collect$$libshutdown$$00000000) refers (Special) to libshutdown2.o(.ARM.Collect$$libshutdown$$00000007) for __rt_lib_shutdown_fp_trap_1
    libshutdown.o(.ARM.Collect$$libshutdown$$00000000) refers (Special) to libshutdown2.o(.ARM.Collect$$libshutdown$$0000000F) for __rt_lib_shutdown_heap_1
    libshutdown.o(.ARM.Collect$$libshutdown$$00000000) refers (Special) to libshutdown2.o(.ARM.Collect$$libshutdown$$00000010) for __rt_lib_shutdown_return
    libshutdown.o(.ARM.Collect$$libshutdown$$00000000) refers (Special) to libshutdown2.o(.ARM.Collect$$libshutdown$$0000000A) for __rt_lib_shutdown_signal_1
    libshutdown.o(.ARM.Collect$$libshutdown$$00000000) refers (Special) to libshutdown2.o(.ARM.Collect$$libshutdown$$00000004) for __rt_lib_shutdown_stdio_1
    libshutdown.o(.ARM.Collect$$libshutdown$$00000000) refers (Special) to libshutdown2.o(.ARM.Collect$$libshutdown$$0000000C) for __rt_lib_shutdown_user_alloc_1
    sys_command.o(.text) refers (Special) to use_no_semi.o(.text) for __I$use$semihosting
    sys_command.o(.text) refers (Special) to indicate_semi.o(.text) for __semihosting_library_function
    defsig_rtmem_outer.o(.text) refers to defsig_rtmem_inner.o(.text) for __rt_SIGRTMEM_inner
    defsig_rtmem_outer.o(.text) refers to defsig_exit.o(.text) for __sig_exit
    defsig_rtmem_formal.o(.text) refers to rt_raise.o(.text) for __rt_raise
    rt_raise.o(.text) refers to __raise.o(.text) for __raise
    rt_raise.o(.text) refers to sys_exit.o(.text) for _sys_exit
    defsig_exit.o(.text) refers to sys_exit.o(.text) for _sys_exit
    defsig_rtmem_inner.o(.text) refers to defsig_general.o(.text) for __default_signal_display
    __raise.o(.text) refers to defsig.o(CL$$defsig) for __default_signal_handler
    defsig_general.o(.text) refers to sys_wrch.o(.text) for _ttywrch
    sys_wrch.o(.text) refers (Special) to use_no_semi.o(.text) for __I$use$semihosting
    sys_wrch.o(.text) refers (Special) to indicate_semi.o(.text) for __semihosting_library_function
    defsig.o(CL$$defsig) refers to defsig_rtmem_inner.o(.text) for __rt_SIGRTMEM_inner
    defsig_abrt_inner.o(.text) refers to defsig_general.o(.text) for __default_signal_display
    defsig_fpe_inner.o(.text) refers to defsig_general.o(.text) for __default_signal_display
    defsig_rtred_inner.o(.text) refers to defsig_general.o(.text) for __default_signal_display
    defsig_stak_inner.o(.text) refers to defsig_general.o(.text) for __default_signal_display
    defsig_pvfn_inner.o(.text) refers to defsig_general.o(.text) for __default_signal_display
    defsig_cppl_inner.o(.text) refers to defsig_general.o(.text) for __default_signal_display
    defsig_segv_inner.o(.text) refers to defsig_general.o(.text) for __default_signal_display
    defsig_other.o(.text) refers to defsig_general.o(.text) for __default_signal_display


==============================================================================

Removing Unused input sections from the image.

    Removing rtx_conf_cm.o(i.__user_perthread_libspace), (36 bytes).
    Removing rtx_conf_cm.o(i._mutex_initialize), (44 bytes).
    Removing app.o(.rev16_text), (4 bytes).
    Removing app.o(.revsh_text), (4 bytes).
    Removing app.o(.rrx_text), (6 bytes).
    Removing app.o(i.GPIO_clock_disable), (40 bytes).
    Removing app.o(i.GPIO_clock_enable), (40 bytes).
    Removing app.o(i.LCD_goto), (36 bytes).
    Removing system_stm32f4xx.o(.rev16_text), (4 bytes).
    Removing system_stm32f4xx.o(.revsh_text), (4 bytes).
    Removing system_stm32f4xx.o(.rrx_text), (6 bytes).
    Removing system_stm32f4xx.o(i.SystemCoreClockUpdate), (192 bytes).
    Removing system_stm32f4xx.o(.constdata), (16 bytes).
    Removing system_stm32f4xx.o(.data), (4 bytes).
    Removing rt_task.o(i.rt_tsk_pass), (48 bytes).
    Removing rt_task.o(i.rt_tsk_prio), (140 bytes).
    Removing rt_time.o(i.rt_itv_set), (24 bytes).
    Removing rt_time.o(i.rt_itv_wait), (40 bytes).
    Removing rt_time.o(i.rt_time_get), (12 bytes).
    Removing rt_mutex.o(i.rt_mut_init), (16 bytes).
    Removing rt_system.o(.emb_text), (0 bytes).
    Removing rt_system.o(i.rt_psh_req), (32 bytes).
    Removing rt_system.o(i.rt_resume), (176 bytes).
    Removing rt_system.o(i.rt_suspend), (44 bytes).
    Removing rt_system.o(i.rt_tsk_lock), (80 bytes).
    Removing rt_system.o(i.rt_tsk_unlock), (80 bytes).
    Removing rt_list.o(i.rt_get_same_rdy_prio), (36 bytes).
    Removing rt_list.o(i.rt_psq_enq), (92 bytes).
    Removing rt_membox.o(i._calloc_box), (30 bytes).
    Removing rt_event.o(i.isr_evt_set), (40 bytes).
    Removing rt_event.o(i.rt_evt_clr), (28 bytes).
    Removing rt_event.o(i.rt_evt_get), (12 bytes).
    Removing rt_event.o(i.rt_evt_set), (96 bytes).
    Removing rt_event.o(i.rt_evt_wait), (60 bytes).
    Removing rt_mailbox.o(i.isr_mbx_receive), (86 bytes).
    Removing rt_mailbox.o(i.isr_mbx_send), (14 bytes).
    Removing rt_mailbox.o(i.rt_mbx_check), (8 bytes).
    Removing rt_mailbox.o(i.rt_mbx_init), (24 bytes).
    Removing rt_mailbox.o(i.rt_mbx_send), (164 bytes).
    Removing rt_mailbox.o(i.rt_mbx_wait), (188 bytes).
    Removing rt_semaphore.o(i.isr_sem_send), (16 bytes).
    Removing rt_semaphore.o(i.rt_sem_init), (12 bytes).
    Removing rt_semaphore.o(i.rt_sem_send), (56 bytes).
    Removing rt_semaphore.o(i.rt_sem_wait), (64 bytes).
    Removing rt_timer.o(i.rt_tmr_create), (80 bytes).
    Removing rt_timer.o(i.rt_tmr_kill), (52 bytes).

46 unused section(s) (total 2286 bytes) removed from the image.

==============================================================================

Image Symbol Table

    Local Symbols

    Symbol Name                              Value     Ov Type        Size  Object(Section)

    ../clib/angel/boardlib.s                 0x00000000   Number         0  boardinit2.o ABSOLUTE
    ../clib/angel/boardlib.s                 0x00000000   Number         0  boardinit1.o ABSOLUTE
    ../clib/angel/boardlib.s                 0x00000000   Number         0  boardshut.o ABSOLUTE
    ../clib/angel/boardlib.s                 0x00000000   Number         0  boardinit3.o ABSOLUTE
    ../clib/angel/handlers.s                 0x00000000   Number         0  __scatter_zi.o ABSOLUTE
    ../clib/angel/handlers.s                 0x00000000   Number         0  __scatter_copy.o ABSOLUTE
    ../clib/angel/kernel.s                   0x00000000   Number         0  __rtentry.o ABSOLUTE
    ../clib/angel/kernel.s                   0x00000000   Number         0  __rtentry4.o ABSOLUTE
    ../clib/angel/kernel.s                   0x00000000   Number         0  rtexit2.o ABSOLUTE
    ../clib/angel/kernel.s                   0x00000000   Number         0  rtexit.o ABSOLUTE
    ../clib/angel/kernel.s                   0x00000000   Number         0  __rtentry2.o ABSOLUTE
    ../clib/angel/rt.s                       0x00000000   Number         0  rt_raise.o ABSOLUTE
    ../clib/angel/scatter.s                  0x00000000   Number         0  __scatter.o ABSOLUTE
    ../clib/angel/startup.s                  0x00000000   Number         0  __main.o ABSOLUTE
    ../clib/angel/sys.s                      0x00000000   Number         0  use_no_semi.o ABSOLUTE
    ../clib/angel/sys.s                      0x00000000   Number         0  sys_stackheap_outer.o ABSOLUTE
    ../clib/angel/sys.s                      0x00000000   Number         0  libspace.o ABSOLUTE
    ../clib/angel/sys.s                      0x00000000   Number         0  indicate_semi.o ABSOLUTE
    ../clib/angel/sysapp.c                   0x00000000   Number         0  sys_wrch.o ABSOLUTE
    ../clib/angel/sysapp.c                   0x00000000   Number         0  sys_command.o ABSOLUTE
    ../clib/angel/sysapp.c                   0x00000000   Number         0  sys_exit.o ABSOLUTE
    ../clib/armsys.c                         0x00000000   Number         0  _get_argv_nomalloc.o ABSOLUTE
    ../clib/armsys.c                         0x00000000   Number         0  no_argv.o ABSOLUTE
    ../clib/armsys.c                         0x00000000   Number         0  argv_veneer.o ABSOLUTE
    ../clib/armsys.c                         0x00000000   Number         0  argv_veneer.o ABSOLUTE
    ../clib/heapalloc.c                      0x00000000   Number         0  hrguard.o ABSOLUTE
    ../clib/heapaux.c                        0x00000000   Number         0  heapauxi.o ABSOLUTE
    ../clib/libinit.s                        0x00000000   Number         0  libshutdown2.o ABSOLUTE
    ../clib/libinit.s                        0x00000000   Number         0  libshutdown.o ABSOLUTE
    ../clib/libinit.s                        0x00000000   Number         0  libinit.o ABSOLUTE
    ../clib/libinit.s                        0x00000000   Number         0  libinit2.o ABSOLUTE
    ../clib/printf.c                         0x00000000   Number         0  __printf_flags_ss.o ABSOLUTE
    ../clib/printf.c                         0x00000000   Number         0  __printf_wp.o ABSOLUTE
    ../clib/printf.c                         0x00000000   Number         0  __printf_flags_wp.o ABSOLUTE
    ../clib/printf.c                         0x00000000   Number         0  __printf_ss_wp.o ABSOLUTE
    ../clib/printf.c                         0x00000000   Number         0  __printf_flags_ss_wp.o ABSOLUTE
    ../clib/printf.c                         0x00000000   Number         0  __printf_flags.o ABSOLUTE
    ../clib/printf.c                         0x00000000   Number         0  _printf_intcommon.o ABSOLUTE
    ../clib/printf.c                         0x00000000   Number         0  _printf_char_common.o ABSOLUTE
    ../clib/printf.c                         0x00000000   Number         0  _sputc.o ABSOLUTE
    ../clib/printf.c                         0x00000000   Number         0  __2sprintf.o ABSOLUTE
    ../clib/printf.c                         0x00000000   Number         0  __printf_ss.o ABSOLUTE
    ../clib/printf.c                         0x00000000   Number         0  __printf_nopercent.o ABSOLUTE
    ../clib/printf.c                         0x00000000   Number         0  _printf_dec.o ABSOLUTE
    ../clib/printf.c                         0x00000000   Number         0  __printf.o ABSOLUTE
    ../clib/printf.c                         0x00000000   Number         0  noretval__2sprintf.o ABSOLUTE
    ../clib/printf_percent.s                 0x00000000   Number         0  _printf_percent.o ABSOLUTE
    ../clib/printf_percent.s                 0x00000000   Number         0  _printf_d.o ABSOLUTE
    ../clib/printf_percent.s                 0x00000000   Number         0  _printf_percent_end.o ABSOLUTE
    ../clib/signal.c                         0x00000000   Number         0  defsig_rtmem_formal.o ABSOLUTE
    ../clib/signal.c                         0x00000000   Number         0  defsig_rtmem_outer.o ABSOLUTE
    ../clib/signal.c                         0x00000000   Number         0  defsig_pvfn_inner.o ABSOLUTE
    ../clib/signal.c                         0x00000000   Number         0  __raise.o ABSOLUTE
    ../clib/signal.c                         0x00000000   Number         0  defsig_abrt_inner.o ABSOLUTE
    ../clib/signal.c                         0x00000000   Number         0  defsig_cppl_inner.o ABSOLUTE
    ../clib/signal.c                         0x00000000   Number         0  defsig_exit.o ABSOLUTE
    ../clib/signal.c                         0x00000000   Number         0  defsig_rtmem_inner.o ABSOLUTE
    ../clib/signal.c                         0x00000000   Number         0  defsig_general.o ABSOLUTE
    ../clib/signal.c                         0x00000000   Number         0  defsig_fpe_inner.o ABSOLUTE
    ../clib/signal.c                         0x00000000   Number         0  defsig_rtred_inner.o ABSOLUTE
    ../clib/signal.c                         0x00000000   Number         0  defsig_stak_inner.o ABSOLUTE
    ../clib/signal.c                         0x00000000   Number         0  defsig_other.o ABSOLUTE
    ../clib/signal.c                         0x00000000   Number         0  defsig_segv_inner.o ABSOLUTE
    ../clib/signal.s                         0x00000000   Number         0  defsig.o ABSOLUTE
    ../clib/stdlib.c                         0x00000000   Number         0  exit.o ABSOLUTE
    ../clib/string.c                         0x00000000   Number         0  strlen.o ABSOLUTE
    ../fplib/fpinit.s                        0x00000000   Number         0  fpinit.o ABSOLUTE
    ..\..\..\src\app.c                       0x00000000   Number         0  app.o ABSOLUTE
    ..\..\config\RTX_Conf_CM.c               0x00000000   Number         0  rtx_conf_cm.o ABSOLUTE
    ..\\..\\..\\src\\app.c                   0x00000000   Number         0  app.o ABSOLUTE
    RTE\Device\STM32F407VGTx\startup_stm32f407xx.s 0x00000000   Number         0  startup_stm32f407xx.o ABSOLUTE
    RTE\Device\STM32F407VGTx\system_stm32f4xx.c 0x00000000   Number         0  system_stm32f4xx.o ABSOLUTE
    RTE\\Device\\STM32F407VGTx\\system_stm32f4xx.c 0x00000000   Number         0  system_stm32f4xx.o ABSOLUTE
    SRC\CM\HAL_CM4.c                         0x00000000   Number         0  hal_cm4.o ABSOLUTE
    SRC\CM\SVC_Table.s                       0x00000000   Number         0  svc_table.o ABSOLUTE
    SRC\CM\rt_Event.c                        0x00000000   Number         0  rt_event.o ABSOLUTE
    SRC\CM\rt_List.c                         0x00000000   Number         0  rt_list.o ABSOLUTE
    SRC\CM\rt_Mailbox.c                      0x00000000   Number         0  rt_mailbox.o ABSOLUTE
    SRC\CM\rt_MemBox.c                       0x00000000   Number         0  rt_membox.o ABSOLUTE
    SRC\CM\rt_Mutex.c                        0x00000000   Number         0  rt_mutex.o ABSOLUTE
    SRC\CM\rt_Robin.c                        0x00000000   Number         0  rt_robin.o ABSOLUTE
    SRC\CM\rt_Semaphore.c                    0x00000000   Number         0  rt_semaphore.o ABSOLUTE
    SRC\CM\rt_System.c                       0x00000000   Number         0  rt_system.o ABSOLUTE
    SRC\CM\rt_Task.c                         0x00000000   Number         0  rt_task.o ABSOLUTE
    SRC\CM\rt_Time.c                         0x00000000   Number         0  rt_time.o ABSOLUTE
    SRC\CM\rt_Timer.c                        0x00000000   Number         0  rt_timer.o ABSOLUTE
    SRC\\CM\\HAL_CM4.c                       0x00000000   Number         0  hal_cm4.o ABSOLUTE
    SRC\\CM\\rt_System.c                     0x00000000   Number         0  rt_system.o ABSOLUTE
    dc.s                                     0x00000000   Number         0  dc.o ABSOLUTE
    RESET                                    0x08000000   Section      392  startup_stm32f407xx.o(RESET)
    !!!main                                  0x08000188   Section        8  __main.o(!!!main)
    !!!scatter                               0x08000190   Section       52  __scatter.o(!!!scatter)
    !!handler_copy                           0x080001c4   Section       26  __scatter_copy.o(!!handler_copy)
    !!handler_zi                             0x080001e0   Section       28  __scatter_zi.o(!!handler_zi)
    .ARM.Collect$$_printf_percent$$00000000  0x080001fc   Section        0  _printf_percent.o(.ARM.Collect$$_printf_percent$$00000000)
    .ARM.Collect$$_printf_percent$$00000009  0x080001fc   Section        6  _printf_d.o(.ARM.Collect$$_printf_percent$$00000009)
    .ARM.Collect$$_printf_percent$$00000017  0x08000202   Section        4  _printf_percent_end.o(.ARM.Collect$$_printf_percent$$00000017)
    .ARM.Collect$$libinit$$00000000          0x08000206   Section        2  libinit.o(.ARM.Collect$$libinit$$00000000)
    .ARM.Collect$$libinit$$00000001          0x08000208   Section        4  libinit2.o(.ARM.Collect$$libinit$$00000001)
    .ARM.Collect$$libinit$$00000004          0x0800020c   Section        0  libinit2.o(.ARM.Collect$$libinit$$00000004)
    .ARM.Collect$$libinit$$0000000A          0x0800020c   Section        0  libinit2.o(.ARM.Collect$$libinit$$0000000A)
    .ARM.Collect$$libinit$$0000000C          0x0800020c   Section        0  libinit2.o(.ARM.Collect$$libinit$$0000000C)
    .ARM.Collect$$libinit$$0000000E          0x0800020c   Section        0  libinit2.o(.ARM.Collect$$libinit$$0000000E)
    .ARM.Collect$$libinit$$00000011          0x0800020c   Section        0  libinit2.o(.ARM.Collect$$libinit$$00000011)
    .ARM.Collect$$libinit$$00000013          0x0800020c   Section        0  libinit2.o(.ARM.Collect$$libinit$$00000013)
    .ARM.Collect$$libinit$$00000015          0x0800020c   Section        0  libinit2.o(.ARM.Collect$$libinit$$00000015)
    .ARM.Collect$$libinit$$00000017          0x0800020c   Section        0  libinit2.o(.ARM.Collect$$libinit$$00000017)
    .ARM.Collect$$libinit$$00000019          0x0800020c   Section        0  libinit2.o(.ARM.Collect$$libinit$$00000019)
    .ARM.Collect$$libinit$$0000001B          0x0800020c   Section        0  libinit2.o(.ARM.Collect$$libinit$$0000001B)
    .ARM.Collect$$libinit$$0000001D          0x0800020c   Section        0  libinit2.o(.ARM.Collect$$libinit$$0000001D)
    .ARM.Collect$$libinit$$0000001F          0x0800020c   Section        0  libinit2.o(.ARM.Collect$$libinit$$0000001F)
    .ARM.Collect$$libinit$$00000021          0x0800020c   Section        0  libinit2.o(.ARM.Collect$$libinit$$00000021)
    .ARM.Collect$$libinit$$00000023          0x0800020c   Section        0  libinit2.o(.ARM.Collect$$libinit$$00000023)
    .ARM.Collect$$libinit$$00000025          0x0800020c   Section        0  libinit2.o(.ARM.Collect$$libinit$$00000025)
    .ARM.Collect$$libinit$$0000002C          0x0800020c   Section        0  libinit2.o(.ARM.Collect$$libinit$$0000002C)
    .ARM.Collect$$libinit$$0000002E          0x0800020c   Section        0  libinit2.o(.ARM.Collect$$libinit$$0000002E)
    .ARM.Collect$$libinit$$00000030          0x0800020c   Section        0  libinit2.o(.ARM.Collect$$libinit$$00000030)
    .ARM.Collect$$libinit$$00000032          0x0800020c   Section        0  libinit2.o(.ARM.Collect$$libinit$$00000032)
    .ARM.Collect$$libinit$$00000033          0x0800020c   Section        2  libinit2.o(.ARM.Collect$$libinit$$00000033)
    .ARM.Collect$$libshutdown$$00000000      0x0800020e   Section        2  libshutdown.o(.ARM.Collect$$libshutdown$$00000000)
    .ARM.Collect$$libshutdown$$00000002      0x08000210   Section        0  libshutdown2.o(.ARM.Collect$$libshutdown$$00000002)
    .ARM.Collect$$libshutdown$$00000004      0x08000210   Section        0  libshutdown2.o(.ARM.Collect$$libshutdown$$00000004)
    .ARM.Collect$$libshutdown$$00000007      0x08000210   Section        0  libshutdown2.o(.ARM.Collect$$libshutdown$$00000007)
    .ARM.Collect$$libshutdown$$0000000A      0x08000210   Section        0  libshutdown2.o(.ARM.Collect$$libshutdown$$0000000A)
    .ARM.Collect$$libshutdown$$0000000C      0x08000210   Section        0  libshutdown2.o(.ARM.Collect$$libshutdown$$0000000C)
    .ARM.Collect$$libshutdown$$0000000F      0x08000210   Section        0  libshutdown2.o(.ARM.Collect$$libshutdown$$0000000F)
    .ARM.Collect$$libshutdown$$00000010      0x08000210   Section        2  libshutdown2.o(.ARM.Collect$$libshutdown$$00000010)
    .ARM.Collect$$rtentry$$00000000          0x08000212   Section        0  __rtentry.o(.ARM.Collect$$rtentry$$00000000)
    .ARM.Collect$$rtentry$$00000002          0x08000212   Section        0  __rtentry2.o(.ARM.Collect$$rtentry$$00000002)
    .ARM.Collect$$rtentry$$00000004          0x08000212   Section        6  __rtentry4.o(.ARM.Collect$$rtentry$$00000004)
    .ARM.Collect$$rtentry$$00000009          0x08000218   Section        0  __rtentry2.o(.ARM.Collect$$rtentry$$00000009)
    .ARM.Collect$$rtentry$$0000000A          0x08000218   Section        4  __rtentry2.o(.ARM.Collect$$rtentry$$0000000A)
    .ARM.Collect$$rtentry$$0000000C          0x0800021c   Section        0  __rtentry2.o(.ARM.Collect$$rtentry$$0000000C)
    .ARM.Collect$$rtentry$$0000000D          0x0800021c   Section        8  __rtentry2.o(.ARM.Collect$$rtentry$$0000000D)
    .ARM.Collect$$rtexit$$00000000           0x08000224   Section        2  rtexit.o(.ARM.Collect$$rtexit$$00000000)
    .ARM.Collect$$rtexit$$00000002           0x08000226   Section        0  rtexit2.o(.ARM.Collect$$rtexit$$00000002)
    .ARM.Collect$$rtexit$$00000003           0x08000226   Section        4  rtexit2.o(.ARM.Collect$$rtexit$$00000003)
    .ARM.Collect$$rtexit$$00000004           0x0800022a   Section        6  rtexit2.o(.ARM.Collect$$rtexit$$00000004)
    .emb_text                                0x08000230   Section      436  hal_cm4.o(.emb_text)
    $v0                                      0x08000230   Number         0  hal_cm4.o(.emb_text)
    .text                                    0x080003e4   Section       64  startup_stm32f407xx.o(.text)
    $v0                                      0x080003e4   Number         0  startup_stm32f407xx.o(.text)
    .text                                    0x08000424   Section        8  libspace.o(.text)
    .text                                    0x0800042c   Section        0  noretval__2sprintf.o(.text)
    .text                                    0x08000454   Section        0  __printf.o(.text)
    .text                                    0x080004bc   Section        0  _printf_dec.o(.text)
    .text                                    0x08000534   Section        0  strlen.o(.text)
    .text                                    0x08000572   Section        0  heapauxi.o(.text)
    .text                                    0x08000578   Section        0  _printf_intcommon.o(.text)
    .text                                    0x0800062c   Section        0  _printf_char_common.o(.text)
    _printf_input_char                       0x0800062d   Thumb Code    10  _printf_char_common.o(.text)
    .text                                    0x0800065c   Section        0  _sputc.o(.text)
    .text                                    0x08000666   Section       74  sys_stackheap_outer.o(.text)
    .text                                    0x080006b0   Section        0  exit.o(.text)
    .text                                    0x080006c4   Section        0  sys_exit.o(.text)
    .text                                    0x080006d0   Section        2  use_no_semi.o(.text)
    .text                                    0x080006d2   Section        0  indicate_semi.o(.text)
    SVC_TABLE                                0x080006d4   Section        4  svc_table.o(SVC_TABLE)
    i.KBD_Control                            0x080006d8   Section        0  app.o(i.KBD_Control)
    i.KBD_activateRow                        0x0800077c   Section        0  app.o(i.KBD_activateRow)
    KBD_activateRow                          0x0800077d   Thumb Code    84  app.o(i.KBD_activateRow)
    i.KBD_findKeyInRow                       0x080007d4   Section        0  app.o(i.KBD_findKeyInRow)
    i.KBD_read                               0x08000854   Section        0  app.o(i.KBD_read)
    i.KBD_setup                              0x080008e0   Section        0  app.o(i.KBD_setup)
    i.LCD_Control                            0x08000934   Section        0  app.o(i.LCD_Control)
    i.LCD_io_setup                           0x08000af0   Section        0  app.o(i.LCD_io_setup)
    LCD_io_setup                             0x08000af1   Thumb Code    28  app.o(i.LCD_io_setup)
    i.LCD_print                              0x08000b0c   Section        0  app.o(i.LCD_print)
    i.LCD_set                                0x08000b2a   Section        0  app.o(i.LCD_set)
    LCD_set                                  0x08000b2b   Thumb Code    36  app.o(i.LCD_set)
    i.LCD_setup                              0x08000b4e   Section        0  app.o(i.LCD_setup)
    i.LCD_symbol                             0x08000bba   Section        0  app.o(i.LCD_symbol)
    i.LCD_write_nibble                       0x08000be0   Section        0  app.o(i.LCD_write_nibble)
    LCD_write_nibble                         0x08000be1   Thumb Code    98  app.o(i.LCD_write_nibble)
    i.LED_Control                            0x08000c44   Section        0  app.o(i.LED_Control)
    i.LED_setup                              0x08000d24   Section        0  app.o(i.LED_setup)
    i.SystemInit                             0x08000dbc   Section        0  system_stm32f4xx.o(i.SystemInit)
    i._init_box                              0x08000e20   Section        0  rt_membox.o(i._init_box)
    i._mutex_acquire                         0x08000e68   Section        0  rtx_conf_cm.o(i._mutex_acquire)
    __tagsym$$used                           0x08000e69   Number         0  rtx_conf_cm.o(i._mutex_acquire)
    i._mutex_release                         0x08000e88   Section        0  rtx_conf_cm.o(i._mutex_release)
    __tagsym$$used                           0x08000e89   Number         0  rtx_conf_cm.o(i._mutex_release)
    i.dbg_init                               0x08000ea4   Section        0  hal_cm4.o(i.dbg_init)
    i.dbg_task_notify                        0x08000ed4   Section        0  hal_cm4.o(i.dbg_task_notify)
    i.dbg_task_switch                        0x08000ef4   Section        0  hal_cm4.o(i.dbg_task_switch)
    i.delay_ms                               0x08000f04   Section        0  app.o(i.delay_ms)
    delay_ms                                 0x08000f05   Thumb Code    16  app.o(i.delay_ms)
    i.delay_us                               0x08000f14   Section        0  app.o(i.delay_us)
    delay_us                                 0x08000f15   Thumb Code    14  app.o(i.delay_us)
    i.io_get                                 0x08000f28   Section        0  app.o(i.io_get)
    io_get                                   0x08000f29   Thumb Code    36  app.o(i.io_get)
    i.io_pin                                 0x08000f4c   Section        0  app.o(i.io_pin)
    io_pin                                   0x08000f4d   Thumb Code     8  app.o(i.io_pin)
    i.io_port                                0x08000f54   Section        0  app.o(i.io_port)
    io_port                                  0x08000f55   Thumb Code    22  app.o(i.io_port)
    i.io_port_source                         0x08000f70   Section        0  app.o(i.io_port_source)
    io_port_source                           0x08000f71   Thumb Code    10  app.o(i.io_port_source)
    i.io_read                                0x08000f80   Section        0  app.o(i.io_read)
    io_read                                  0x08000f81   Thumb Code    36  app.o(i.io_read)
    i.io_set                                 0x08000fa4   Section        0  app.o(i.io_set)
    io_set                                   0x08000fa5   Thumb Code    42  app.o(i.io_set)
    i.main                                   0x08000fd0   Section        0  app.o(i.main)
    i.os_error                               0x08000ff0   Section        0  rtx_conf_cm.o(i.os_error)
    i.os_idle_demon                          0x08000ff4   Section        0  rtx_conf_cm.o(i.os_idle_demon)
    i.os_tick_init                           0x08000ff8   Section        0  rt_system.o(i.os_tick_init)
    i.os_tick_irqack                         0x08001020   Section        0  rt_system.o(i.os_tick_irqack)
    i.os_tmr_call                            0x08001022   Section        0  rtx_conf_cm.o(i.os_tmr_call)
    i.pin_enable                             0x08001028   Section        0  app.o(i.pin_enable)
    pin_enable                               0x08001029   Thumb Code    34  app.o(i.pin_enable)
    i.pin_mode                               0x08001050   Section        0  app.o(i.pin_mode)
    pin_mode                                 0x08001051   Thumb Code    62  app.o(i.pin_mode)
    i.pin_setup                              0x0800108e   Section        0  app.o(i.pin_setup)
    pin_setup                                0x0800108f   Thumb Code   228  app.o(i.pin_setup)
    i.rt_alloc_box                           0x08001172   Section        0  rt_membox.o(i.rt_alloc_box)
    i.rt_block                               0x0800118c   Section        0  rt_task.o(i.rt_block)
    i.rt_chk_robin                           0x080011c4   Section        0  rt_robin.o(i.rt_chk_robin)
    i.rt_dec_dly                             0x0800120c   Section        0  rt_list.o(i.rt_dec_dly)
    i.rt_dispatch                            0x08001280   Section        0  rt_task.o(i.rt_dispatch)
    i.rt_dly_wait                            0x080012c4   Section        0  rt_time.o(i.rt_dly_wait)
    i.rt_evt_psh                             0x080012cc   Section        0  rt_event.o(i.rt_evt_psh)
    i.rt_free_box                            0x08001318   Section        0  rt_membox.o(i.rt_free_box)
    i.rt_get_first                           0x08001338   Section        0  rt_list.o(i.rt_get_first)
    i.rt_init_context                        0x08001360   Section        0  rt_task.o(i.rt_init_context)
    rt_init_context                          0x08001361   Thumb Code    70  rt_task.o(i.rt_init_context)
    i.rt_init_robin                          0x080013ac   Section        0  rt_robin.o(i.rt_init_robin)
    i.rt_init_stack                          0x080013c4   Section        0  hal_cm4.o(i.rt_init_stack)
    i.rt_mbx_psh                             0x08001414   Section        0  rt_mailbox.o(i.rt_mbx_psh)
    i.rt_mut_release                         0x080014e8   Section        0  rt_mutex.o(i.rt_mut_release)
    i.rt_mut_wait                            0x080015cc   Section        0  rt_mutex.o(i.rt_mut_wait)
    i.rt_pop_req                             0x08001634   Section        0  rt_system.o(i.rt_pop_req)
    i.rt_put_dly                             0x080016b0   Section        0  rt_list.o(i.rt_put_dly)
    i.rt_put_prio                            0x080016f8   Section        0  rt_list.o(i.rt_put_prio)
    i.rt_put_rdy_first                       0x08001730   Section        0  rt_list.o(i.rt_put_rdy_first)
    i.rt_resort_prio                         0x08001744   Section        0  rt_list.o(i.rt_resort_prio)
    i.rt_rmv_dly                             0x08001778   Section        0  rt_list.o(i.rt_rmv_dly)
    i.rt_rmv_list                            0x080017a0   Section        0  rt_list.o(i.rt_rmv_list)
    i.rt_sem_psh                             0x080017d0   Section        0  rt_semaphore.o(i.rt_sem_psh)
    i.rt_stk_check                           0x08001804   Section        0  rt_system.o(i.rt_stk_check)
    i.rt_switch_req                          0x08001828   Section        0  rt_task.o(i.rt_switch_req)
    i.rt_sys_init                            0x08001850   Section        0  rt_task.o(i.rt_sys_init)
    i.rt_systick                             0x080019a4   Section        0  rt_system.o(i.rt_systick)
    i.rt_tmr_tick                            0x080019e4   Section        0  rt_timer.o(i.rt_tmr_tick)
    i.rt_tsk_create                          0x08001a24   Section        0  rt_task.o(i.rt_tsk_create)
    i.rt_tsk_delete                          0x08001ab4   Section        0  rt_task.o(i.rt_tsk_delete)
    i.rt_tsk_self                            0x08001c20   Section        0  rt_task.o(i.rt_tsk_self)
    i.setup                                  0x08001c30   Section        0  app.o(i.setup)
    x$fpl$fpinit                             0x08001ca0   Section       10  fpinit.o(x$fpl$fpinit)
    $v0                                      0x08001ca0   Number         0  fpinit.o(x$fpl$fpinit)
    .constdata                               0x08001cac   Section       40  rtx_conf_cm.o(.constdata)
    __tagsym$$used                           0x08001cc0   Number         0  rtx_conf_cm.o(.constdata)
    __tagsym$$used                           0x08001cc4   Number         0  rtx_conf_cm.o(.constdata)
    .constdata                               0x08001cd4   Section        9  app.o(.constdata)
    .constdata                               0x08001ce0   Section        4  rt_system.o(.constdata)
    __tagsym$$used                           0x08001ce0   Number         0  rt_system.o(.constdata)
    .data                                    0x20000000   Section        8  rtx_conf_cm.o(.data)
    nr_mutex                                 0x20000004   Data           4  rtx_conf_cm.o(.data)
    .data                                    0x20000008   Section       48  app.o(.data)
    STM32_port_name                          0x20000008   Data           9  app.o(.data)
    KBD_MAP                                  0x20000011   Data          12  app.o(.data)
    .data                                    0x20000038   Section        8  rt_task.o(.data)
    .data                                    0x20000040   Section        4  rt_time.o(.data)
    .data                                    0x20000044   Section        1  hal_cm4.o(.data)
    .data                                    0x20000048   Section        8  rt_system.o(.data)
    os_lock                                  0x20000048   Data           1  rt_system.o(.data)
    os_psh_flag                              0x20000049   Data           1  rt_system.o(.data)
    pend_flags                               0x2000004a   Data           1  rt_system.o(.data)
    .data                                    0x20000050   Section        8  rt_robin.o(.data)
    .data                                    0x20000058   Section        8  rt_timer.o(.data)
    .bss                                     0x20000060   Section     7484  rtx_conf_cm.o(.bss)
    std_libspace                             0x2000195c   Data         960  rtx_conf_cm.o(.bss)
    std_libmutex                             0x20001d1c   Data         128  rtx_conf_cm.o(.bss)
    .bss                                     0x20001d9c   Section       16  app.o(.bss)
    .bss                                     0x20001dac   Section       56  rt_task.o(.bss)
    .bss                                     0x20001de4   Section       48  rt_list.o(.bss)
    .bss                                     0x20001e14   Section       96  libspace.o(.bss)
    HEAP                                     0x20001e78   Section      512  startup_stm32f407xx.o(HEAP)
    Heap_Mem                                 0x20001e78   Data         512  startup_stm32f407xx.o(HEAP)
    STACK                                    0x20002078   Section     1024  startup_stm32f407xx.o(STACK)
    Stack_Mem                                0x20002078   Data        1024  startup_stm32f407xx.o(STACK)
    __initial_sp                             0x20002478   Data           0  startup_stm32f407xx.o(STACK)

    Global Symbols

    Symbol Name                              Value     Ov Type        Size  Object(Section)

    BuildAttributes$$THM_ISAv4$E$P$D$K$B$S$7EM$VFPi3$EXTD16$VFPS$VFMA$PE$A:L22UL41UL21$X:L11$S22US41US21$IEEE1$IW$USESV6$~STKCKD$USESV7$~SHL$OSPACE$ROPI$EBA8$UX$STANDARDLIB$REQ8$PRES8$EABIv2 0x00000000   Number         0  anon$$obj.o ABSOLUTE
    __ARM_use_no_argv                        0x00000000   Number         0  app.o ABSOLUTE
    __ARM_exceptions_init                     - Undefined Weak Reference
    __alloca_initialize                       - Undefined Weak Reference
    __arm_preinit_                            - Undefined Weak Reference
    __cpp_initialize__aeabi_                  - Undefined Weak Reference
    __cxa_finalize                            - Undefined Weak Reference
    __rt_locale                               - Undefined Weak Reference
    __sigvec_lookup                           - Undefined Weak Reference
    _atexit_init                              - Undefined Weak Reference
    _call_atexit_fns                          - Undefined Weak Reference
    _clock_init                               - Undefined Weak Reference
    _fp_trap_init                             - Undefined Weak Reference
    _fp_trap_shutdown                         - Undefined Weak Reference
    _get_lc_collate                           - Undefined Weak Reference
    _get_lc_ctype                             - Undefined Weak Reference
    _get_lc_monetary                          - Undefined Weak Reference
    _get_lc_numeric                           - Undefined Weak Reference
    _get_lc_time                              - Undefined Weak Reference
    _getenv_init                              - Undefined Weak Reference
    _handle_redirection                       - Undefined Weak Reference
    _init_alloc                               - Undefined Weak Reference
    _init_user_alloc                          - Undefined Weak Reference
    _initio                                   - Undefined Weak Reference
    _printf_post_padding                      - Undefined Weak Reference
    _printf_pre_padding                       - Undefined Weak Reference
    _printf_truncate_signed                   - Undefined Weak Reference
    _printf_truncate_unsigned                 - Undefined Weak Reference
    _rand_init                                - Undefined Weak Reference
    _signal_finish                            - Undefined Weak Reference
    _signal_init                              - Undefined Weak Reference
    _terminate_alloc                          - Undefined Weak Reference
    _terminate_user_alloc                     - Undefined Weak Reference
    _terminateio                              - Undefined Weak Reference
    __Vectors_Size                           0x00000188   Number         0  startup_stm32f407xx.o ABSOLUTE
    __RL_RTX_VER                             0x00000475   Number         0  rt_system.o ABSOLUTE
    __Vectors                                0x08000000   Data           4  startup_stm32f407xx.o(RESET)
    __Vectors_End                            0x08000188   Data           0  startup_stm32f407xx.o(RESET)
    __main                                   0x08000189   Thumb Code     8  __main.o(!!!main)
    __scatterload                            0x08000191   Thumb Code     0  __scatter.o(!!!scatter)
    __scatterload_rt2                        0x08000191   Thumb Code    44  __scatter.o(!!!scatter)
    __scatterload_rt2_thumb_only             0x08000191   Thumb Code     0  __scatter.o(!!!scatter)
    __scatterload_null                       0x0800019f   Thumb Code     0  __scatter.o(!!!scatter)
    __scatterload_copy                       0x080001c5   Thumb Code    26  __scatter_copy.o(!!handler_copy)
    __scatterload_zeroinit                   0x080001e1   Thumb Code    28  __scatter_zi.o(!!handler_zi)
    _printf_d                                0x080001fd   Thumb Code     0  _printf_d.o(.ARM.Collect$$_printf_percent$$00000009)
    _printf_percent                          0x080001fd   Thumb Code     0  _printf_percent.o(.ARM.Collect$$_printf_percent$$00000000)
    _printf_percent_end                      0x08000203   Thumb Code     0  _printf_percent_end.o(.ARM.Collect$$_printf_percent$$00000017)
    __rt_lib_init                            0x08000207   Thumb Code     0  libinit.o(.ARM.Collect$$libinit$$00000000)
    __rt_lib_init_fp_1                       0x08000209   Thumb Code     0  libinit2.o(.ARM.Collect$$libinit$$00000001)
    __rt_lib_init_alloca_1                   0x0800020d   Thumb Code     0  libinit2.o(.ARM.Collect$$libinit$$0000002E)
    __rt_lib_init_argv_1                     0x0800020d   Thumb Code     0  libinit2.o(.ARM.Collect$$libinit$$0000002C)
    __rt_lib_init_atexit_1                   0x0800020d   Thumb Code     0  libinit2.o(.ARM.Collect$$libinit$$0000001B)
    __rt_lib_init_clock_1                    0x0800020d   Thumb Code     0  libinit2.o(.ARM.Collect$$libinit$$00000021)
    __rt_lib_init_cpp_1                      0x0800020d   Thumb Code     0  libinit2.o(.ARM.Collect$$libinit$$00000032)
    __rt_lib_init_exceptions_1               0x0800020d   Thumb Code     0  libinit2.o(.ARM.Collect$$libinit$$00000030)
    __rt_lib_init_fp_trap_1                  0x0800020d   Thumb Code     0  libinit2.o(.ARM.Collect$$libinit$$0000001F)
    __rt_lib_init_getenv_1                   0x0800020d   Thumb Code     0  libinit2.o(.ARM.Collect$$libinit$$00000023)
    __rt_lib_init_heap_1                     0x0800020d   Thumb Code     0  libinit2.o(.ARM.Collect$$libinit$$0000000A)
    __rt_lib_init_lc_collate_1               0x0800020d   Thumb Code     0  libinit2.o(.ARM.Collect$$libinit$$00000011)
    __rt_lib_init_lc_ctype_1                 0x0800020d   Thumb Code     0  libinit2.o(.ARM.Collect$$libinit$$00000013)
    __rt_lib_init_lc_monetary_1              0x0800020d   Thumb Code     0  libinit2.o(.ARM.Collect$$libinit$$00000015)
    __rt_lib_init_lc_numeric_1               0x0800020d   Thumb Code     0  libinit2.o(.ARM.Collect$$libinit$$00000017)
    __rt_lib_init_lc_time_1                  0x0800020d   Thumb Code     0  libinit2.o(.ARM.Collect$$libinit$$00000019)
    __rt_lib_init_preinit_1                  0x0800020d   Thumb Code     0  libinit2.o(.ARM.Collect$$libinit$$00000004)
    __rt_lib_init_rand_1                     0x0800020d   Thumb Code     0  libinit2.o(.ARM.Collect$$libinit$$0000000E)
    __rt_lib_init_return                     0x0800020d   Thumb Code     0  libinit2.o(.ARM.Collect$$libinit$$00000033)
    __rt_lib_init_signal_1                   0x0800020d   Thumb Code     0  libinit2.o(.ARM.Collect$$libinit$$0000001D)
    __rt_lib_init_stdio_1                    0x0800020d   Thumb Code     0  libinit2.o(.ARM.Collect$$libinit$$00000025)
    __rt_lib_init_user_alloc_1               0x0800020d   Thumb Code     0  libinit2.o(.ARM.Collect$$libinit$$0000000C)
    __rt_lib_shutdown                        0x0800020f   Thumb Code     0  libshutdown.o(.ARM.Collect$$libshutdown$$00000000)
    __rt_lib_shutdown_cpp_1                  0x08000211   Thumb Code     0  libshutdown2.o(.ARM.Collect$$libshutdown$$00000002)
    __rt_lib_shutdown_fp_trap_1              0x08000211   Thumb Code     0  libshutdown2.o(.ARM.Collect$$libshutdown$$00000007)
    __rt_lib_shutdown_heap_1                 0x08000211   Thumb Code     0  libshutdown2.o(.ARM.Collect$$libshutdown$$0000000F)
    __rt_lib_shutdown_return                 0x08000211   Thumb Code     0  libshutdown2.o(.ARM.Collect$$libshutdown$$00000010)
    __rt_lib_shutdown_signal_1               0x08000211   Thumb Code     0  libshutdown2.o(.ARM.Collect$$libshutdown$$0000000A)
    __rt_lib_shutdown_stdio_1                0x08000211   Thumb Code     0  libshutdown2.o(.ARM.Collect$$libshutdown$$00000004)
    __rt_lib_shutdown_user_alloc_1           0x08000211   Thumb Code     0  libshutdown2.o(.ARM.Collect$$libshutdown$$0000000C)
    __rt_entry                               0x08000213   Thumb Code     0  __rtentry.o(.ARM.Collect$$rtentry$$00000000)
    __rt_entry_presh_1                       0x08000213   Thumb Code     0  __rtentry2.o(.ARM.Collect$$rtentry$$00000002)
    __rt_entry_sh                            0x08000213   Thumb Code     0  __rtentry4.o(.ARM.Collect$$rtentry$$00000004)
    __rt_entry_li                            0x08000219   Thumb Code     0  __rtentry2.o(.ARM.Collect$$rtentry$$0000000A)
    __rt_entry_postsh_1                      0x08000219   Thumb Code     0  __rtentry2.o(.ARM.Collect$$rtentry$$00000009)
    __rt_entry_main                          0x0800021d   Thumb Code     0  __rtentry2.o(.ARM.Collect$$rtentry$$0000000D)
    __rt_entry_postli_1                      0x0800021d   Thumb Code     0  __rtentry2.o(.ARM.Collect$$rtentry$$0000000C)
    __rt_exit                                0x08000225   Thumb Code     0  rtexit.o(.ARM.Collect$$rtexit$$00000000)
    __rt_exit_ls                             0x08000227   Thumb Code     0  rtexit2.o(.ARM.Collect$$rtexit$$00000003)
    __rt_exit_prels_1                        0x08000227   Thumb Code     0  rtexit2.o(.ARM.Collect$$rtexit$$00000002)
    __rt_exit_exit                           0x0800022b   Thumb Code     0  rtexit2.o(.ARM.Collect$$rtexit$$00000004)
    rt_set_PSP                               0x08000231   Thumb Code     6  hal_cm4.o(.emb_text)
    rt_get_PSP                               0x08000237   Thumb Code     6  hal_cm4.o(.emb_text)
    os_set_env                               0x0800023d   Thumb Code    24  hal_cm4.o(.emb_text)
    _alloc_box                               0x08000259   Thumb Code    28  hal_cm4.o(.emb_text)
    _free_box                                0x08000279   Thumb Code    28  hal_cm4.o(.emb_text)
    SVC_Handler                              0x08000299   Thumb Code   180  hal_cm4.o(.emb_text)
    PendSV_Handler                           0x0800035d   Thumb Code   112  hal_cm4.o(.emb_text)
    SysTick_Handler                          0x080003d1   Thumb Code     8  hal_cm4.o(.emb_text)
    OS_Tick_Handler                          0x080003d9   Thumb Code    12  hal_cm4.o(.emb_text)
    Reset_Handler                            0x080003e5   Thumb Code     8  startup_stm32f407xx.o(.text)
    NMI_Handler                              0x080003ed   Thumb Code     2  startup_stm32f407xx.o(.text)
    HardFault_Handler                        0x080003ef   Thumb Code     2  startup_stm32f407xx.o(.text)
    MemManage_Handler                        0x080003f1   Thumb Code     2  startup_stm32f407xx.o(.text)
    BusFault_Handler                         0x080003f3   Thumb Code     2  startup_stm32f407xx.o(.text)
    UsageFault_Handler                       0x080003f5   Thumb Code     2  startup_stm32f407xx.o(.text)
    DebugMon_Handler                         0x080003f9   Thumb Code     2  startup_stm32f407xx.o(.text)
    ADC_IRQHandler                           0x080003ff   Thumb Code     0  startup_stm32f407xx.o(.text)
    CAN1_RX0_IRQHandler                      0x080003ff   Thumb Code     0  startup_stm32f407xx.o(.text)
    CAN1_RX1_IRQHandler                      0x080003ff   Thumb Code     0  startup_stm32f407xx.o(.text)
    CAN1_SCE_IRQHandler                      0x080003ff   Thumb Code     0  startup_stm32f407xx.o(.text)
    CAN1_TX_IRQHandler                       0x080003ff   Thumb Code     0  startup_stm32f407xx.o(.text)
    CAN2_RX0_IRQHandler                      0x080003ff   Thumb Code     0  startup_stm32f407xx.o(.text)
    CAN2_RX1_IRQHandler                      0x080003ff   Thumb Code     0  startup_stm32f407xx.o(.text)
    CAN2_SCE_IRQHandler                      0x080003ff   Thumb Code     0  startup_stm32f407xx.o(.text)
    CAN2_TX_IRQHandler                       0x080003ff   Thumb Code     0  startup_stm32f407xx.o(.text)
    DCMI_IRQHandler                          0x080003ff   Thumb Code     0  startup_stm32f407xx.o(.text)
    DMA1_Stream0_IRQHandler                  0x080003ff   Thumb Code     0  startup_stm32f407xx.o(.text)
    DMA1_Stream1_IRQHandler                  0x080003ff   Thumb Code     0  startup_stm32f407xx.o(.text)
    DMA1_Stream2_IRQHandler                  0x080003ff   Thumb Code     0  startup_stm32f407xx.o(.text)
    DMA1_Stream3_IRQHandler                  0x080003ff   Thumb Code     0  startup_stm32f407xx.o(.text)
    DMA1_Stream4_IRQHandler                  0x080003ff   Thumb Code     0  startup_stm32f407xx.o(.text)
    DMA1_Stream5_IRQHandler                  0x080003ff   Thumb Code     0  startup_stm32f407xx.o(.text)
    DMA1_Stream6_IRQHandler                  0x080003ff   Thumb Code     0  startup_stm32f407xx.o(.text)
    DMA1_Stream7_IRQHandler                  0x080003ff   Thumb Code     0  startup_stm32f407xx.o(.text)
    DMA2_Stream0_IRQHandler                  0x080003ff   Thumb Code     0  startup_stm32f407xx.o(.text)
    DMA2_Stream1_IRQHandler                  0x080003ff   Thumb Code     0  startup_stm32f407xx.o(.text)
    DMA2_Stream2_IRQHandler                  0x080003ff   Thumb Code     0  startup_stm32f407xx.o(.text)
    DMA2_Stream3_IRQHandler                  0x080003ff   Thumb Code     0  startup_stm32f407xx.o(.text)
    DMA2_Stream4_IRQHandler                  0x080003ff   Thumb Code     0  startup_stm32f407xx.o(.text)
    DMA2_Stream5_IRQHandler                  0x080003ff   Thumb Code     0  startup_stm32f407xx.o(.text)
    DMA2_Stream6_IRQHandler                  0x080003ff   Thumb Code     0  startup_stm32f407xx.o(.text)
    DMA2_Stream7_IRQHandler                  0x080003ff   Thumb Code     0  startup_stm32f407xx.o(.text)
    ETH_IRQHandler                           0x080003ff   Thumb Code     0  startup_stm32f407xx.o(.text)
    ETH_WKUP_IRQHandler                      0x080003ff   Thumb Code     0  startup_stm32f407xx.o(.text)
    EXTI0_IRQHandler                         0x080003ff   Thumb Code     0  startup_stm32f407xx.o(.text)
    EXTI15_10_IRQHandler                     0x080003ff   Thumb Code     0  startup_stm32f407xx.o(.text)
    EXTI1_IRQHandler                         0x080003ff   Thumb Code     0  startup_stm32f407xx.o(.text)
    EXTI2_IRQHandler                         0x080003ff   Thumb Code     0  startup_stm32f407xx.o(.text)
    EXTI3_IRQHandler                         0x080003ff   Thumb Code     0  startup_stm32f407xx.o(.text)
    EXTI4_IRQHandler                         0x080003ff   Thumb Code     0  startup_stm32f407xx.o(.text)
    EXTI9_5_IRQHandler                       0x080003ff   Thumb Code     0  startup_stm32f407xx.o(.text)
    FLASH_IRQHandler                         0x080003ff   Thumb Code     0  startup_stm32f407xx.o(.text)
    FMC_IRQHandler                           0x080003ff   Thumb Code     0  startup_stm32f407xx.o(.text)
    FPU_IRQHandler                           0x080003ff   Thumb Code     0  startup_stm32f407xx.o(.text)
    HASH_RNG_IRQHandler                      0x080003ff   Thumb Code     0  startup_stm32f407xx.o(.text)
    I2C1_ER_IRQHandler                       0x080003ff   Thumb Code     0  startup_stm32f407xx.o(.text)
    I2C1_EV_IRQHandler                       0x080003ff   Thumb Code     0  startup_stm32f407xx.o(.text)
    I2C2_ER_IRQHandler                       0x080003ff   Thumb Code     0  startup_stm32f407xx.o(.text)
    I2C2_EV_IRQHandler                       0x080003ff   Thumb Code     0  startup_stm32f407xx.o(.text)
    I2C3_ER_IRQHandler                       0x080003ff   Thumb Code     0  startup_stm32f407xx.o(.text)
    I2C3_EV_IRQHandler                       0x080003ff   Thumb Code     0  startup_stm32f407xx.o(.text)
    OTG_FS_IRQHandler                        0x080003ff   Thumb Code     0  startup_stm32f407xx.o(.text)
    OTG_FS_WKUP_IRQHandler                   0x080003ff   Thumb Code     0  startup_stm32f407xx.o(.text)
    OTG_HS_EP1_IN_IRQHandler                 0x080003ff   Thumb Code     0  startup_stm32f407xx.o(.text)
    OTG_HS_EP1_OUT_IRQHandler                0x080003ff   Thumb Code     0  startup_stm32f407xx.o(.text)
    OTG_HS_IRQHandler                        0x080003ff   Thumb Code     0  startup_stm32f407xx.o(.text)
    OTG_HS_WKUP_IRQHandler                   0x080003ff   Thumb Code     0  startup_stm32f407xx.o(.text)
    PVD_IRQHandler                           0x080003ff   Thumb Code     0  startup_stm32f407xx.o(.text)
    RCC_IRQHandler                           0x080003ff   Thumb Code     0  startup_stm32f407xx.o(.text)
    RTC_Alarm_IRQHandler                     0x080003ff   Thumb Code     0  startup_stm32f407xx.o(.text)
    RTC_WKUP_IRQHandler                      0x080003ff   Thumb Code     0  startup_stm32f407xx.o(.text)
    SDIO_IRQHandler                          0x080003ff   Thumb Code     0  startup_stm32f407xx.o(.text)
    SPI1_IRQHandler                          0x080003ff   Thumb Code     0  startup_stm32f407xx.o(.text)
    SPI2_IRQHandler                          0x080003ff   Thumb Code     0  startup_stm32f407xx.o(.text)
    SPI3_IRQHandler                          0x080003ff   Thumb Code     0  startup_stm32f407xx.o(.text)
    TAMP_STAMP_IRQHandler                    0x080003ff   Thumb Code     0  startup_stm32f407xx.o(.text)
    TIM1_BRK_TIM9_IRQHandler                 0x080003ff   Thumb Code     0  startup_stm32f407xx.o(.text)
    TIM1_CC_IRQHandler                       0x080003ff   Thumb Code     0  startup_stm32f407xx.o(.text)
    TIM1_TRG_COM_TIM11_IRQHandler            0x080003ff   Thumb Code     0  startup_stm32f407xx.o(.text)
    TIM1_UP_TIM10_IRQHandler                 0x080003ff   Thumb Code     0  startup_stm32f407xx.o(.text)
    TIM2_IRQHandler                          0x080003ff   Thumb Code     0  startup_stm32f407xx.o(.text)
    TIM3_IRQHandler                          0x080003ff   Thumb Code     0  startup_stm32f407xx.o(.text)
    TIM4_IRQHandler                          0x080003ff   Thumb Code     0  startup_stm32f407xx.o(.text)
    TIM5_IRQHandler                          0x080003ff   Thumb Code     0  startup_stm32f407xx.o(.text)
    TIM6_DAC_IRQHandler                      0x080003ff   Thumb Code     0  startup_stm32f407xx.o(.text)
    TIM7_IRQHandler                          0x080003ff   Thumb Code     0  startup_stm32f407xx.o(.text)
    TIM8_BRK_TIM12_IRQHandler                0x080003ff   Thumb Code     0  startup_stm32f407xx.o(.text)
    TIM8_CC_IRQHandler                       0x080003ff   Thumb Code     0  startup_stm32f407xx.o(.text)
    TIM8_TRG_COM_TIM14_IRQHandler            0x080003ff   Thumb Code     0  startup_stm32f407xx.o(.text)
    TIM8_UP_TIM13_IRQHandler                 0x080003ff   Thumb Code     0  startup_stm32f407xx.o(.text)
    UART4_IRQHandler                         0x080003ff   Thumb Code     0  startup_stm32f407xx.o(.text)
    UART5_IRQHandler                         0x080003ff   Thumb Code     0  startup_stm32f407xx.o(.text)
    USART1_IRQHandler                        0x080003ff   Thumb Code     0  startup_stm32f407xx.o(.text)
    USART2_IRQHandler                        0x080003ff   Thumb Code     0  startup_stm32f407xx.o(.text)
    USART3_IRQHandler                        0x080003ff   Thumb Code     0  startup_stm32f407xx.o(.text)
    USART6_IRQHandler                        0x080003ff   Thumb Code     0  startup_stm32f407xx.o(.text)
    WWDG_IRQHandler                          0x080003ff   Thumb Code     0  startup_stm32f407xx.o(.text)
    __user_initial_stackheap                 0x08000401   Thumb Code     0  startup_stm32f407xx.o(.text)
    __user_libspace                          0x08000425   Thumb Code     8  libspace.o(.text)
    __user_perproc_libspace                  0x08000425   Thumb Code     0  libspace.o(.text)
    __2sprintf                               0x0800042d   Thumb Code    34  noretval__2sprintf.o(.text)
    __printf                                 0x08000455   Thumb Code   104  __printf.o(.text)
    _printf_int_dec                          0x080004bd   Thumb Code   104  _printf_dec.o(.text)
    strlen                                   0x08000535   Thumb Code    62  strlen.o(.text)
    __use_two_region_memory                  0x08000573   Thumb Code     2  heapauxi.o(.text)
    __rt_heap_escrow$2region                 0x08000575   Thumb Code     2  heapauxi.o(.text)
    __rt_heap_expand$2region                 0x08000577   Thumb Code     2  heapauxi.o(.text)
    _printf_int_common                       0x08000579   Thumb Code   178  _printf_intcommon.o(.text)
    _printf_char_common                      0x08000637   Thumb Code    32  _printf_char_common.o(.text)
    _sputc                                   0x0800065d   Thumb Code    10  _sputc.o(.text)
    __user_setup_stackheap                   0x08000667   Thumb Code    74  sys_stackheap_outer.o(.text)
    exit                                     0x080006b1   Thumb Code    18  exit.o(.text)
    _sys_exit                                0x080006c5   Thumb Code     8  sys_exit.o(.text)
    __I$use$semihosting                      0x080006d1   Thumb Code     0  use_no_semi.o(.text)
    __use_no_semihosting_swi                 0x080006d1   Thumb Code     2  use_no_semi.o(.text)
    __semihosting_library_function           0x080006d3   Thumb Code     0  indicate_semi.o(.text)
    SVC_Count                                0x080006d4   Data           4  svc_table.o(SVC_TABLE)
    KBD_Control                              0x080006d9   Thumb Code   152  app.o(i.KBD_Control)
    SVC_Table                                0x080006d8   Data           0  svc_table.o(SVC_TABLE)
    KBD_findKeyInRow                         0x080007d5   Thumb Code   124  app.o(i.KBD_findKeyInRow)
    KBD_read                                 0x08000855   Thumb Code   140  app.o(i.KBD_read)
    KBD_setup                                0x080008e1   Thumb Code    76  app.o(i.KBD_setup)
    LCD_Control                              0x08000935   Thumb Code   326  app.o(i.LCD_Control)
    LCD_print                                0x08000b0d   Thumb Code    30  app.o(i.LCD_print)
    LCD_setup                                0x08000b4f   Thumb Code   108  app.o(i.LCD_setup)
    LCD_symbol                               0x08000bbb   Thumb Code    38  app.o(i.LCD_symbol)
    LED_Control                              0x08000c45   Thumb Code   218  app.o(i.LED_Control)
    LED_setup                                0x08000d25   Thumb Code   152  app.o(i.LED_setup)
    SystemInit                               0x08000dbd   Thumb Code    82  system_stm32f4xx.o(i.SystemInit)
    _init_box                                0x08000e21   Thumb Code    70  rt_membox.o(i._init_box)
    _mutex_acquire                           0x08000e69   Thumb Code    26  rtx_conf_cm.o(i._mutex_acquire)
    _mutex_release                           0x08000e89   Thumb Code    22  rtx_conf_cm.o(i._mutex_release)
    dbg_init                                 0x08000ea5   Thumb Code    34  hal_cm4.o(i.dbg_init)
    dbg_task_notify                          0x08000ed5   Thumb Code    32  hal_cm4.o(i.dbg_task_notify)
    dbg_task_switch                          0x08000ef5   Thumb Code    16  hal_cm4.o(i.dbg_task_switch)
    main                                     0x08000fd1   Thumb Code    22  app.o(i.main)
    os_error                                 0x08000ff1   Thumb Code     4  rtx_conf_cm.o(i.os_error)
    os_idle_demon                            0x08000ff5   Thumb Code     4  rtx_conf_cm.o(i.os_idle_demon)
    os_tick_init                             0x08000ff9   Thumb Code    32  rt_system.o(i.os_tick_init)
    os_tick_irqack                           0x08001021   Thumb Code     2  rt_system.o(i.os_tick_irqack)
    os_tmr_call                              0x08001023   Thumb Code     4  rtx_conf_cm.o(i.os_tmr_call)
    rt_alloc_box                             0x08001173   Thumb Code    26  rt_membox.o(i.rt_alloc_box)
    rt_block                                 0x0800118d   Thumb Code    48  rt_task.o(i.rt_block)
    rt_chk_robin                             0x080011c5   Thumb Code    60  rt_robin.o(i.rt_chk_robin)
    rt_dec_dly                               0x0800120d   Thumb Code   106  rt_list.o(i.rt_dec_dly)
    rt_dispatch                              0x08001281   Thumb Code    60  rt_task.o(i.rt_dispatch)
    rt_dly_wait                              0x080012c5   Thumb Code     6  rt_time.o(i.rt_dly_wait)
    rt_evt_psh                               0x080012cd   Thumb Code    72  rt_event.o(i.rt_evt_psh)
    rt_free_box                              0x08001319   Thumb Code    32  rt_membox.o(i.rt_free_box)
    rt_get_first                             0x08001339   Thumb Code    40  rt_list.o(i.rt_get_first)
    rt_init_robin                            0x080013ad   Thumb Code    14  rt_robin.o(i.rt_init_robin)
    rt_init_stack                            0x080013c5   Thumb Code    70  hal_cm4.o(i.rt_init_stack)
    rt_mbx_psh                               0x08001415   Thumb Code   206  rt_mailbox.o(i.rt_mbx_psh)
    rt_mut_release                           0x080014e9   Thumb Code   220  rt_mutex.o(i.rt_mut_release)
    rt_mut_wait                              0x080015cd   Thumb Code   100  rt_mutex.o(i.rt_mut_wait)
    rt_pop_req                               0x08001635   Thumb Code   112  rt_system.o(i.rt_pop_req)
    rt_put_dly                               0x080016b1   Thumb Code    68  rt_list.o(i.rt_put_dly)
    rt_put_prio                              0x080016f9   Thumb Code    54  rt_list.o(i.rt_put_prio)
    rt_put_rdy_first                         0x08001731   Thumb Code    14  rt_list.o(i.rt_put_rdy_first)
    rt_resort_prio                           0x08001745   Thumb Code    46  rt_list.o(i.rt_resort_prio)
    rt_rmv_dly                               0x08001779   Thumb Code    40  rt_list.o(i.rt_rmv_dly)
    rt_rmv_list                              0x080017a1   Thumb Code    44  rt_list.o(i.rt_rmv_list)
    rt_sem_psh                               0x080017d1   Thumb Code    46  rt_semaphore.o(i.rt_sem_psh)
    rt_stk_check                             0x08001805   Thumb Code    28  rt_system.o(i.rt_stk_check)
    rt_switch_req                            0x08001829   Thumb Code    30  rt_task.o(i.rt_switch_req)
    rt_sys_init                              0x08001851   Thumb Code   268  rt_task.o(i.rt_sys_init)
    rt_systick                               0x080019a5   Thumb Code    50  rt_system.o(i.rt_systick)
    rt_tmr_tick                              0x080019e5   Thumb Code    56  rt_timer.o(i.rt_tmr_tick)
    rt_tsk_create                            0x08001a25   Thumb Code   122  rt_task.o(i.rt_tsk_create)
    rt_tsk_delete                            0x08001ab5   Thumb Code   336  rt_task.o(i.rt_tsk_delete)
    rt_tsk_self                              0x08001c21   Thumb Code    12  rt_task.o(i.rt_tsk_self)
    setup                                    0x08001c31   Thumb Code    78  app.o(i.setup)
    _fp_init                                 0x08001ca1   Thumb Code    10  fpinit.o(x$fpl$fpinit)
    __fplib_config_fpu_vfp                   0x08001ca9   Thumb Code     0  fpinit.o(x$fpl$fpinit)
    __fplib_config_pureend_doubles           0x08001ca9   Thumb Code     0  fpinit.o(x$fpl$fpinit)
    os_maxtaskrun                            0x08001cac   Data           2  rtx_conf_cm.o(.constdata)
    os_stackinfo                             0x08001cb0   Data           4  rtx_conf_cm.o(.constdata)
    os_rrobin                                0x08001cb4   Data           4  rtx_conf_cm.o(.constdata)
    os_trv                                   0x08001cb8   Data           4  rtx_conf_cm.o(.constdata)
    os_flags                                 0x08001cbc   Data           1  rtx_conf_cm.o(.constdata)
    os_clockrate                             0x08001cc0   Data           4  rtx_conf_cm.o(.constdata)
    os_timernum                              0x08001cc4   Data           4  rtx_conf_cm.o(.constdata)
    mp_tcb_size                              0x08001cc8   Data           2  rtx_conf_cm.o(.constdata)
    mp_stk_size                              0x08001ccc   Data           4  rtx_conf_cm.o(.constdata)
    os_fifo_size                             0x08001cd0   Data           1  rtx_conf_cm.o(.constdata)
    mp_tmr_size                              0x08001cd2   Data           2  rtx_conf_cm.o(.constdata)
    KBD_rows                                 0x08001cd4   Data           5  app.o(.constdata)
    KBD_cols                                 0x08001cd9   Data           4  app.o(.constdata)
    RL_RTX_Version                           0x08001ce0   Data           4  rt_system.o(.constdata)
    Region$$Table$$Base                      0x08001ce4   Number         0  anon$$obj.o(Region$$Table)
    Region$$Table$$Limit                     0x08001d04   Number         0  anon$$obj.o(Region$$Table)
    m_tmr                                    0x20000000   Data           4  rtx_conf_cm.o(.data)
    lcd_control                              0x20000020   Data           4  app.o(.data)
    kbd_control                              0x20000024   Data           4  app.o(.data)
    led_control                              0x20000028   Data           4  app.o(.data)
    count                                    0x2000002c   Data           4  app.o(.data)
    item                                     0x20000030   Data           4  app.o(.data)
    currentItem                              0x20000034   Data           4  app.o(.data)
    os_tsk                                   0x20000038   Data           8  rt_task.o(.data)
    os_time                                  0x20000040   Data           4  rt_time.o(.data)
    dbg_msg                                  0x20000044   Data           1  hal_cm4.o(.data)
    os_tick_irqn                             0x2000004c   Data           4  rt_system.o(.data)
    os_robin                                 0x20000050   Data           8  rt_robin.o(.data)
    os_tmr                                   0x20000058   Data           8  rt_timer.o(.data)
    mp_tcb                                   0x20000060   Data         572  rtx_conf_cm.o(.bss)
    mp_stk                                   0x200002a0   Data        5648  rtx_conf_cm.o(.bss)
    os_fifo                                  0x200018b0   Data         132  rtx_conf_cm.o(.bss)
    os_active_TCB                            0x20001934   Data          40  rtx_conf_cm.o(.bss)
    totaldrunk                               0x20001d9c   Data          16  app.o(.bss)
    os_idle_TCB                              0x20001dac   Data          56  rt_task.o(.bss)
    os_rdy                                   0x20001de4   Data          24  rt_list.o(.bss)
    os_dly                                   0x20001dfc   Data          24  rt_list.o(.bss)
    __libspace_start                         0x20001e14   Data          96  libspace.o(.bss)
    __temporary_stack_top$libspace           0x20001e74   Data           0  libspace.o(.bss)



==============================================================================

Memory Map of the image

  Image Entry point : 0x080003e5

  Load Region LR_1 (Base: 0x08000000, Size: 0x00001d64, Max: 0xffffffff, ABSOLUTE)

    Execution Region ER_RO (Base: 0x08000000, Size: 0x00001d04, Max: 0xffffffff, ABSOLUTE)

    Base Addr    Size         Type   Attr      Idx    E Section Name        Object

    0x08000000   0x00000188   Data   RO          332    RESET               startup_stm32f407xx.o
    0x08000188   0x00000008   Code   RO          989  * !!!main             c_w.l(__main.o)
    0x08000190   0x00000034   Code   RO         1152    !!!scatter          c_w.l(__scatter.o)
    0x080001c4   0x0000001a   Code   RO         1154    !!handler_copy      c_w.l(__scatter_copy.o)
    0x080001de   0x00000002   PAD
    0x080001e0   0x0000001c   Code   RO         1156    !!handler_zi        c_w.l(__scatter_zi.o)
    0x080001fc   0x00000000   Code   RO          984    .ARM.Collect$$_printf_percent$$00000000  c_w.l(_printf_percent.o)
    0x080001fc   0x00000006   Code   RO          983    .ARM.Collect$$_printf_percent$$00000009  c_w.l(_printf_d.o)
    0x08000202   0x00000004   Code   RO          998    .ARM.Collect$$_printf_percent$$00000017  c_w.l(_printf_percent_end.o)
    0x08000206   0x00000002   Code   RO         1025    .ARM.Collect$$libinit$$00000000  c_w.l(libinit.o)
    0x08000208   0x00000004   Code   RO         1028    .ARM.Collect$$libinit$$00000001  c_w.l(libinit2.o)
    0x0800020c   0x00000000   Code   RO         1031    .ARM.Collect$$libinit$$00000004  c_w.l(libinit2.o)
    0x0800020c   0x00000000   Code   RO         1034    .ARM.Collect$$libinit$$0000000A  c_w.l(libinit2.o)
    0x0800020c   0x00000000   Code   RO         1036    .ARM.Collect$$libinit$$0000000C  c_w.l(libinit2.o)
    0x0800020c   0x00000000   Code   RO         1038    .ARM.Collect$$libinit$$0000000E  c_w.l(libinit2.o)
    0x0800020c   0x00000000   Code   RO         1041    .ARM.Collect$$libinit$$00000011  c_w.l(libinit2.o)
    0x0800020c   0x00000000   Code   RO         1043    .ARM.Collect$$libinit$$00000013  c_w.l(libinit2.o)
    0x0800020c   0x00000000   Code   RO         1045    .ARM.Collect$$libinit$$00000015  c_w.l(libinit2.o)
    0x0800020c   0x00000000   Code   RO         1047    .ARM.Collect$$libinit$$00000017  c_w.l(libinit2.o)
    0x0800020c   0x00000000   Code   RO         1049    .ARM.Collect$$libinit$$00000019  c_w.l(libinit2.o)
    0x0800020c   0x00000000   Code   RO         1051    .ARM.Collect$$libinit$$0000001B  c_w.l(libinit2.o)
    0x0800020c   0x00000000   Code   RO         1053    .ARM.Collect$$libinit$$0000001D  c_w.l(libinit2.o)
    0x0800020c   0x00000000   Code   RO         1055    .ARM.Collect$$libinit$$0000001F  c_w.l(libinit2.o)
    0x0800020c   0x00000000   Code   RO         1057    .ARM.Collect$$libinit$$00000021  c_w.l(libinit2.o)
    0x0800020c   0x00000000   Code   RO         1059    .ARM.Collect$$libinit$$00000023  c_w.l(libinit2.o)
    0x0800020c   0x00000000   Code   RO         1061    .ARM.Collect$$libinit$$00000025  c_w.l(libinit2.o)
    0x0800020c   0x00000000   Code   RO         1065    .ARM.Collect$$libinit$$0000002C  c_w.l(libinit2.o)
    0x0800020c   0x00000000   Code   RO         1067    .ARM.Collect$$libinit$$0000002E  c_w.l(libinit2.o)
    0x0800020c   0x00000000   Code   RO         1069    .ARM.Collect$$libinit$$00000030  c_w.l(libinit2.o)
    0x0800020c   0x00000000   Code   RO         1071    .ARM.Collect$$libinit$$00000032  c_w.l(libinit2.o)
    0x0800020c   0x00000002   Code   RO         1072    .ARM.Collect$$libinit$$00000033  c_w.l(libinit2.o)
    0x0800020e   0x00000002   Code   RO         1092    .ARM.Collect$$libshutdown$$00000000  c_w.l(libshutdown.o)
    0x08000210   0x00000000   Code   RO         1105    .ARM.Collect$$libshutdown$$00000002  c_w.l(libshutdown2.o)
    0x08000210   0x00000000   Code   RO         1107    .ARM.Collect$$libshutdown$$00000004  c_w.l(libshutdown2.o)
    0x08000210   0x00000000   Code   RO         1110    .ARM.Collect$$libshutdown$$00000007  c_w.l(libshutdown2.o)
    0x08000210   0x00000000   Code   RO         1113    .ARM.Collect$$libshutdown$$0000000A  c_w.l(libshutdown2.o)
    0x08000210   0x00000000   Code   RO         1115    .ARM.Collect$$libshutdown$$0000000C  c_w.l(libshutdown2.o)
    0x08000210   0x00000000   Code   RO         1118    .ARM.Collect$$libshutdown$$0000000F  c_w.l(libshutdown2.o)
    0x08000210   0x00000002   Code   RO         1119    .ARM.Collect$$libshutdown$$00000010  c_w.l(libshutdown2.o)
    0x08000212   0x00000000   Code   RO          991    .ARM.Collect$$rtentry$$00000000  c_w.l(__rtentry.o)
    0x08000212   0x00000000   Code   RO         1000    .ARM.Collect$$rtentry$$00000002  c_w.l(__rtentry2.o)
    0x08000212   0x00000006   Code   RO         1012    .ARM.Collect$$rtentry$$00000004  c_w.l(__rtentry4.o)
    0x08000218   0x00000000   Code   RO         1002    .ARM.Collect$$rtentry$$00000009  c_w.l(__rtentry2.o)
    0x08000218   0x00000004   Code   RO         1003    .ARM.Collect$$rtentry$$0000000A  c_w.l(__rtentry2.o)
    0x0800021c   0x00000000   Code   RO         1005    .ARM.Collect$$rtentry$$0000000C  c_w.l(__rtentry2.o)
    0x0800021c   0x00000008   Code   RO         1006    .ARM.Collect$$rtentry$$0000000D  c_w.l(__rtentry2.o)
    0x08000224   0x00000002   Code   RO         1026    .ARM.Collect$$rtexit$$00000000  c_w.l(rtexit.o)
    0x08000226   0x00000000   Code   RO         1074    .ARM.Collect$$rtexit$$00000002  c_w.l(rtexit2.o)
    0x08000226   0x00000004   Code   RO         1075    .ARM.Collect$$rtexit$$00000003  c_w.l(rtexit2.o)
    0x0800022a   0x00000006   Code   RO         1076    .ARM.Collect$$rtexit$$00000004  c_w.l(rtexit2.o)
    0x08000230   0x000001b4   Code   RO          534    .emb_text           RTX_CM4.LIB(hal_cm4.o)
    0x080003e4   0x00000040   Code   RO          333  * .text               startup_stm32f407xx.o
    0x08000424   0x00000008   Code   RO          952    .text               c_w.l(libspace.o)
    0x0800042c   0x00000028   Code   RO          957    .text               c_w.l(noretval__2sprintf.o)
    0x08000454   0x00000068   Code   RO          959    .text               c_w.l(__printf.o)
    0x080004bc   0x00000078   Code   RO          961    .text               c_w.l(_printf_dec.o)
    0x08000534   0x0000003e   Code   RO          985    .text               c_w.l(strlen.o)
    0x08000572   0x00000006   Code   RO          987    .text               c_w.l(heapauxi.o)
    0x08000578   0x000000b2   Code   RO          992    .text               c_w.l(_printf_intcommon.o)
    0x0800062a   0x00000002   PAD
    0x0800062c   0x00000030   Code   RO          994    .text               c_w.l(_printf_char_common.o)
    0x0800065c   0x0000000a   Code   RO          996    .text               c_w.l(_sputc.o)
    0x08000666   0x0000004a   Code   RO         1016    .text               c_w.l(sys_stackheap_outer.o)
    0x080006b0   0x00000012   Code   RO         1018    .text               c_w.l(exit.o)
    0x080006c2   0x00000002   PAD
    0x080006c4   0x0000000c   Code   RO         1084    .text               c_w.l(sys_exit.o)
    0x080006d0   0x00000002   Code   RO         1095    .text               c_w.l(use_no_semi.o)
    0x080006d2   0x00000000   Code   RO         1097    .text               c_w.l(indicate_semi.o)
    0x080006d2   0x00000002   PAD
    0x080006d4   0x00000004   Code   RO          794    SVC_TABLE           RTX_CM4.LIB(svc_table.o)
    0x080006d8   0x000000a4   Code   RO           74    i.KBD_Control       app.o
    0x0800077c   0x00000058   Code   RO           75    i.KBD_activateRow   app.o
    0x080007d4   0x00000080   Code   RO           76    i.KBD_findKeyInRow  app.o
    0x08000854   0x0000008c   Code   RO           77    i.KBD_read          app.o
    0x080008e0   0x00000054   Code   RO           78    i.KBD_setup         app.o
    0x08000934   0x000001bc   Code   RO           79    i.LCD_Control       app.o
    0x08000af0   0x0000001c   Code   RO           81    i.LCD_io_setup      app.o
    0x08000b0c   0x0000001e   Code   RO           82    i.LCD_print         app.o
    0x08000b2a   0x00000024   Code   RO           83    i.LCD_set           app.o
    0x08000b4e   0x0000006c   Code   RO           84    i.LCD_setup         app.o
    0x08000bba   0x00000026   Code   RO           85    i.LCD_symbol        app.o
    0x08000be0   0x00000062   Code   RO           86    i.LCD_write_nibble  app.o
    0x08000c42   0x00000002   PAD
    0x08000c44   0x000000e0   Code   RO           87    i.LED_Control       app.o
    0x08000d24   0x00000098   Code   RO           88    i.LED_setup         app.o
    0x08000dbc   0x00000064   Code   RO          341    i.SystemInit        system_stm32f4xx.o
    0x08000e20   0x00000046   Code   RO          761    i._init_box         RTX_CM4.LIB(rt_membox.o)
    0x08000e66   0x00000002   PAD
    0x08000e68   0x00000020   Code   RO            2    i._mutex_acquire    rtx_conf_cm.o
    0x08000e88   0x0000001c   Code   RO            4    i._mutex_release    rtx_conf_cm.o
    0x08000ea4   0x00000030   Code   RO          535    i.dbg_init          RTX_CM4.LIB(hal_cm4.o)
    0x08000ed4   0x00000020   Code   RO          536    i.dbg_task_notify   RTX_CM4.LIB(hal_cm4.o)
    0x08000ef4   0x00000010   Code   RO          537    i.dbg_task_switch   RTX_CM4.LIB(hal_cm4.o)
    0x08000f04   0x00000010   Code   RO           89    i.delay_ms          app.o
    0x08000f14   0x00000014   Code   RO           90    i.delay_us          app.o
    0x08000f28   0x00000024   Code   RO           91    i.io_get            app.o
    0x08000f4c   0x00000008   Code   RO           92    i.io_pin            app.o
    0x08000f54   0x0000001c   Code   RO           93    i.io_port           app.o
    0x08000f70   0x00000010   Code   RO           94    i.io_port_source    app.o
    0x08000f80   0x00000024   Code   RO           95    i.io_read           app.o
    0x08000fa4   0x0000002a   Code   RO           96    i.io_set            app.o
    0x08000fce   0x00000002   PAD
    0x08000fd0   0x00000020   Code   RO           97    i.main              app.o
    0x08000ff0   0x00000004   Code   RO            5    i.os_error          rtx_conf_cm.o
    0x08000ff4   0x00000004   Code   RO            6    i.os_idle_demon     rtx_conf_cm.o
    0x08000ff8   0x00000028   Code   RO          576    i.os_tick_init      RTX_CM4.LIB(rt_system.o)
    0x08001020   0x00000002   Code   RO          577    i.os_tick_irqack    RTX_CM4.LIB(rt_system.o)
    0x08001022   0x00000004   Code   RO            7    i.os_tmr_call       rtx_conf_cm.o
    0x08001026   0x00000002   PAD
    0x08001028   0x00000028   Code   RO           98    i.pin_enable        app.o
    0x08001050   0x0000003e   Code   RO           99    i.pin_mode          app.o
    0x0800108e   0x000000e4   Code   RO          100    i.pin_setup         app.o
    0x08001172   0x0000001a   Code   RO          762    i.rt_alloc_box      RTX_CM4.LIB(rt_membox.o)
    0x0800118c   0x00000038   Code   RO          374    i.rt_block          RTX_CM4.LIB(rt_task.o)
    0x080011c4   0x00000048   Code   RO          739    i.rt_chk_robin      RTX_CM4.LIB(rt_robin.o)
    0x0800120c   0x00000074   Code   RO          660    i.rt_dec_dly        RTX_CM4.LIB(rt_list.o)
    0x08001280   0x00000044   Code   RO          375    i.rt_dispatch       RTX_CM4.LIB(rt_task.o)
    0x080012c4   0x00000006   Code   RO          473    i.rt_dly_wait       RTX_CM4.LIB(rt_time.o)
    0x080012ca   0x00000002   PAD
    0x080012cc   0x0000004c   Code   RO          800    i.rt_evt_psh        RTX_CM4.LIB(rt_event.o)
    0x08001318   0x00000020   Code   RO          763    i.rt_free_box       RTX_CM4.LIB(rt_membox.o)
    0x08001338   0x00000028   Code   RO          661    i.rt_get_first      RTX_CM4.LIB(rt_list.o)
    0x08001360   0x0000004c   Code   RO          376    i.rt_init_context   RTX_CM4.LIB(rt_task.o)
    0x080013ac   0x00000018   Code   RO          740    i.rt_init_robin     RTX_CM4.LIB(rt_robin.o)
    0x080013c4   0x00000050   Code   RO          538    i.rt_init_stack     RTX_CM4.LIB(hal_cm4.o)
    0x08001414   0x000000d4   Code   RO          843    i.rt_mbx_psh        RTX_CM4.LIB(rt_mailbox.o)
    0x080014e8   0x000000e4   Code   RO          511    i.rt_mut_release    RTX_CM4.LIB(rt_mutex.o)
    0x080015cc   0x00000068   Code   RO          512    i.rt_mut_wait       RTX_CM4.LIB(rt_mutex.o)
    0x08001634   0x0000007c   Code   RO          578    i.rt_pop_req        RTX_CM4.LIB(rt_system.o)
    0x080016b0   0x00000048   Code   RO          664    i.rt_put_dly        RTX_CM4.LIB(rt_list.o)
    0x080016f8   0x00000036   Code   RO          665    i.rt_put_prio       RTX_CM4.LIB(rt_list.o)
    0x0800172e   0x00000002   PAD
    0x08001730   0x00000014   Code   RO          666    i.rt_put_rdy_first  RTX_CM4.LIB(rt_list.o)
    0x08001744   0x00000034   Code   RO          667    i.rt_resort_prio    RTX_CM4.LIB(rt_list.o)
    0x08001778   0x00000028   Code   RO          668    i.rt_rmv_dly        RTX_CM4.LIB(rt_list.o)
    0x080017a0   0x00000030   Code   RO          669    i.rt_rmv_list       RTX_CM4.LIB(rt_list.o)
    0x080017d0   0x00000034   Code   RO          889    i.rt_sem_psh        RTX_CM4.LIB(rt_semaphore.o)
    0x08001804   0x00000024   Code   RO          581    i.rt_stk_check      RTX_CM4.LIB(rt_system.o)
    0x08001828   0x00000028   Code   RO          377    i.rt_switch_req     RTX_CM4.LIB(rt_task.o)
    0x08001850   0x00000154   Code   RO          378    i.rt_sys_init       RTX_CM4.LIB(rt_task.o)
    0x080019a4   0x00000040   Code   RO          583    i.rt_systick        RTX_CM4.LIB(rt_system.o)
    0x080019e4   0x00000040   Code   RO          925    i.rt_tmr_tick       RTX_CM4.LIB(rt_timer.o)
    0x08001a24   0x00000090   Code   RO          379    i.rt_tsk_create     RTX_CM4.LIB(rt_task.o)
    0x08001ab4   0x0000016c   Code   RO          380    i.rt_tsk_delete     RTX_CM4.LIB(rt_task.o)
    0x08001c20   0x00000010   Code   RO          383    i.rt_tsk_self       RTX_CM4.LIB(rt_task.o)
    0x08001c30   0x00000070   Code   RO          101    i.setup             app.o
    0x08001ca0   0x0000000a   Code   RO         1082    x$fpl$fpinit        fz_wm.l(fpinit.o)
    0x08001caa   0x00000002   PAD
    0x08001cac   0x00000028   Data   RO            9    .constdata          rtx_conf_cm.o
    0x08001cd4   0x00000009   Data   RO          103    .constdata          app.o
    0x08001cdd   0x00000003   PAD
    0x08001ce0   0x00000004   Data   RO          586    .constdata          RTX_CM4.LIB(rt_system.o)
    0x08001ce4   0x00000020   Data   RO         1150    Region$$Table       anon$$obj.o


    Execution Region ER_RW (Base: 0x20000000, Size: 0x00000060, Max: 0xffffffff, ABSOLUTE)

    Base Addr    Size         Type   Attr      Idx    E Section Name        Object

    0x20000000   0x00000008   Data   RW           10    .data               rtx_conf_cm.o
    0x20000008   0x00000030   Data   RW          104    .data               app.o
    0x20000038   0x00000008   Data   RW          385    .data               RTX_CM4.LIB(rt_task.o)
    0x20000040   0x00000004   Data   RW          477    .data               RTX_CM4.LIB(rt_time.o)
    0x20000044   0x00000001   Data   RW          539    .data               RTX_CM4.LIB(hal_cm4.o)
    0x20000045   0x00000003   PAD
    0x20000048   0x00000008   Data   RW          587    .data               RTX_CM4.LIB(rt_system.o)
    0x20000050   0x00000008   Data   RW          741    .data               RTX_CM4.LIB(rt_robin.o)
    0x20000058   0x00000008   Data   RW          926    .data               RTX_CM4.LIB(rt_timer.o)


    Execution Region ER_ZI (Base: 0x20000060, Size: 0x00002418, Max: 0xffffffff, ABSOLUTE)

    Base Addr    Size         Type   Attr      Idx    E Section Name        Object

    0x20000060   0x00001d3c   Zero   RW            8    .bss                rtx_conf_cm.o
    0x20001d9c   0x00000010   Zero   RW          102    .bss                app.o
    0x20001dac   0x00000038   Zero   RW          384    .bss                RTX_CM4.LIB(rt_task.o)
    0x20001de4   0x00000030   Zero   RW          670    .bss                RTX_CM4.LIB(rt_list.o)
    0x20001e14   0x00000060   Zero   RW          953    .bss                c_w.l(libspace.o)
    0x20001e74   0x00000004   PAD
    0x20001e78   0x00000200   Zero   RW          331    HEAP                startup_stm32f407xx.o
    0x20002078   0x00000400   Zero   RW          330    STACK               startup_stm32f407xx.o


==============================================================================

Image component sizes


      Code (inc. data)   RO Data    RW Data    ZI Data      Debug   Object Name

      2438        220          9         48         16     267434   app.o
        72         12         40          8       7484      15893   rtx_conf_cm.o
        64         26        392          0       1536        900   startup_stm32f407xx.o
       100         18          0          0          0        561   system_stm32f4xx.o

    ----------------------------------------------------------------------
      2680        276        476         56       9036     284788   Object Totals
         0          0         32          0          0          0   (incl. Generated)
         6          0          3          0          0          0   (incl. Padding)

    ----------------------------------------------------------------------

      Code (inc. data)   RO Data    RW Data    ZI Data      Debug   Library Member Name

       612         56          0          1          0       3045   hal_cm4.o
        76          4          0          0          0        661   rt_event.o
       442         30          0          0         48       4874   rt_list.o
       212          6          0          0          0        829   rt_mailbox.o
       128          0          0          0          0       1929   rt_membox.o
       332         12          0          0          0       1587   rt_mutex.o
        96         22          0          8          0       1142   rt_robin.o
        52          6          0          0          0        585   rt_semaphore.o
       266         42          4          8          0       3541   rt_system.o
      1104        158          0          8         56       8044   rt_task.o
         6          0          0          4          0        624   rt_time.o
        64          8          0          8          0        679   rt_timer.o
         4          4          0          0          0        168   svc_table.o
         8          0          0          0          0         68   __main.o
       104          0          0          0          0         84   __printf.o
         0          0          0          0          0          0   __rtentry.o
        12          0          0          0          0          0   __rtentry2.o
         6          0          0          0          0          0   __rtentry4.o
        52          8          0          0          0          0   __scatter.o
        26          0          0          0          0          0   __scatter_copy.o
        28          0          0          0          0          0   __scatter_zi.o
        48          6          0          0          0         96   _printf_char_common.o
         6          0          0          0          0          0   _printf_d.o
       120         16          0          0          0         92   _printf_dec.o
       178          0          0          0          0         88   _printf_intcommon.o
         0          0          0          0          0          0   _printf_percent.o
         4          0          0          0          0          0   _printf_percent_end.o
        10          0          0          0          0         68   _sputc.o
        18          0          0          0          0         80   exit.o
         6          0          0          0          0        152   heapauxi.o
         0          0          0          0          0          0   indicate_semi.o
         2          0          0          0          0          0   libinit.o
         6          0          0          0          0          0   libinit2.o
         2          0          0          0          0          0   libshutdown.o
         2          0          0          0          0          0   libshutdown2.o
         8          4          0          0         96         68   libspace.o
        40          6          0          0          0         84   noretval__2sprintf.o
         2          0          0          0          0          0   rtexit.o
        10          0          0          0          0          0   rtexit2.o
        62          0          0          0          0         76   strlen.o
        12          4          0          0          0         68   sys_exit.o
        74          0          0          0          0         80   sys_stackheap_outer.o
         2          0          0          0          0         68   use_no_semi.o
        10          0          0          0          0        116   fpinit.o

    ----------------------------------------------------------------------
      4268        392          4         40        204      28996   Library Totals
        16          0          0          3          4          0   (incl. Padding)

    ----------------------------------------------------------------------

      Code (inc. data)   RO Data    RW Data    ZI Data      Debug   Library Name

      3394        348          4         37        104      27708   RTX_CM4.LIB
       848         44          0          0         96       1172   c_w.l
        10          0          0          0          0        116   fz_wm.l

    ----------------------------------------------------------------------
      4268        392          4         40        204      28996   Library Totals

    ----------------------------------------------------------------------

==============================================================================


      Code (inc. data)   RO Data    RW Data    ZI Data      Debug   

      6948        668        480         96       9240     307064   Grand Totals
      6948        668        480         96       9240     307064   ELF Image Totals
      6948        668        480         96          0          0   ROM Totals

==============================================================================

    Total RO  Size (Code + RO Data)                 7428 (   7.25kB)
    Total RW  Size (RW Data + ZI Data)              9336 (   9.12kB)
    Total ROM Size (Code + RO Data + RW Data)       7524 (   7.35kB)

==============================================================================

