Component: ARM Compiler 5.06 update 1 (build 61) Tool: armlink [4d35a8]

==============================================================================

Section Cross References

    rtx_conf_cm.o(i.__user_perthread_libspace) refers to rt_task.o(i.rt_tsk_self) for rt_tsk_self
    rtx_conf_cm.o(i.__user_perthread_libspace) refers to rtx_conf_cm.o(.bss) for .bss
    rtx_conf_cm.o(i.__user_perthread_libspace) refers to libspace.o(.bss) for __libspace_start
    rtx_conf_cm.o(i._mutex_acquire) refers to rt_task.o(i.rt_tsk_self) for rt_tsk_self
    rtx_conf_cm.o(i._mutex_acquire) refers to rt_mutex.o(i.rt_mut_wait) for rt_mut_wait
    rtx_conf_cm.o(i._mutex_initialize) refers to rt_mutex.o(i.rt_mut_init) for rt_mut_init
    rtx_conf_cm.o(i._mutex_initialize) refers to rtx_conf_cm.o(.data) for .data
    rtx_conf_cm.o(i._mutex_initialize) refers to rtx_conf_cm.o(.bss) for .bss
    rtx_conf_cm.o(i._mutex_release) refers to rt_task.o(i.rt_tsk_self) for rt_tsk_self
    rtx_conf_cm.o(i._mutex_release) refers to rt_mutex.o(i.rt_mut_release) for rt_mut_release
    app.o(i.GPIO_clock_disable) refers to app.o(i.io_port) for io_port
    app.o(i.GPIO_clock_disable) refers to app.o(i.io_port_source) for io_port_source
    app.o(i.GPIO_clock_enable) refers to app.o(i.io_port) for io_port
    app.o(i.GPIO_clock_enable) refers to app.o(i.io_port_source) for io_port_source
    app.o(i.KBDHandler) refers to app.o(i.KBD_read) for KBD_read
    app.o(i.KBDHandler) refers to app.o(.data) for page
    app.o(i.KBD_activateRow) refers to app.o(i.io_set) for io_set
    app.o(i.KBD_activateRow) refers to app.o(.constdata) for KBD_rows
    app.o(i.KBD_findKeyInRow) refers to app.o(.data) for KBD_MAP
    app.o(i.KBD_read) refers to app.o(i.delay_ms) for delay_ms
    app.o(i.KBD_read) refers to app.o(i.KBD_activateRow) for KBD_activateRow
    app.o(i.KBD_read) refers to app.o(i.io_get) for io_get
    app.o(i.KBD_read) refers to app.o(i.io_read) for io_read
    app.o(i.KBD_read) refers to app.o(i.KBD_findKeyInRow) for KBD_findKeyInRow
    app.o(i.KBD_setup) refers to app.o(i.pin_setup) for pin_setup
    app.o(i.KBD_setup) refers to app.o(.constdata) for KBD_cols
    app.o(i.LCDHandler) refers to _printf_percent.o(.ARM.Collect$$_printf_percent$$00000000) for _printf_percent
    app.o(i.LCDHandler) refers to _printf_d.o(.ARM.Collect$$_printf_percent$$00000009) for _printf_d
    app.o(i.LCDHandler) refers to _printf_f.o(.ARM.Collect$$_printf_percent$$00000003) for _printf_f
    app.o(i.LCDHandler) refers to _printf_dec.o(.text) for _printf_int_dec
    app.o(i.LCDHandler) refers to printf1.o(x$fpl$printf1) for _printf_fp_dec
    app.o(i.LCDHandler) refers to app.o(i.LCD_set) for LCD_set
    app.o(i.LCDHandler) refers to app.o(i.LCD_print) for LCD_print
    app.o(i.LCDHandler) refers to f2d.o(x$fpl$f2d) for __aeabi_f2d
    app.o(i.LCDHandler) refers to noretval__2sprintf.o(.text) for __2sprintf
    app.o(i.LCDHandler) refers to dflt_clz.o(x$fpl$dflt) for __aeabi_i2d
    app.o(i.LCDHandler) refers to dmul.o(x$fpl$dmul) for __aeabi_dmul
    app.o(i.LCDHandler) refers to ddiv.o(x$fpl$ddiv) for __aeabi_ddiv
    app.o(i.LCDHandler) refers to d2f.o(x$fpl$d2f) for __aeabi_d2f
    app.o(i.LCDHandler) refers to app.o(i.delay_ms) for delay_ms
    app.o(i.LCDHandler) refers to app.o(i.LCD_symbol) for LCD_symbol
    app.o(i.LCDHandler) refers to app.o(.data) for update
    app.o(i.LCD_goto) refers to app.o(i.LCD_set) for LCD_set
    app.o(i.LCD_io_setup) refers to app.o(i.pin_enable) for pin_enable
    app.o(i.LCD_io_setup) refers to app.o(i.pin_setup) for pin_setup
    app.o(i.LCD_print) refers to app.o(i.LCD_symbol) for LCD_symbol
    app.o(i.LCD_print) refers to strlen.o(.text) for strlen
    app.o(i.LCD_set) refers to app.o(i.delay_us) for delay_us
    app.o(i.LCD_set) refers to app.o(i.io_set) for io_set
    app.o(i.LCD_set) refers to app.o(i.LCD_write_nibble) for LCD_write_nibble
    app.o(i.LCD_setup) refers to app.o(i.LCD_io_setup) for LCD_io_setup
    app.o(i.LCD_setup) refers to app.o(i.io_set) for io_set
    app.o(i.LCD_setup) refers to app.o(i.LCD_set) for LCD_set
    app.o(i.LCD_symbol) refers to app.o(i.delay_us) for delay_us
    app.o(i.LCD_symbol) refers to app.o(i.io_set) for io_set
    app.o(i.LCD_symbol) refers to app.o(i.LCD_write_nibble) for LCD_write_nibble
    app.o(i.LCD_write_nibble) refers to app.o(i.io_set) for io_set
    app.o(i.LCD_write_nibble) refers to app.o(i.delay_us) for delay_us
    app.o(i.LED_setup) refers to app.o(i.pin_enable) for pin_enable
    app.o(i.LED_setup) refers to app.o(i.pin_mode) for pin_mode
    app.o(i.LED_setup) refers to app.o(i.io_set) for io_set
    app.o(i.delay_ms) refers to app.o(i.delay_us) for delay_us
    app.o(i.delay_us) refers to rt_time.o(i.rt_dly_wait) for rt_dly_wait
    app.o(i.io_get) refers to app.o(i.io_port) for io_port
    app.o(i.io_get) refers to app.o(i.io_pin) for io_pin
[...]
    ../clib/signal.c                         0x00000000   Number         0  defsig_fpe_inner.o ABSOLUTE
    ../clib/signal.c                         0x00000000   Number         0  defsig_stak_inner.o ABSOLUTE
    ../clib/signal.c                         0x00000000   Number         0  defsig_rtmem_formal.o ABSOLUTE
    ../clib/signal.c                         0x00000000   Number         0  defsig_rtmem_outer.o ABSOLUTE
    ../clib/signal.c                         0x00000000   Number         0  defsig_pvfn_inner.o ABSOLUTE
    ../clib/signal.c                         0x00000000   Number         0  defsig_abrt_inner.o ABSOLUTE
    ../clib/signal.c                         0x00000000   Number         0  defsig_general.o ABSOLUTE
    ../clib/signal.c                         0x00000000   Number         0  defsig_rtmem_inner.o ABSOLUTE
    ../clib/signal.c                         0x00000000   Number         0  defsig_other.o ABSOLUTE
    ../clib/signal.c                         0x00000000   Number         0  __raise.o ABSOLUTE
    ../clib/signal.s                         0x00000000   Number         0  defsig.o ABSOLUTE
    ../clib/stdlib.c                         0x00000000   Number         0  exit.o ABSOLUTE
    ../clib/string.c                         0x00000000   Number         0  strlen.o ABSOLUTE
    ../fplib/d2f.s                           0x00000000   Number         0  d2f.o ABSOLUTE
    ../fplib/daddsub.s                       0x00000000   Number         0  daddsub_clz.o ABSOLUTE
    ../fplib/ddiv.s                          0x00000000   Number         0  ddiv.o ABSOLUTE
    ../fplib/dflt.s                          0x00000000   Number         0  dflt_clz.o ABSOLUTE
    ../fplib/dmul.s                          0x00000000   Number         0  dmul.o ABSOLUTE
    ../fplib/dnaninf.s                       0x00000000   Number         0  dnaninf.o ABSOLUTE
    ../fplib/dretinf.s                       0x00000000   Number         0  dretinf.o ABSOLUTE
    ../fplib/f2d.s                           0x00000000   Number         0  f2d.o ABSOLUTE
    ../fplib/fnaninf.s                       0x00000000   Number         0  fnaninf.o ABSOLUTE
    ../fplib/fpinit.s                        0x00000000   Number         0  fpinit.o ABSOLUTE
    ../fplib/fretinf.s                       0x00000000   Number         0  fretinf.o ABSOLUTE
    ../fplib/istatus.s                       0x00000000   Number         0  istatus.o ABSOLUTE
    ../fplib/printf1.s                       0x00000000   Number         0  printf1.o ABSOLUTE
    ../fplib/usenofp.s                       0x00000000   Number         0  usenofp.o ABSOLUTE
    ../mathlib/fpclassify.c                  0x00000000   Number         0  fpclassify.o ABSOLUTE
    ..\..\..\src\app.c                       0x00000000   Number         0  app.o ABSOLUTE
    ..\..\config\RTX_Conf_CM.c               0x00000000   Number         0  rtx_conf_cm.o ABSOLUTE
    ..\\..\\..\\src\\app.c                   0x00000000   Number         0  app.o ABSOLUTE
    RTE\Device\STM32F407VGTx\startup_stm32f407xx.s 0x00000000   Number         0  startup_stm32f407xx.o ABSOLUTE
    RTE\Device\STM32F407VGTx\system_stm32f4xx.c 0x00000000   Number         0  system_stm32f4xx.o ABSOLUTE
    RTE\\Device\\STM32F407VGTx\\system_stm32f4xx.c 0x00000000   Number         0  system_stm32f4xx.o ABSOLUTE
    SRC\CM\HAL_CM4.c                         0x00000000   Number         0  hal_cm4.o ABSOLUTE
    SRC\CM\SVC_Table.s                       0x00000000   Number         0  svc_table.o ABSOLUTE
    SRC\CM\rt_Event.c                        0x00000000   Number         0  rt_event.o ABSOLUTE
    SRC\CM\rt_List.c                         0x00000000   Number         0  rt_list.o ABSOLUTE
    SRC\CM\rt_Mailbox.c                      0x00000000   Number         0  rt_mailbox.o ABSOLUTE
    SRC\CM\rt_MemBox.c                       0x00000000   Number         0  rt_membox.o ABSOLUTE
    SRC\CM\rt_Mutex.c                        0x00000000   Number         0  rt_mutex.o ABSOLUTE
    SRC\CM\rt_Robin.c                        0x00000000   Number         0  rt_robin.o ABSOLUTE
    SRC\CM\rt_Semaphore.c                    0x00000000   Number         0  rt_semaphore.o ABSOLUTE
    SRC\CM\rt_System.c                       0x00000000   Number         0  rt_system.o ABSOLUTE
    SRC\CM\rt_Task.c                         0x00000000   Number         0  rt_task.o ABSOLUTE
    SRC\CM\rt_Time.c                         0x00000000   Number         0  rt_time.o ABSOLUTE
    SRC\CM\rt_Timer.c                        0x00000000   Number         0  rt_timer.o ABSOLUTE
    SRC\\CM\\HAL_CM4.c                       0x00000000   Number         0  hal_cm4.o ABSOLUTE
    SRC\\CM\\rt_System.c                     0x00000000   Number         0  rt_system.o ABSOLUTE
    dc.s                                     0x00000000   Number         0  dc.o ABSOLUTE
    RESET                                    0x08000000   Section      392  startup_stm32f407xx.o(RESET)
    !!!main                                  0x08000188   Section        8  __main.o(!!!main)
    !!!scatter                               0x08000190   Section       52  __scatter.o(!!!scatter)
    !!handler_copy                           0x080001c4   Section       26  __scatter_copy.o(!!handler_copy)
    !!handler_zi                             0x080001e0   Section       28  __scatter_zi.o(!!handler_zi)
    .ARM.Collect$$_printf_percent$$00000000  0x080001fc   Section        0  _printf_percent.o(.ARM.Collect$$_printf_percent$$00000000)
    .ARM.Collect$$_printf_percent$$00000003  0x080001fc   Section        6  _printf_f.o(.ARM.Collect$$_printf_percent$$00000003)
    .ARM.Collect$$_printf_percent$$00000009  0x08000202   Section        6  _printf_d.o(.ARM.Collect$$_printf_percent$$00000009)
    .ARM.Collect$$_printf_percent$$00000017  0x08000208   Section        4  _printf_percent_end.o(.ARM.Collect$$_printf_percent$$00000017)
    .ARM.Collect$$libinit$$00000000          0x0800020c   Section        2  libinit.o(.ARM.Collect$$libinit$$00000000)
    .ARM.Collect$$libinit$$00000001          0x0800020e   Section        4  libinit2.o(.ARM.Collect$$libinit$$00000001)
    .ARM.Collect$$libinit$$00000004          0x08000212   Section        0  libinit2.o(.ARM.Collect$$libinit$$00000004)
    .ARM.Collect$$libinit$$0000000A          0x08000212   Section        0  libinit2.o(.ARM.Collect$$libinit$$0000000A)
    .ARM.Collect$$libinit$$0000000C          0x08000212   Section        0  libinit2.o(.ARM.Collect$$libinit$$0000000C)
    .ARM.Collect$$libinit$$0000000E          0x08000212   Section        0  libinit2.o(.ARM.Collect$$libinit$$0000000E)
    .ARM.Collect$$libinit$$0000000F          0x08000212   Section        6  libinit2.o(.ARM.Collect$$libinit$$0000000F)
    .ARM.Collect$$libinit$$00000011          0x08000218   Section        0  libinit2.o(.ARM.Collect$$libinit$$00000011)
    .ARM.Collect$$libinit$$00000013          0x08000218   Section        0  libinit2.o(.ARM.Collect$$libinit$$00000013)
    .ARM.Collect$$libinit$$00000015          0x08000218   Section        0  libinit2.o(.ARM.Collect$$libinit$$00000015)
    .ARM.Collect$$libinit$$00000016          0x08000218   Section       10  libinit2.o(.ARM.Collect$$libinit$$00000016)
    .ARM.Collect$$libinit$$00000017          0x08000222   Section        0  libinit2.o(.ARM.Collect$$libinit$$00000017)
    .ARM.Collect$$libinit$$00000019          0x08000222   Section        0  libinit2.o(.ARM.Collect$$libinit$$00000019)
    .ARM.Collect$$libinit$$0000001B          0x08000222   Section        0  libinit2.o(.ARM.Collect$$libinit$$0000001B)
    .ARM.Collect$$libinit$$0000001D          0x08000222   Section        0  libinit2.o(.ARM.Collect$$libinit$$0000001D)
    .ARM.Collect$$libinit$$0000001F          0x08000222   Section        0  libinit2.o(.ARM.Collect$$libinit$$0000001F)
    .ARM.Collect$$libinit$$00000021          0x08000222   Section        0  libinit2.o(.ARM.Collect$$libinit$$00000021)
    .ARM.Collect$$libinit$$00000023          0x08000222   Section        0  libinit2.o(.ARM.Collect$$libinit$$00000023)
    .ARM.Collect$$libinit$$00000025          0x08000222   Section        0  libinit2.o(.ARM.Collect$$libinit$$00000025)
    .ARM.Collect$$libinit$$0000002C          0x08000222   Section        0  libinit2.o(.ARM.Collect$$libinit$$0000002C)
    .ARM.Collect$$libinit$$0000002E          0x08000222   Section        0  libinit2.o(.ARM.Collect$$libinit$$0000002E)
    .ARM.Collect$$libinit$$00000030          0x08000222   Section        0  libinit2.o(.ARM.Collect$$libinit$$00000030)
    .ARM.Collect$$libinit$$00000032          0x08000222   Section        0  libinit2.o(.ARM.Collect$$libinit$$00000032)
    .ARM.Collect$$libinit$$00000033          0x08000222   Section        2  libinit2.o(.ARM.Collect$$libinit$$00000033)
    .ARM.Collect$$libshutdown$$00000000      0x08000224   Section        2  libshutdown.o(.ARM.Collect$$libshutdown$$00000000)
    .ARM.Collect$$libshutdown$$00000002      0x08000226   Section        0  libshutdown2.o(.ARM.Collect$$libshutdown$$00000002)
    .ARM.Collect$$libshutdown$$00000004      0x08000226   Section        0  libshutdown2.o(.ARM.Collect$$libshutdown$$00000004)
    .ARM.Collect$$libshutdown$$00000007      0x08000226   Section        0  libshutdown2.o(.ARM.Collect$$libshutdown$$00000007)
    .ARM.Collect$$libshutdown$$0000000A      0x08000226   Section        0  libshutdown2.o(.ARM.Collect$$libshutdown$$0000000A)
    .ARM.Collect$$libshutdown$$0000000C      0x08000226   Section        0  libshutdown2.o(.ARM.Collect$$libshutdown$$0000000C)
    .ARM.Collect$$libshutdown$$0000000F      0x08000226   Section        0  libshutdown2.o(.ARM.Collect$$libshutdown$$0000000F)
    .ARM.Collect$$libshutdown$$00000010      0x08000226   Section        2  libshutdown2.o(.ARM.Collect$$libshutdown$$00000010)
    .ARM.Collect$$rtentry$$00000000          0x08000228   Section        0  __rtentry.o(.ARM.Collect$$rtentry$$00000000)
    .ARM.Collect$$rtentry$$00000002          0x08000228   Section        0  __rtentry2.o(.ARM.Collect$$rtentry$$00000002)
    .ARM.Collect$$rtentry$$00000004          0x08000228   Section        6  __rtentry4.o(.ARM.Collect$$rtentry$$00000004)
    .ARM.Collect$$rtentry$$00000009          0x0800022e   Section        0  __rtentry2.o(.ARM.Collect$$rtentry$$00000009)
    .ARM.Collect$$rtentry$$0000000A          0x0800022e   Section        4  __rtentry2.o(.ARM.Collect$$rtentry$$0000000A)
    .ARM.Collect$$rtentry$$0000000C          0x08000232   Section        0  __rtentry2.o(.ARM.Collect$$rtentry$$0000000C)
    .ARM.Collect$$rtentry$$0000000D          0x08000232   Section        8  __rtentry2.o(.ARM.Collect$$rtentry$$0000000D)
    .ARM.Collect$$rtexit$$00000000           0x0800023a   Section        2  rtexit.o(.ARM.Collect$$rtexit$$00000000)
    .ARM.Collect$$rtexit$$00000002           0x0800023c   Section        0  rtexit2.o(.ARM.Collect$$rtexit$$00000002)
    .ARM.Collect$$rtexit$$00000003           0x0800023c   Section        4  rtexit2.o(.ARM.Collect$$rtexit$$00000003)
    .ARM.Collect$$rtexit$$00000004           0x08000240   Section        6  rtexit2.o(.ARM.Collect$$rtexit$$00000004)
    .emb_text                                0x08000248   Section      436  hal_cm4.o(.emb_text)
    $v0                                      0x08000248   Number         0  hal_cm4.o(.emb_text)
    .text                                    0x080003fc   Section       64  startup_stm32f407xx.o(.text)
    $v0                                      0x080003fc   Number         0  startup_stm32f407xx.o(.text)
    .text                                    0x0800043c   Section        8  libspace.o(.text)
    .text                                    0x08000444   Section        0  noretval__2sprintf.o(.text)
    .text                                    0x0800046c   Section        0  _printf_dec.o(.text)
    .text                                    0x080004e4   Section        0  __printf_wp.o(.text)
    .text                                    0x080005f2   Section        0  strlen.o(.text)
    .text                                    0x08000630   Section        0  heapauxi.o(.text)
    .text                                    0x08000636   Section        0  _printf_intcommon.o(.text)
    .text                                    0x080006e8   Section        0  _printf_fp_dec.o(.text)
    _fp_digits                               0x080006eb   Thumb Code   428  _printf_fp_dec.o(.text)
    .text                                    0x08000b04   Section        0  _printf_char_common.o(.text)
    _printf_input_char                       0x08000b05   Thumb Code    10  _printf_char_common.o(.text)
    .text                                    0x08000b34   Section        0  _sputc.o(.text)
    .text                                    0x08000b3e   Section       10  rt_locale_twolibspace.o(.text)
    .text                                    0x08000b48   Section      138  lludiv10.o(.text)
    .text                                    0x08000bd4   Section        0  _printf_fp_infnan.o(.text)
    .text                                    0x08000c54   Section        0  bigflt0.o(.text)
    .text                                    0x08000d30   Section       74  sys_stackheap_outer.o(.text)
    .text                                    0x08000d7a   Section        0  exit.o(.text)
    .text                                    0x08000d8c   Section      128  strcmpv7m.o(.text)
    .text                                    0x08000e0c   Section        0  sys_exit.o(.text)
    .text                                    0x08000e18   Section        2  use_no_semi.o(.text)
    .text                                    0x08000e1a   Section        0  indicate_semi.o(.text)
    CL$$btod_d2e                             0x08000e1a   Section       62  btod.o(CL$$btod_d2e)
    CL$$btod_d2e_denorm_low                  0x08000e58   Section       70  btod.o(CL$$btod_d2e_denorm_low)
    CL$$btod_d2e_norm_op1                    0x08000e9e   Section       96  btod.o(CL$$btod_d2e_norm_op1)
    CL$$btod_div_common                      0x08000efe   Section      824  btod.o(CL$$btod_div_common)
    CL$$btod_e2e                             0x08001236   Section      198  btod.o(CL$$btod_e2e)
    CL$$btod_ediv                            0x080012fc   Section       40  btod.o(CL$$btod_ediv)
    CL$$btod_emul                            0x08001324   Section       40  btod.o(CL$$btod_emul)
    CL$$btod_mult_common                     0x0800134c   Section      580  btod.o(CL$$btod_mult_common)
    SVC_TABLE                                0x08001590   Section        4  svc_table.o(SVC_TABLE)
    i.KBDHandler                             0x08001594   Section        0  app.o(i.KBDHandler)
    i.KBD_activateRow                        0x08001604   Section        0  app.o(i.KBD_activateRow)
    KBD_activateRow                          0x08001605   Thumb Code    84  app.o(i.KBD_activateRow)
    i.KBD_findKeyInRow                       0x0800165c   Section        0  app.o(i.KBD_findKeyInRow)
    i.KBD_read                               0x080016dc   Section        0  app.o(i.KBD_read)
    i.KBD_setup                              0x08001768   Section        0  app.o(i.KBD_setup)
    i.LCDHandler                             0x080017bc   Section        0  app.o(i.LCDHandler)
    i.LCD_io_setup                           0x08001940   Section        0  app.o(i.LCD_io_setup)
    LCD_io_setup                             0x08001941   Thumb Code    28  app.o(i.LCD_io_setup)
    i.LCD_print                              0x0800195c   Section        0  app.o(i.LCD_print)
    i.LCD_set                                0x0800197a   Section        0  app.o(i.LCD_set)
    LCD_set                                  0x0800197b   Thumb Code    36  app.o(i.LCD_set)
    i.LCD_setup                              0x0800199e   Section        0  app.o(i.LCD_setup)
    i.LCD_symbol                             0x08001a0a   Section        0  app.o(i.LCD_symbol)
    i.LCD_write_nibble                       0x08001a30   Section        0  app.o(i.LCD_write_nibble)
    LCD_write_nibble                         0x08001a31   Thumb Code    98  app.o(i.LCD_write_nibble)
    i.LED_setup                              0x08001a92   Section        0  app.o(i.LED_setup)
    i.SystemInit                             0x08001b2c   Section        0  system_stm32f4xx.o(i.SystemInit)
    i.__ARM_fpclassify                       0x08001b90   Section        0  fpclassify.o(i.__ARM_fpclassify)
    i._init_box                              0x08001bc0   Section        0  rt_membox.o(i._init_box)
    i._is_digit                              0x08001c06   Section        0  __printf_wp.o(i._is_digit)
    i._mutex_acquire                         0x08001c14   Section        0  rtx_conf_cm.o(i._mutex_acquire)
    __tagsym$$used                           0x08001c15   Number         0  rtx_conf_cm.o(i._mutex_acquire)
    i._mutex_release                         0x08001c34   Section        0  rtx_conf_cm.o(i._mutex_release)
    __tagsym$$used                           0x08001c35   Number         0  rtx_conf_cm.o(i._mutex_release)
    i.dbg_init                               0x08001c50   Section        0  hal_cm4.o(i.dbg_init)
    i.dbg_task_notify                        0x08001c80   Section        0  hal_cm4.o(i.dbg_task_notify)
    i.dbg_task_switch                        0x08001ca0   Section        0  hal_cm4.o(i.dbg_task_switch)
    i.delay_ms                               0x08001cb0   Section        0  app.o(i.delay_ms)
    delay_ms                                 0x08001cb1   Thumb Code    16  app.o(i.delay_ms)
    i.delay_us                               0x08001cc0   Section        0  app.o(i.delay_us)
    delay_us                                 0x08001cc1   Thumb Code    14  app.o(i.delay_us)
    i.io_get                                 0x08001cd4   Section        0  app.o(i.io_get)
    io_get                                   0x08001cd5   Thumb Code    36  app.o(i.io_get)
    i.io_pin                                 0x08001cf8   Section        0  app.o(i.io_pin)
    io_pin                                   0x08001cf9   Thumb Code     8  app.o(i.io_pin)
    i.io_port                                0x08001d00   Section        0  app.o(i.io_port)
    io_port                                  0x08001d01   Thumb Code    22  app.o(i.io_port)
    i.io_port_source                         0x08001d1c   Section        0  app.o(i.io_port_source)
    io_port_source                           0x08001d1d   Thumb Code    10  app.o(i.io_port_source)
    i.io_read                                0x08001d2c   Section        0  app.o(i.io_read)
    io_read                                  0x08001d2d   Thumb Code    36  app.o(i.io_read)
    i.io_set                                 0x08001d50   Section        0  app.o(i.io_set)
    io_set                                   0x08001d51   Thumb Code    42  app.o(i.io_set)
    i.main                                   0x08001d7c   Section        0  app.o(i.main)
    i.os_error                               0x08001d9c   Section        0  rtx_conf_cm.o(i.os_error)
    i.os_idle_demon                          0x08001da0   Section        0  rtx_conf_cm.o(i.os_idle_demon)
    i.os_tick_init                           0x08001da4   Section        0  rt_system.o(i.os_tick_init)
    i.os_tick_irqack                         0x08001dcc   Section        0  rt_system.o(i.os_tick_irqack)
    i.os_tmr_call                            0x08001dce   Section        0  rtx_conf_cm.o(i.os_tmr_call)
    i.pin_enable                             0x08001dd4   Section        0  app.o(i.pin_enable)
    pin_enable                               0x08001dd5   Thumb Code    34  app.o(i.pin_enable)
    i.pin_mode                               0x08001dfc   Section        0  app.o(i.pin_mode)
    pin_mode                                 0x08001dfd   Thumb Code    62  app.o(i.pin_mode)
    i.pin_setup                              0x08001e3a   Section        0  app.o(i.pin_setup)
    pin_setup                                0x08001e3b   Thumb Code   228  app.o(i.pin_setup)
    i.rt_alloc_box                           0x08001f1e   Section        0  rt_membox.o(i.rt_alloc_box)
    i.rt_block                               0x08001f38   Section        0  rt_task.o(i.rt_block)
    i.rt_chk_robin                           0x08001f70   Section        0  rt_robin.o(i.rt_chk_robin)
    i.rt_dec_dly                             0x08001fb8   Section        0  rt_list.o(i.rt_dec_dly)
    i.rt_dispatch                            0x0800202c   Section        0  rt_task.o(i.rt_dispatch)
    i.rt_dly_wait                            0x08002070   Section        0  rt_time.o(i.rt_dly_wait)
    i.rt_evt_psh                             0x08002078   Section        0  rt_event.o(i.rt_evt_psh)
    i.rt_free_box                            0x080020c4   Section        0  rt_membox.o(i.rt_free_box)
    i.rt_get_first                           0x080020e4   Section        0  rt_list.o(i.rt_get_first)
    i.rt_init_context                        0x0800210c   Section        0  rt_task.o(i.rt_init_context)
    rt_init_context                          0x0800210d   Thumb Code    70  rt_task.o(i.rt_init_context)
    i.rt_init_robin                          0x08002158   Section        0  rt_robin.o(i.rt_init_robin)
    i.rt_init_stack                          0x08002170   Section        0  hal_cm4.o(i.rt_init_stack)
    i.rt_mbx_psh                             0x080021c0   Section        0  rt_mailbox.o(i.rt_mbx_psh)
    i.rt_mut_release                         0x08002294   Section        0  rt_mutex.o(i.rt_mut_release)
    i.rt_mut_wait                            0x08002378   Section        0  rt_mutex.o(i.rt_mut_wait)
    i.rt_pop_req                             0x080023e0   Section        0  rt_system.o(i.rt_pop_req)
    i.rt_put_dly                             0x0800245c   Section        0  rt_list.o(i.rt_put_dly)
    i.rt_put_prio                            0x080024a4   Section        0  rt_list.o(i.rt_put_prio)
    i.rt_put_rdy_first                       0x080024dc   Section        0  rt_list.o(i.rt_put_rdy_first)
    i.rt_resort_prio                         0x080024f0   Section        0  rt_list.o(i.rt_resort_prio)
    i.rt_rmv_dly                             0x08002524   Section        0  rt_list.o(i.rt_rmv_dly)
    i.rt_rmv_list                            0x0800254c   Section        0  rt_list.o(i.rt_rmv_list)
    i.rt_sem_psh                             0x0800257c   Section        0  rt_semaphore.o(i.rt_sem_psh)
    i.rt_stk_check                           0x080025b0   Section        0  rt_system.o(i.rt_stk_check)
    i.rt_switch_req                          0x080025d4   Section        0  rt_task.o(i.rt_switch_req)
    i.rt_sys_init                            0x080025fc   Section        0  rt_task.o(i.rt_sys_init)
    i.rt_systick                             0x08002750   Section        0  rt_system.o(i.rt_systick)
    i.rt_tmr_tick                            0x08002790   Section        0  rt_timer.o(i.rt_tmr_tick)
    i.rt_tsk_create                          0x080027d0   Section        0  rt_task.o(i.rt_tsk_create)
    i.rt_tsk_delete                          0x08002860   Section        0  rt_task.o(i.rt_tsk_delete)
    i.rt_tsk_self                            0x080029cc   Section        0  rt_task.o(i.rt_tsk_self)
    i.setup                                  0x080029dc   Section        0  app.o(i.setup)
    i.timerHandler                           0x08002a64   Section        0  app.o(i.timerHandler)
    locale$$code                             0x08002ac8   Section       44  lc_numeric_c.o(locale$$code)
    x$fpl$d2f                                0x08002af4   Section       98  d2f.o(x$fpl$d2f)
    $v0                                      0x08002af4   Number         0  d2f.o(x$fpl$d2f)
    x$fpl$dadd                               0x08002b58   Section      336  daddsub_clz.o(x$fpl$dadd)
    $v0                                      0x08002b58   Number         0  daddsub_clz.o(x$fpl$dadd)
    _dadd1                                   0x08002b69   Thumb Code     0  daddsub_clz.o(x$fpl$dadd)
    x$fpl$ddiv                               0x08002ca8   Section      688  ddiv.o(x$fpl$ddiv)
    $v0                                      0x08002ca8   Number         0  ddiv.o(x$fpl$ddiv)
    ddiv_entry                               0x08002caf   Thumb Code     0  ddiv.o(x$fpl$ddiv)
    x$fpl$dflt                               0x08002f58   Section       46  dflt_clz.o(x$fpl$dflt)
    $v0                                      0x08002f58   Number         0  dflt_clz.o(x$fpl$dflt)
    x$fpl$dmul                               0x08002f88   Section      340  dmul.o(x$fpl$dmul)
    $v0                                      0x08002f88   Number         0  dmul.o(x$fpl$dmul)
    x$fpl$dnaninf                            0x080030dc   Section      156  dnaninf.o(x$fpl$dnaninf)
    $v0                                      0x080030dc   Number         0  dnaninf.o(x$fpl$dnaninf)
    x$fpl$dretinf                            0x08003178   Section       12  dretinf.o(x$fpl$dretinf)
    $v0                                      0x08003178   Number         0  dretinf.o(x$fpl$dretinf)
    x$fpl$dsub                               0x08003184   Section      468  daddsub_clz.o(x$fpl$dsub)
    $v0                                      0x08003184   Number         0  daddsub_clz.o(x$fpl$dsub)
    _dsub1                                   0x08003195   Thumb Code     0  daddsub_clz.o(x$fpl$dsub)
    x$fpl$f2d                                0x08003358   Section       86  f2d.o(x$fpl$f2d)
    $v0                                      0x08003358   Number         0  f2d.o(x$fpl$f2d)
    x$fpl$fnaninf                            0x080033ae   Section      140  fnaninf.o(x$fpl$fnaninf)
    $v0                                      0x080033ae   Number         0  fnaninf.o(x$fpl$fnaninf)
    x$fpl$fpinit                             0x0800343a   Section       10  fpinit.o(x$fpl$fpinit)
    $v0                                      0x0800343a   Number         0  fpinit.o(x$fpl$fpinit)
    x$fpl$fretinf                            0x08003444   Section       10  fretinf.o(x$fpl$fretinf)
    $v0                                      0x08003444   Number         0  fretinf.o(x$fpl$fretinf)
    x$fpl$printf1                            0x0800344e   Section        4  printf1.o(x$fpl$printf1)
    $v0                                      0x0800344e   Number         0  printf1.o(x$fpl$printf1)
    x$fpl$usenofp                            0x08003452   Section        0  usenofp.o(x$fpl$usenofp)
    .constdata                               0x08003454   Section       40  rtx_conf_cm.o(.constdata)
    __tagsym$$used                           0x08003468   Number         0  rtx_conf_cm.o(.constdata)
    __tagsym$$used                           0x0800346c   Number         0  rtx_conf_cm.o(.constdata)
    .constdata                               0x0800347c   Section        9  app.o(.constdata)
    .constdata                               0x08003488   Section        4  rt_system.o(.constdata)
    __tagsym$$used                           0x08003488   Number         0  rt_system.o(.constdata)
    .constdata                               0x0800348c   Section      148  bigflt0.o(.constdata)
    tenpwrs_x                                0x0800348c   Data          60  bigflt0.o(.constdata)
    tenpwrs_i                                0x080034c8   Data          64  bigflt0.o(.constdata)
    locale$$data                             0x08003540   Section       28  lc_numeric_c.o(locale$$data)
    __lcnum_c_name                           0x08003544   Data           2  lc_numeric_c.o(locale$$data)
    __lcnum_c_start                          0x0800354c   Data           0  lc_numeric_c.o(locale$$data)
    __lcnum_c_point                          0x08003558   Data           0  lc_numeric_c.o(locale$$data)
    __lcnum_c_thousands                      0x0800355a   Data           0  lc_numeric_c.o(locale$$data)
    __lcnum_c_grouping                       0x0800355b   Data           0  lc_numeric_c.o(locale$$data)
    __lcnum_c_end                            0x0800355c   Data           0  lc_numeric_c.o(locale$$data)
    .data                                    0x20000000   Section        8  rtx_conf_cm.o(.data)
    nr_mutex                                 0x20000004   Data           4  rtx_conf_cm.o(.data)
    .data                                    0x20000008   Section      116  app.o(.data)
    STM32_port_name                          0x20000008   Data           9  app.o(.data)
    KBD_MAP                                  0x20000011   Data          12  app.o(.data)
    .data                                    0x2000007c   Section        8  rt_task.o(.data)
    .data                                    0x20000084   Section        4  rt_time.o(.data)
    .data                                    0x20000088   Section        1  hal_cm4.o(.data)
    .data                                    0x2000008c   Section        8  rt_system.o(.data)
    os_lock                                  0x2000008c   Data           1  rt_system.o(.data)
    os_psh_flag                              0x2000008d   Data           1  rt_system.o(.data)
    pend_flags                               0x2000008e   Data           1  rt_system.o(.data)
    .data                                    0x20000094   Section        8  rt_robin.o(.data)
    .data                                    0x2000009c   Section        8  rt_timer.o(.data)
    .bss                                     0x200000a8   Section     7484  rtx_conf_cm.o(.bss)
    std_libspace                             0x200019a4   Data         960  rtx_conf_cm.o(.bss)
    std_libmutex                             0x20001d64   Data         128  rtx_conf_cm.o(.bss)
    .bss                                     0x20001de4   Section       56  rt_task.o(.bss)
    .bss                                     0x20001e1c   Section       48  rt_list.o(.bss)
    .bss                                     0x20001e4c   Section       96  libspace.o(.bss)
    HEAP                                     0x20001eb0   Section      512  startup_stm32f407xx.o(HEAP)
    Heap_Mem                                 0x20001eb0   Data         512  startup_stm32f407xx.o(HEAP)
    STACK                                    0x200020b0   Section     1024  startup_stm32f407xx.o(STACK)
    Stack_Mem                                0x200020b0   Data        1024  startup_stm32f407xx.o(STACK)
    __initial_sp                             0x200024b0   Data           0  startup_stm32f407xx.o(STACK)

    Global Symbols

    Symbol Name                              Value     Ov Type        Size  Object(Section)

    BuildAttributes$$THM_ISAv4$E$P$D$K$B$S$7EM$VFPi3$EXTD16$VFPS$VFMA$PE$A:L22UL41UL21$X:L11$S22US41US21$IEEE1$IW$USESV6$~STKCKD$USESV7$~SHL$OTIME$ROPI$IEEEJ$EBA8$UX$STANDARDLIB$REQ8$PRES8$EABIv2 0x00000000   Number         0  anon$$obj.o ABSOLUTE
    __ARM_use_no_argv                        0x00000000   Number         0  app.o ABSOLUTE
    _printf_flags                            0x00000000   Number         0  printf_stubs.o ABSOLUTE
    _printf_return_value                     0x00000000   Number         0  printf_stubs.o ABSOLUTE
    _printf_sizespec                         0x00000000   Number         0  printf_stubs.o ABSOLUTE
    _printf_widthprec                        0x00000000   Number         0  printf_stubs.o ABSOLUTE
    __ARM_exceptions_init                     - Undefined Weak Reference
    __alloca_initialize                       - Undefined Weak Reference
    __arm_preinit_                            - Undefined Weak Reference
    __cpp_initialize__aeabi_                  - Undefined Weak Reference
    __cxa_finalize                            - Undefined Weak Reference
    __sigvec_lookup                           - Undefined Weak Reference
    _atexit_init                              - Undefined Weak Reference
    _call_atexit_fns                          - Undefined Weak Reference
    _clock_init                               - Undefined Weak Reference
    _fp_trap_init                             - Undefined Weak Reference
    _fp_trap_shutdown                         - Undefined Weak Reference
    _get_lc_collate                           - Undefined Weak Reference
    _get_lc_ctype                             - Undefined Weak Reference
    _get_lc_monetary                          - Undefined Weak Reference
    _get_lc_time                              - Undefined Weak Reference
    _getenv_init                              - Undefined Weak Reference
    _handle_redirection                       - Undefined Weak Reference
    _init_alloc                               - Undefined Weak Reference
    _init_user_alloc                          - Undefined Weak Reference
    _initio                                   - Undefined Weak Reference
    _printf_post_padding                      - Undefined Weak Reference
    _printf_pre_padding                       - Undefined Weak Reference
    _printf_truncate_signed                   - Undefined Weak Reference
    _printf_truncate_unsigned                 - Undefined Weak Reference
    _rand_init                                - Undefined Weak Reference
    _signal_finish                            - Undefined Weak Reference
    _signal_init                              - Undefined Weak Reference
    _terminate_alloc                          - Undefined Weak Reference
    _terminate_user_alloc                     - Undefined Weak Reference
    _terminateio                              - Undefined Weak Reference
    __Vectors_Size                           0x00000188   Number         0  startup_stm32f407xx.o ABSOLUTE
    __RL_RTX_VER                             0x00000475   Number         0  rt_system.o ABSOLUTE
    __Vectors                                0x08000000   Data           4  startup_stm32f407xx.o(RESET)
    __Vectors_End                            0x08000188   Data           0  startup_stm32f407xx.o(RESET)
    __main                                   0x08000189   Thumb Code     8  __main.o(!!!main)
    __scatterload                            0x08000191   Thumb Code     0  __scatter.o(!!!scatter)
    __scatterload_rt2                        0x08000191   Thumb Code    44  __scatter.o(!!!scatter)
    __scatterload_rt2_thumb_only             0x08000191   Thumb Code     0  __scatter.o(!!!scatter)
    __scatterload_null                       0x0800019f   Thumb Code     0  __scatter.o(!!!scatter)
    __scatterload_copy                       0x080001c5   Thumb Code    26  __scatter_copy.o(!!handler_copy)
    __scatterload_zeroinit                   0x080001e1   Thumb Code    28  __scatter_zi.o(!!handler_zi)
    _printf_f                                0x080001fd   Thumb Code     0  _printf_f.o(.ARM.Collect$$_printf_percent$$00000003)
    _printf_percent                          0x080001fd   Thumb Code     0  _printf_percent.o(.ARM.Collect$$_printf_percent$$00000000)
    _printf_d                                0x08000203   Thumb Code     0  _printf_d.o(.ARM.Collect$$_printf_percent$$00000009)
    _printf_percent_end                      0x08000209   Thumb Code     0  _printf_percent_end.o(.ARM.Collect$$_printf_percent$$00000017)
    __rt_lib_init                            0x0800020d   Thumb Code     0  libinit.o(.ARM.Collect$$libinit$$00000000)
    __rt_lib_init_fp_1                       0x0800020f   Thumb Code     0  libinit2.o(.ARM.Collect$$libinit$$00000001)
    __rt_lib_init_heap_1                     0x08000213   Thumb Code     0  libinit2.o(.ARM.Collect$$libinit$$0000000A)
    __rt_lib_init_lc_common                  0x08000213   Thumb Code     0  libinit2.o(.ARM.Collect$$libinit$$0000000F)
    __rt_lib_init_preinit_1                  0x08000213   Thumb Code     0  libinit2.o(.ARM.Collect$$libinit$$00000004)
    __rt_lib_init_rand_1                     0x08000213   Thumb Code     0  libinit2.o(.ARM.Collect$$libinit$$0000000E)
    __rt_lib_init_user_alloc_1               0x08000213   Thumb Code     0  libinit2.o(.ARM.Collect$$libinit$$0000000C)
    __rt_lib_init_lc_collate_1               0x08000219   Thumb Code     0  libinit2.o(.ARM.Collect$$libinit$$00000011)
    __rt_lib_init_lc_ctype_1                 0x08000219   Thumb Code     0  libinit2.o(.ARM.Collect$$libinit$$00000013)
    __rt_lib_init_lc_monetary_1              0x08000219   Thumb Code     0  libinit2.o(.ARM.Collect$$libinit$$00000015)
    __rt_lib_init_lc_numeric_2               0x08000219   Thumb Code     0  libinit2.o(.ARM.Collect$$libinit$$00000016)
    __rt_lib_init_alloca_1                   0x08000223   Thumb Code     0  libinit2.o(.ARM.Collect$$libinit$$0000002E)
    __rt_lib_init_argv_1                     0x08000223   Thumb Code     0  libinit2.o(.ARM.Collect$$libinit$$0000002C)
    __rt_lib_init_atexit_1                   0x08000223   Thumb Code     0  libinit2.o(.ARM.Collect$$libinit$$0000001B)
    __rt_lib_init_clock_1                    0x08000223   Thumb Code     0  libinit2.o(.ARM.Collect$$libinit$$00000021)
    __rt_lib_init_cpp_1                      0x08000223   Thumb Code     0  libinit2.o(.ARM.Collect$$libinit$$00000032)
    __rt_lib_init_exceptions_1               0x08000223   Thumb Code     0  libinit2.o(.ARM.Collect$$libinit$$00000030)
    __rt_lib_init_fp_trap_1                  0x08000223   Thumb Code     0  libinit2.o(.ARM.Collect$$libinit$$0000001F)
    __rt_lib_init_getenv_1                   0x08000223   Thumb Code     0  libinit2.o(.ARM.Collect$$libinit$$00000023)
    __rt_lib_init_lc_numeric_1               0x08000223   Thumb Code     0  libinit2.o(.ARM.Collect$$libinit$$00000017)
    __rt_lib_init_lc_time_1                  0x08000223   Thumb Code     0  libinit2.o(.ARM.Collect$$libinit$$00000019)
    __rt_lib_init_return                     0x08000223   Thumb Code     0  libinit2.o(.ARM.Collect$$libinit$$00000033)
    __rt_lib_init_signal_1                   0x08000223   Thumb Code     0  libinit2.o(.ARM.Collect$$libinit$$0000001D)
    __rt_lib_init_stdio_1                    0x08000223   Thumb Code     0  libinit2.o(.ARM.Collect$$libinit$$00000025)
    __rt_lib_shutdown                        0x08000225   Thumb Code     0  libshutdown.o(.ARM.Collect$$libshutdown$$00000000)
    __rt_lib_shutdown_cpp_1                  0x08000227   Thumb Code     0  libshutdown2.o(.ARM.Collect$$libshutdown$$00000002)
    __rt_lib_shutdown_fp_trap_1              0x08000227   Thumb Code     0  libshutdown2.o(.ARM.Collect$$libshutdown$$00000007)
    __rt_lib_shutdown_heap_1                 0x08000227   Thumb Code     0  libshutdown2.o(.ARM.Collect$$libshutdown$$0000000F)
    __rt_lib_shutdown_return                 0x08000227   Thumb Code     0  libshutdown2.o(.ARM.Collect$$libshutdown$$00000010)
    __rt_lib_shutdown_signal_1               0x08000227   Thumb Code     0  libshutdown2.o(.ARM.Collect$$libshutdown$$0000000A)
    __rt_lib_shutdown_stdio_1                0x08000227   Thumb Code     0  libshutdown2.o(.ARM.Collect$$libshutdown$$00000004)
    __rt_lib_shutdown_user_alloc_1           0x08000227   Thumb Code     0  libshutdown2.o(.ARM.Collect$$libshutdown$$0000000C)
    __rt_entry                               0x08000229   Thumb Code     0  __rtentry.o(.ARM.Collect$$rtentry$$00000000)
    __rt_entry_presh_1                       0x08000229   Thumb Code     0  __rtentry2.o(.ARM.Collect$$rtentry$$00000002)
    __rt_entry_sh                            0x08000229   Thumb Code     0  __rtentry4.o(.ARM.Collect$$rtentry$$00000004)
    __rt_entry_li                            0x0800022f   Thumb Code     0  __rtentry2.o(.ARM.Collect$$rtentry$$0000000A)
    __rt_entry_postsh_1                      0x0800022f   Thumb Code     0  __rtentry2.o(.ARM.Collect$$rtentry$$00000009)
    __rt_entry_main                          0x08000233   Thumb Code     0  __rtentry2.o(.ARM.Collect$$rtentry$$0000000D)
    __rt_entry_postli_1                      0x08000233   Thumb Code     0  __rtentry2.o(.ARM.Collect$$rtentry$$0000000C)
    __rt_exit                                0x0800023b   Thumb Code     0  rtexit.o(.ARM.Collect$$rtexit$$00000000)
    __rt_exit_ls                             0x0800023d   Thumb Code     0  rtexit2.o(.ARM.Collect$$rtexit$$00000003)
    __rt_exit_prels_1                        0x0800023d   Thumb Code     0  rtexit2.o(.ARM.Collect$$rtexit$$00000002)
    __rt_exit_exit                           0x08000241   Thumb Code     0  rtexit2.o(.ARM.Collect$$rtexit$$00000004)
    rt_set_PSP                               0x08000249   Thumb Code     6  hal_cm4.o(.emb_text)
    rt_get_PSP                               0x0800024f   Thumb Code     6  hal_cm4.o(.emb_text)
    os_set_env                               0x08000255   Thumb Code    24  hal_cm4.o(.emb_text)
    _alloc_box                               0x08000271   Thumb Code    28  hal_cm4.o(.emb_text)
    _free_box                                0x08000291   Thumb Code    28  hal_cm4.o(.emb_text)
    SVC_Handler                              0x080002b1   Thumb Code   180  hal_cm4.o(.emb_text)
    PendSV_Handler                           0x08000375   Thumb Code   112  hal_cm4.o(.emb_text)
    SysTick_Handler                          0x080003e9   Thumb Code     8  hal_cm4.o(.emb_text)
    OS_Tick_Handler                          0x080003f1   Thumb Code    12  hal_cm4.o(.emb_text)
    Reset_Handler                            0x080003fd   Thumb Code     8  startup_stm32f407xx.o(.text)
    NMI_Handler                              0x08000405   Thumb Code     2  startup_stm32f407xx.o(.text)
    HardFault_Handler                        0x08000407   Thumb Code     2  startup_stm32f407xx.o(.text)
    MemManage_Handler                        0x08000409   Thumb Code     2  startup_stm32f407xx.o(.text)
    BusFault_Handler                         0x0800040b   Thumb Code     2  startup_stm32f407xx.o(.text)
    UsageFault_Handler                       0x0800040d   Thumb Code     2  startup_stm32f407xx.o(.text)
    DebugMon_Handler                         0x08000411   Thumb Code     2  startup_stm32f407xx.o(.text)
    ADC_IRQHandler                           0x08000417   Thumb Code     0  startup_stm32f407xx.o(.text)
    CAN1_RX0_IRQHandler                      0x08000417   Thumb Code     0  startup_stm32f407xx.o(.text)
    CAN1_RX1_IRQHandler                      0x08000417   Thumb Code     0  startup_stm32f407xx.o(.text)
    CAN1_SCE_IRQHandler                      0x08000417   Thumb Code     0  startup_stm32f407xx.o(.text)
    CAN1_TX_IRQHandler                       0x08000417   Thumb Code     0  startup_stm32f407xx.o(.text)
    CAN2_RX0_IRQHandler                      0x08000417   Thumb Code     0  startup_stm32f407xx.o(.text)
    CAN2_RX1_IRQHandler                      0x08000417   Thumb Code     0  startup_stm32f407xx.o(.text)
    CAN2_SCE_IRQHandler                      0x08000417   Thumb Code     0  startup_stm32f407xx.o(.text)
    CAN2_TX_IRQHandler                       0x08000417   Thumb Code     0  startup_stm32f407xx.o(.text)
    DCMI_IRQHandler                          0x08000417   Thumb Code     0  startup_stm32f407xx.o(.text)
    DMA1_Stream0_IRQHandler                  0x08000417   Thumb Code     0  startup_stm32f407xx.o(.text)
    DMA1_Stream1_IRQHandler                  0x08000417   Thumb Code     0  startup_stm32f407xx.o(.text)
    DMA1_Stream2_IRQHandler                  0x08000417   Thumb Code     0  startup_stm32f407xx.o(.text)
    DMA1_Stream3_IRQHandler                  0x08000417   Thumb Code     0  startup_stm32f407xx.o(.text)
    DMA1_Stream4_IRQHandler                  0x08000417   Thumb Code     0  startup_stm32f407xx.o(.text)
    DMA1_Stream5_IRQHandler                  0x08000417   Thumb Code     0  startup_stm32f407xx.o(.text)
    DMA1_Stream6_IRQHandler                  0x08000417   Thumb Code     0  startup_stm32f407xx.o(.text)
    DMA1_Stream7_IRQHandler                  0x08000417   Thumb Code     0  startup_stm32f407xx.o(.text)
    DMA2_Stream0_IRQHandler                  0x08000417   Thumb Code     0  startup_stm32f407xx.o(.text)
    DMA2_Stream1_IRQHandler                  0x08000417   Thumb Code     0  startup_stm32f407xx.o(.text)
    DMA2_Stream2_IRQHandler                  0x08000417   Thumb Code     0  startup_stm32f407xx.o(.text)
    DMA2_Stream3_IRQHandler                  0x08000417   Thumb Code     0  startup_stm32f407xx.o(.text)
    DMA2_Stream4_IRQHandler                  0x08000417   Thumb Code     0  startup_stm32f407xx.o(.text)
    DMA2_Stream5_IRQHandler                  0x08000417   Thumb Code     0  startup_stm32f407xx.o(.text)
    DMA2_Stream6_IRQHandler                  0x08000417   Thumb Code     0  startup_stm32f407xx.o(.text)
    DMA2_Stream7_IRQHandler                  0x08000417   Thumb Code     0  startup_stm32f407xx.o(.text)
    ETH_IRQHandler                           0x08000417   Thumb Code     0  startup_stm32f407xx.o(.text)
    ETH_WKUP_IRQHandler                      0x08000417   Thumb Code     0  startup_stm32f407xx.o(.text)
    EXTI0_IRQHandler                         0x08000417   Thumb Code     0  startup_stm32f407xx.o(.text)
    EXTI15_10_IRQHandler                     0x08000417   Thumb Code     0  startup_stm32f407xx.o(.text)
    EXTI1_IRQHandler                         0x08000417   Thumb Code     0  startup_stm32f407xx.o(.text)
    EXTI2_IRQHandler                         0x08000417   Thumb Code     0  startup_stm32f407xx.o(.text)
    EXTI3_IRQHandler                         0x08000417   Thumb Code     0  startup_stm32f407xx.o(.text)
    EXTI4_IRQHandler                         0x08000417   Thumb Code     0  startup_stm32f407xx.o(.text)
    EXTI9_5_IRQHandler                       0x08000417   Thumb Code     0  startup_stm32f407xx.o(.text)
    FLASH_IRQHandler                         0x08000417   Thumb Code     0  startup_stm32f407xx.o(.text)
    FMC_IRQHandler                           0x08000417   Thumb Code     0  startup_stm32f407xx.o(.text)
    FPU_IRQHandler                           0x08000417   Thumb Code     0  startup_stm32f407xx.o(.text)
    HASH_RNG_IRQHandler                      0x08000417   Thumb Code     0  startup_stm32f407xx.o(.text)
    I2C1_ER_IRQHandler                       0x08000417   Thumb Code     0  startup_stm32f407xx.o(.text)
    I2C1_EV_IRQHandler                       0x08000417   Thumb Code     0  startup_stm32f407xx.o(.text)
    I2C2_ER_IRQHandler                       0x08000417   Thumb Code     0  startup_stm32f407xx.o(.text)
    I2C2_EV_IRQHandler                       0x08000417   Thumb Code     0  startup_stm32f407xx.o(.text)
    I2C3_ER_IRQHandler                       0x08000417   Thumb Code     0  startup_stm32f407xx.o(.text)
    I2C3_EV_IRQHandler                       0x08000417   Thumb Code     0  startup_stm32f407xx.o(.text)
    OTG_FS_IRQHandler                        0x08000417   Thumb Code     0  startup_stm32f407xx.o(.text)
    OTG_FS_WKUP_IRQHandler                   0x08000417   Thumb Code     0  startup_stm32f407xx.o(.text)
    OTG_HS_EP1_IN_IRQHandler                 0x08000417   Thumb Code     0  startup_stm32f407xx.o(.text)
    OTG_HS_EP1_OUT_IRQHandler                0x08000417   Thumb Code     0  startup_stm32f407xx.o(.text)
    OTG_HS_IRQHandler                        0x08000417   Thumb Code     0  startup_stm32f407xx.o(.text)
    OTG_HS_WKUP_IRQHandler                   0x08000417   Thumb Code     0  startup_stm32f407xx.o(.text)
    PVD_IRQHandler                           0x08000417   Thumb Code     0  startup_stm32f407xx.o(.text)
    RCC_IRQHandler                           0x08000417   Thumb Code     0  startup_stm32f407xx.o(.text)
    RTC_Alarm_IRQHandler                     0x08000417   Thumb Code     0  startup_stm32f407xx.o(.text)
    RTC_WKUP_IRQHandler                      0x08000417   Thumb Code     0  startup_stm32f407xx.o(.text)
    SDIO_IRQHandler                          0x08000417   Thumb Code     0  startup_stm32f407xx.o(.text)
    SPI1_IRQHandler                          0x08000417   Thumb Code     0  startup_stm32f407xx.o(.text)
    SPI2_IRQHandler                          0x08000417   Thumb Code     0  startup_stm32f407xx.o(.text)
    SPI3_IRQHandler                          0x08000417   Thumb Code     0  startup_stm32f407xx.o(.text)
    TAMP_STAMP_IRQHandler                    0x08000417   Thumb Code     0  startup_stm32f407xx.o(.text)
    TIM1_BRK_TIM9_IRQHandler                 0x08000417   Thumb Code     0  startup_stm32f407xx.o(.text)
    TIM1_CC_IRQHandler                       0x08000417   Thumb Code     0  startup_stm32f407xx.o(.text)
    TIM1_TRG_COM_TIM11_IRQHandler            0x08000417   Thumb Code     0  startup_stm32f407xx.o(.text)
    TIM1_UP_TIM10_IRQHandler                 0x08000417   Thumb Code     0  startup_stm32f407xx.o(.text)
    TIM2_IRQHandler                          0x08000417   Thumb Code     0  startup_stm32f407xx.o(.text)
    TIM3_IRQHandler                          0x08000417   Thumb Code     0  startup_stm32f407xx.o(.text)
    TIM4_IRQHandler                          0x08000417   Thumb Code     0  startup_stm32f407xx.o(.text)
    TIM5_IRQHandler                          0x08000417   Thumb Code     0  startup_stm32f407xx.o(.text)
    TIM6_DAC_IRQHandler                      0x08000417   Thumb Code     0  startup_stm32f407xx.o(.text)
    TIM7_IRQHandler                          0x08000417   Thumb Code     0  startup_stm32f407xx.o(.text)
    TIM8_BRK_TIM12_IRQHandler                0x08000417   Thumb Code     0  startup_stm32f407xx.o(.text)
    TIM8_CC_IRQHandler                       0x08000417   Thumb Code     0  startup_stm32f407xx.o(.text)
    TIM8_TRG_COM_TIM14_IRQHandler            0x08000417   Thumb Code     0  startup_stm32f407xx.o(.text)
    TIM8_UP_TIM13_IRQHandler                 0x08000417   Thumb Code     0  startup_stm32f407xx.o(.text)
    UART4_IRQHandler                         0x08000417   Thumb Code     0  startup_stm32f407xx.o(.text)
    UART5_IRQHandler                         0x08000417   Thumb Code     0  startup_stm32f407xx.o(.text)
    USART1_IRQHandler                        0x08000417   Thumb Code     0  startup_stm32f407xx.o(.text)
    USART2_IRQHandler                        0x08000417   Thumb Code     0  startup_stm32f407xx.o(.text)
    USART3_IRQHandler                        0x08000417   Thumb Code     0  startup_stm32f407xx.o(.text)
    USART6_IRQHandler                        0x08000417   Thumb Code     0  startup_stm32f407xx.o(.text)
    WWDG_IRQHandler                          0x08000417   Thumb Code     0  startup_stm32f407xx.o(.text)
    __user_initial_stackheap                 0x08000419   Thumb Code     0  startup_stm32f407xx.o(.text)
    __user_libspace                          0x0800043d   Thumb Code     8  libspace.o(.text)
    __user_perproc_libspace                  0x0800043d   Thumb Code     0  libspace.o(.text)
    __2sprintf                               0x08000445   Thumb Code    34  noretval__2sprintf.o(.text)
    _printf_int_dec                          0x0800046d   Thumb Code   104  _printf_dec.o(.text)
    __printf                                 0x080004e5   Thumb Code   270  __printf_wp.o(.text)
    strlen                                   0x080005f3   Thumb Code    62  strlen.o(.text)
    __use_two_region_memory                  0x08000631   Thumb Code     2  heapauxi.o(.text)
    __rt_heap_escrow$2region                 0x08000633   Thumb Code     2  heapauxi.o(.text)
    __rt_heap_expand$2region                 0x08000635   Thumb Code     2  heapauxi.o(.text)
    _printf_int_common                       0x08000637   Thumb Code   178  _printf_intcommon.o(.text)
    __lib_sel_fp_printf                      0x080006e9   Thumb Code     2  _printf_fp_dec.o(.text)
    _printf_fp_dec_real                      0x08000897   Thumb Code   620  _printf_fp_dec.o(.text)
    _printf_char_common                      0x08000b0f   Thumb Code    32  _printf_char_common.o(.text)
    _sputc                                   0x08000b35   Thumb Code    10  _sputc.o(.text)
    __rt_locale                              0x08000b3f   Thumb Code    10  rt_locale_twolibspace.o(.text)
    _ll_udiv10                               0x08000b49   Thumb Code   138  lludiv10.o(.text)
    _printf_fp_infnan                        0x08000bd5   Thumb Code   112  _printf_fp_infnan.o(.text)
    _btod_etento                             0x08000c55   Thumb Code   216  bigflt0.o(.text)
    __user_setup_stackheap                   0x08000d31   Thumb Code    74  sys_stackheap_outer.o(.text)
    exit                                     0x08000d7b   Thumb Code    18  exit.o(.text)
    strcmp                                   0x08000d8d   Thumb Code   128  strcmpv7m.o(.text)
    _sys_exit                                0x08000e0d   Thumb Code     8  sys_exit.o(.text)
    __I$use$semihosting                      0x08000e19   Thumb Code     0  use_no_semi.o(.text)
    __use_no_semihosting_swi                 0x08000e19   Thumb Code     2  use_no_semi.o(.text)
    __semihosting_library_function           0x08000e1b   Thumb Code     0  indicate_semi.o(.text)
    _btod_d2e                                0x08000e1b   Thumb Code    62  btod.o(CL$$btod_d2e)
    _d2e_denorm_low                          0x08000e59   Thumb Code    70  btod.o(CL$$btod_d2e_denorm_low)
    _d2e_norm_op1                            0x08000e9f   Thumb Code    96  btod.o(CL$$btod_d2e_norm_op1)
    __btod_div_common                        0x08000eff   Thumb Code   696  btod.o(CL$$btod_div_common)
    _e2e                                     0x08001237   Thumb Code   198  btod.o(CL$$btod_e2e)
    _btod_ediv                               0x080012fd   Thumb Code    40  btod.o(CL$$btod_ediv)
    _btod_emul                               0x08001325   Thumb Code    40  btod.o(CL$$btod_emul)
    __btod_mult_common                       0x0800134d   Thumb Code   580  btod.o(CL$$btod_mult_common)
    SVC_Count                                0x08001590   Data           4  svc_table.o(SVC_TABLE)
    KBDHandler                               0x08001595   Thumb Code   104  app.o(i.KBDHandler)
    SVC_Table                                0x08001594   Data           0  svc_table.o(SVC_TABLE)
    KBD_findKeyInRow                         0x0800165d   Thumb Code   124  app.o(i.KBD_findKeyInRow)
    KBD_read                                 0x080016dd   Thumb Code   140  app.o(i.KBD_read)
    KBD_setup                                0x08001769   Thumb Code    76  app.o(i.KBD_setup)
    LCDHandler                               0x080017bd   Thumb Code   316  app.o(i.LCDHandler)
    LCD_print                                0x0800195d   Thumb Code    30  app.o(i.LCD_print)
    LCD_setup                                0x0800199f   Thumb Code   108  app.o(i.LCD_setup)
    LCD_symbol                               0x08001a0b   Thumb Code    38  app.o(i.LCD_symbol)
    LED_setup                                0x08001a93   Thumb Code   152  app.o(i.LED_setup)
    SystemInit                               0x08001b2d   Thumb Code    82  system_stm32f4xx.o(i.SystemInit)
    __ARM_fpclassify                         0x08001b91   Thumb Code    48  fpclassify.o(i.__ARM_fpclassify)
    _init_box                                0x08001bc1   Thumb Code    70  rt_membox.o(i._init_box)
    _is_digit                                0x08001c07   Thumb Code    14  __printf_wp.o(i._is_digit)
    _mutex_acquire                           0x08001c15   Thumb Code    26  rtx_conf_cm.o(i._mutex_acquire)
    _mutex_release                           0x08001c35   Thumb Code    22  rtx_conf_cm.o(i._mutex_release)
    dbg_init                                 0x08001c51   Thumb Code    34  hal_cm4.o(i.dbg_init)
    dbg_task_notify                          0x08001c81   Thumb Code    32  hal_cm4.o(i.dbg_task_notify)
    dbg_task_switch                          0x08001ca1   Thumb Code    16  hal_cm4.o(i.dbg_task_switch)
    main                                     0x08001d7d   Thumb Code    22  app.o(i.main)
    os_error                                 0x08001d9d   Thumb Code     4  rtx_conf_cm.o(i.os_error)
    os_idle_demon                            0x08001da1   Thumb Code     4  rtx_conf_cm.o(i.os_idle_demon)
    os_tick_init                             0x08001da5   Thumb Code    32  rt_system.o(i.os_tick_init)
    os_tick_irqack                           0x08001dcd   Thumb Code     2  rt_system.o(i.os_tick_irqack)
    os_tmr_call                              0x08001dcf   Thumb Code     4  rtx_conf_cm.o(i.os_tmr_call)
    rt_alloc_box                             0x08001f1f   Thumb Code    26  rt_membox.o(i.rt_alloc_box)
    rt_block                                 0x08001f39   Thumb Code    48  rt_task.o(i.rt_block)
    rt_chk_robin                             0x08001f71   Thumb Code    60  rt_robin.o(i.rt_chk_robin)
    rt_dec_dly                               0x08001fb9   Thumb Code   106  rt_list.o(i.rt_dec_dly)
    rt_dispatch                              0x0800202d   Thumb Code    60  rt_task.o(i.rt_dispatch)
    rt_dly_wait                              0x08002071   Thumb Code     6  rt_time.o(i.rt_dly_wait)
    rt_evt_psh                               0x08002079   Thumb Code    72  rt_event.o(i.rt_evt_psh)
    rt_free_box                              0x080020c5   Thumb Code    32  rt_membox.o(i.rt_free_box)
    rt_get_first                             0x080020e5   Thumb Code    40  rt_list.o(i.rt_get_first)
    rt_init_robin                            0x08002159   Thumb Code    14  rt_robin.o(i.rt_init_robin)
    rt_init_stack                            0x08002171   Thumb Code    70  hal_cm4.o(i.rt_init_stack)
    rt_mbx_psh                               0x080021c1   Thumb Code   206  rt_mailbox.o(i.rt_mbx_psh)
    rt_mut_release                           0x08002295   Thumb Code   220  rt_mutex.o(i.rt_mut_release)
    rt_mut_wait                              0x08002379   Thumb Code   100  rt_mutex.o(i.rt_mut_wait)
    rt_pop_req                               0x080023e1   Thumb Code   112  rt_system.o(i.rt_pop_req)
    rt_put_dly                               0x0800245d   Thumb Code    68  rt_list.o(i.rt_put_dly)
    rt_put_prio                              0x080024a5   Thumb Code    54  rt_list.o(i.rt_put_prio)
    rt_put_rdy_first                         0x080024dd   Thumb Code    14  rt_list.o(i.rt_put_rdy_first)
    rt_resort_prio                           0x080024f1   Thumb Code    46  rt_list.o(i.rt_resort_prio)
    rt_rmv_dly                               0x08002525   Thumb Code    40  rt_list.o(i.rt_rmv_dly)
    rt_rmv_list                              0x0800254d   Thumb Code    44  rt_list.o(i.rt_rmv_list)
    rt_sem_psh                               0x0800257d   Thumb Code    46  rt_semaphore.o(i.rt_sem_psh)
    rt_stk_check                             0x080025b1   Thumb Code    28  rt_system.o(i.rt_stk_check)
    rt_switch_req                            0x080025d5   Thumb Code    30  rt_task.o(i.rt_switch_req)
    rt_sys_init                              0x080025fd   Thumb Code   268  rt_task.o(i.rt_sys_init)
    rt_systick                               0x08002751   Thumb Code    50  rt_system.o(i.rt_systick)
    rt_tmr_tick                              0x08002791   Thumb Code    56  rt_timer.o(i.rt_tmr_tick)
    rt_tsk_create                            0x080027d1   Thumb Code   122  rt_task.o(i.rt_tsk_create)
    rt_tsk_delete                            0x08002861   Thumb Code   336  rt_task.o(i.rt_tsk_delete)
    rt_tsk_self                              0x080029cd   Thumb Code    12  rt_task.o(i.rt_tsk_self)
    setup                                    0x080029dd   Thumb Code   102  app.o(i.setup)
    timerHandler                             0x08002a65   Thumb Code    82  app.o(i.timerHandler)
    _get_lc_numeric                          0x08002ac9   Thumb Code    44  lc_numeric_c.o(locale$$code)
    __aeabi_d2f                              0x08002af5   Thumb Code     0  d2f.o(x$fpl$d2f)
    _d2f                                     0x08002af5   Thumb Code    98  d2f.o(x$fpl$d2f)
    __aeabi_dadd                             0x08002b59   Thumb Code     0  daddsub_clz.o(x$fpl$dadd)
    _dadd                                    0x08002b59   Thumb Code   332  daddsub_clz.o(x$fpl$dadd)
    __aeabi_ddiv                             0x08002ca9   Thumb Code     0  ddiv.o(x$fpl$ddiv)
    _ddiv                                    0x08002ca9   Thumb Code   552  ddiv.o(x$fpl$ddiv)
    __aeabi_i2d                              0x08002f59   Thumb Code     0  dflt_clz.o(x$fpl$dflt)
    _dflt                                    0x08002f59   Thumb Code    46  dflt_clz.o(x$fpl$dflt)
    __aeabi_dmul                             0x08002f89   Thumb Code     0  dmul.o(x$fpl$dmul)
    _dmul                                    0x08002f89   Thumb Code   332  dmul.o(x$fpl$dmul)
    __fpl_dnaninf                            0x080030dd   Thumb Code   156  dnaninf.o(x$fpl$dnaninf)
    __fpl_dretinf                            0x08003179   Thumb Code    12  dretinf.o(x$fpl$dretinf)
    __aeabi_dsub                             0x08003185   Thumb Code     0  daddsub_clz.o(x$fpl$dsub)
    _dsub                                    0x08003185   Thumb Code   464  daddsub_clz.o(x$fpl$dsub)
    __aeabi_f2d                              0x08003359   Thumb Code     0  f2d.o(x$fpl$f2d)
    _f2d                                     0x08003359   Thumb Code    86  f2d.o(x$fpl$f2d)
    __fpl_fnaninf                            0x080033af   Thumb Code   140  fnaninf.o(x$fpl$fnaninf)
    _fp_init                                 0x0800343b   Thumb Code    10  fpinit.o(x$fpl$fpinit)
    __fplib_config_fpu_vfp                   0x08003443   Thumb Code     0  fpinit.o(x$fpl$fpinit)
    __fplib_config_pureend_doubles           0x08003443   Thumb Code     0  fpinit.o(x$fpl$fpinit)
    __fpl_fretinf                            0x08003445   Thumb Code    10  fretinf.o(x$fpl$fretinf)
    _printf_fp_dec                           0x0800344f   Thumb Code     4  printf1.o(x$fpl$printf1)
    __I$use$fp                               0x08003452   Number         0  usenofp.o(x$fpl$usenofp)
    os_maxtaskrun                            0x08003454   Data           2  rtx_conf_cm.o(.constdata)
    os_stackinfo                             0x08003458   Data           4  rtx_conf_cm.o(.constdata)
    os_rrobin                                0x0800345c   Data           4  rtx_conf_cm.o(.constdata)
    os_trv                                   0x08003460   Data           4  rtx_conf_cm.o(.constdata)
    os_flags                                 0x08003464   Data           1  rtx_conf_cm.o(.constdata)
    os_clockrate                             0x08003468   Data           4  rtx_conf_cm.o(.constdata)
    os_timernum                              0x0800346c   Data           4  rtx_conf_cm.o(.constdata)
    mp_tcb_size                              0x08003470   Data           2  rtx_conf_cm.o(.constdata)
    mp_stk_size                              0x08003474   Data           4  rtx_conf_cm.o(.constdata)
    os_fifo_size                             0x08003478   Data           1  rtx_conf_cm.o(.constdata)
    mp_tmr_size                              0x0800347a   Data           2  rtx_conf_cm.o(.constdata)
    KBD_rows                                 0x0800347c   Data           5  app.o(.constdata)
    KBD_cols                                 0x08003481   Data           4  app.o(.constdata)
    RL_RTX_Version                           0x08003488   Data           4  rt_system.o(.constdata)
    Region$$Table$$Base                      0x08003520   Number         0  anon$$obj.o(Region$$Table)
    Region$$Table$$Limit                     0x08003540   Number         0  anon$$obj.o(Region$$Table)
    m_tmr                                    0x20000000   Data           4  rtx_conf_cm.o(.data)
    userStatus                               0x20000020   Data           8  app.o(.data)
    alkohol                                  0x20000028   Data          64  app.o(.data)
    lcd_task                                 0x20000068   Data           4  app.o(.data)
    kbd_task                                 0x2000006c   Data           4  app.o(.data)
    timer_task                               0x20000070   Data           4  app.o(.data)
    update                                   0x20000074   Data           4  app.o(.data)
    page                                     0x20000078   Data           4  app.o(.data)
    os_tsk                                   0x2000007c   Data           8  rt_task.o(.data)
    os_time                                  0x20000084   Data           4  rt_time.o(.data)
    dbg_msg                                  0x20000088   Data           1  hal_cm4.o(.data)
    os_tick_irqn                             0x20000090   Data           4  rt_system.o(.data)
    os_robin                                 0x20000094   Data           8  rt_robin.o(.data)
    os_tmr                                   0x2000009c   Data           8  rt_timer.o(.data)
    mp_tcb                                   0x200000a8   Data         572  rtx_conf_cm.o(.bss)
    mp_stk                                   0x200002e8   Data        5648  rtx_conf_cm.o(.bss)
    os_fifo                                  0x200018f8   Data         132  rtx_conf_cm.o(.bss)
    os_active_TCB                            0x2000197c   Data          40  rtx_conf_cm.o(.bss)
    os_idle_TCB                              0x20001de4   Data          56  rt_task.o(.bss)
    os_rdy                                   0x20001e1c   Data          24  rt_list.o(.bss)
    os_dly                                   0x20001e34   Data          24  rt_list.o(.bss)
    __libspace_start                         0x20001e4c   Data          96  libspace.o(.bss)
    __temporary_stack_top$libspace           0x20001eac   Data           0  libspace.o(.bss)



==============================================================================

Memory Map of the image

  Image Entry point : 0x080003fd

  Load Region LR_1 (Base: 0x08000000, Size: 0x00003600, Max: 0xffffffff, ABSOLUTE)

    Execution Region ER_RO (Base: 0x08000000, Size: 0x0000355c, Max: 0xffffffff, ABSOLUTE)

    Base Addr    Size         Type   Attr      Idx    E Section Name        Object

    0x08000000   0x00000188   Data   RO          331    RESET               startup_stm32f407xx.o
    0x08000188   0x00000008   Code   RO          989  * !!!main             c_w.l(__main.o)
    0x08000190   0x00000034   Code   RO         1232    !!!scatter          c_w.l(__scatter.o)
    0x080001c4   0x0000001a   Code   RO         1234    !!handler_copy      c_w.l(__scatter_copy.o)
    0x080001de   0x00000002   PAD
    0x080001e0   0x0000001c   Code   RO         1236    !!handler_zi        c_w.l(__scatter_zi.o)
    0x080001fc   0x00000000   Code   RO          984    .ARM.Collect$$_printf_percent$$00000000  c_w.l(_printf_percent.o)
    0x080001fc   0x00000006   Code   RO          983    .ARM.Collect$$_printf_percent$$00000003  c_w.l(_printf_f.o)
    0x08000202   0x00000006   Code   RO          982    .ARM.Collect$$_printf_percent$$00000009  c_w.l(_printf_d.o)
    0x08000208   0x00000004   Code   RO         1024    .ARM.Collect$$_printf_percent$$00000017  c_w.l(_printf_percent_end.o)
    0x0800020c   0x00000002   Code   RO         1105    .ARM.Collect$$libinit$$00000000  c_w.l(libinit.o)
    0x0800020e   0x00000004   Code   RO         1106    .ARM.Collect$$libinit$$00000001  c_w.l(libinit2.o)
    0x08000212   0x00000000   Code   RO         1109    .ARM.Collect$$libinit$$00000004  c_w.l(libinit2.o)
    0x08000212   0x00000000   Code   RO         1112    .ARM.Collect$$libinit$$0000000A  c_w.l(libinit2.o)
    0x08000212   0x00000000   Code   RO         1114    .ARM.Collect$$libinit$$0000000C  c_w.l(libinit2.o)
    0x08000212   0x00000000   Code   RO         1116    .ARM.Collect$$libinit$$0000000E  c_w.l(libinit2.o)
    0x08000212   0x00000006   Code   RO         1117    .ARM.Collect$$libinit$$0000000F  c_w.l(libinit2.o)
    0x08000218   0x00000000   Code   RO         1119    .ARM.Collect$$libinit$$00000011  c_w.l(libinit2.o)
    0x08000218   0x00000000   Code   RO         1121    .ARM.Collect$$libinit$$00000013  c_w.l(libinit2.o)
    0x08000218   0x00000000   Code   RO         1123    .ARM.Collect$$libinit$$00000015  c_w.l(libinit2.o)
    0x08000218   0x0000000a   Code   RO         1124    .ARM.Collect$$libinit$$00000016  c_w.l(libinit2.o)
    0x08000222   0x00000000   Code   RO         1125    .ARM.Collect$$libinit$$00000017  c_w.l(libinit2.o)
    0x08000222   0x00000000   Code   RO         1127    .ARM.Collect$$libinit$$00000019  c_w.l(libinit2.o)
    0x08000222   0x00000000   Code   RO         1129    .ARM.Collect$$libinit$$0000001B  c_w.l(libinit2.o)
    0x08000222   0x00000000   Code   RO         1131    .ARM.Collect$$libinit$$0000001D  c_w.l(libinit2.o)
    0x08000222   0x00000000   Code   RO         1133    .ARM.Collect$$libinit$$0000001F  c_w.l(libinit2.o)
    0x08000222   0x00000000   Code   RO         1135    .ARM.Collect$$libinit$$00000021  c_w.l(libinit2.o)
    0x08000222   0x00000000   Code   RO         1137    .ARM.Collect$$libinit$$00000023  c_w.l(libinit2.o)
    0x08000222   0x00000000   Code   RO         1139    .ARM.Collect$$libinit$$00000025  c_w.l(libinit2.o)
    0x08000222   0x00000000   Code   RO         1143    .ARM.Collect$$libinit$$0000002C  c_w.l(libinit2.o)
    0x08000222   0x00000000   Code   RO         1145    .ARM.Collect$$libinit$$0000002E  c_w.l(libinit2.o)
    0x08000222   0x00000000   Code   RO         1147    .ARM.Collect$$libinit$$00000030  c_w.l(libinit2.o)
    0x08000222   0x00000000   Code   RO         1149    .ARM.Collect$$libinit$$00000032  c_w.l(libinit2.o)
    0x08000222   0x00000002   Code   RO         1150    .ARM.Collect$$libinit$$00000033  c_w.l(libinit2.o)
    0x08000224   0x00000002   Code   RO         1180    .ARM.Collect$$libshutdown$$00000000  c_w.l(libshutdown.o)
    0x08000226   0x00000000   Code   RO         1191    .ARM.Collect$$libshutdown$$00000002  c_w.l(libshutdown2.o)
    0x08000226   0x00000000   Code   RO         1193    .ARM.Collect$$libshutdown$$00000004  c_w.l(libshutdown2.o)
    0x08000226   0x00000000   Code   RO         1196    .ARM.Collect$$libshutdown$$00000007  c_w.l(libshutdown2.o)
    0x08000226   0x00000000   Code   RO         1199    .ARM.Collect$$libshutdown$$0000000A  c_w.l(libshutdown2.o)
    0x08000226   0x00000000   Code   RO         1201    .ARM.Collect$$libshutdown$$0000000C  c_w.l(libshutdown2.o)
    0x08000226   0x00000000   Code   RO         1204    .ARM.Collect$$libshutdown$$0000000F  c_w.l(libshutdown2.o)
    0x08000226   0x00000002   Code   RO         1205    .ARM.Collect$$libshutdown$$00000010  c_w.l(libshutdown2.o)
    0x08000228   0x00000000   Code   RO         1015    .ARM.Collect$$rtentry$$00000000  c_w.l(__rtentry.o)
    0x08000228   0x00000000   Code   RO         1035    .ARM.Collect$$rtentry$$00000002  c_w.l(__rtentry2.o)
    0x08000228   0x00000006   Code   RO         1047    .ARM.Collect$$rtentry$$00000004  c_w.l(__rtentry4.o)
    0x0800022e   0x00000000   Code   RO         1037    .ARM.Collect$$rtentry$$00000009  c_w.l(__rtentry2.o)
    0x0800022e   0x00000004   Code   RO         1038    .ARM.Collect$$rtentry$$0000000A  c_w.l(__rtentry2.o)
    0x08000232   0x00000000   Code   RO         1040    .ARM.Collect$$rtentry$$0000000C  c_w.l(__rtentry2.o)
    0x08000232   0x00000008   Code   RO         1041    .ARM.Collect$$rtentry$$0000000D  c_w.l(__rtentry2.o)
    0x0800023a   0x00000002   Code   RO         1151    .ARM.Collect$$rtexit$$00000000  c_w.l(rtexit.o)
    0x0800023c   0x00000000   Code   RO         1158    .ARM.Collect$$rtexit$$00000002  c_w.l(rtexit2.o)
    0x0800023c   0x00000004   Code   RO         1159    .ARM.Collect$$rtexit$$00000003  c_w.l(rtexit2.o)
    0x08000240   0x00000006   Code   RO         1160    .ARM.Collect$$rtexit$$00000004  c_w.l(rtexit2.o)
    0x08000246   0x00000002   PAD
    0x08000248   0x000001b4   Code   RO          533    .emb_text           RTX_CM4.LIB(hal_cm4.o)
    0x080003fc   0x00000040   Code   RO          332  * .text               startup_stm32f407xx.o
    0x0800043c   0x00000008   Code   RO          951    .text               c_w.l(libspace.o)
    0x08000444   0x00000028   Code   RO          956    .text               c_w.l(noretval__2sprintf.o)
    0x0800046c   0x00000078   Code   RO          960    .text               c_w.l(_printf_dec.o)
    0x080004e4   0x0000010e   Code   RO          970    .text               c_w.l(__printf_wp.o)
    0x080005f2   0x0000003e   Code   RO          985    .text               c_w.l(strlen.o)
    0x08000630   0x00000006   Code   RO          987    .text               c_w.l(heapauxi.o)
    0x08000636   0x000000b2   Code   RO         1016    .text               c_w.l(_printf_intcommon.o)
    0x080006e8   0x0000041a   Code   RO         1018    .text               c_w.l(_printf_fp_dec.o)
    0x08000b02   0x00000002   PAD
    0x08000b04   0x00000030   Code   RO         1020    .text               c_w.l(_printf_char_common.o)
    0x08000b34   0x0000000a   Code   RO         1022    .text               c_w.l(_sputc.o)
    0x08000b3e   0x0000000a   Code   RO         1054    .text               c_w.l(rt_locale_twolibspace.o)
    0x08000b48   0x0000008a   Code   RO         1056    .text               c_w.l(lludiv10.o)
    0x08000bd2   0x00000002   PAD
    0x08000bd4   0x00000080   Code   RO         1058    .text               c_w.l(_printf_fp_infnan.o)
    0x08000c54   0x000000dc   Code   RO         1062    .text               c_w.l(bigflt0.o)
    0x08000d30   0x0000004a   Code   RO         1094    .text               c_w.l(sys_stackheap_outer.o)
    0x08000d7a   0x00000012   Code   RO         1096    .text               c_w.l(exit.o)
    0x08000d8c   0x00000080   Code   RO         1098    .text               c_w.l(strcmpv7m.o)
    0x08000e0c   0x0000000c   Code   RO         1170    .text               c_w.l(sys_exit.o)
    0x08000e18   0x00000002   Code   RO         1181    .text               c_w.l(use_no_semi.o)
    0x08000e1a   0x00000000   Code   RO         1183    .text               c_w.l(indicate_semi.o)
    0x08000e1a   0x0000003e   Code   RO         1065    CL$$btod_d2e        c_w.l(btod.o)
    0x08000e58   0x00000046   Code   RO         1067    CL$$btod_d2e_denorm_low  c_w.l(btod.o)
    0x08000e9e   0x00000060   Code   RO         1066    CL$$btod_d2e_norm_op1  c_w.l(btod.o)
    0x08000efe   0x00000338   Code   RO         1075    CL$$btod_div_common  c_w.l(btod.o)
    0x08001236   0x000000c6   Code   RO         1072    CL$$btod_e2e        c_w.l(btod.o)
    0x080012fc   0x00000028   Code   RO         1069    CL$$btod_ediv       c_w.l(btod.o)
    0x08001324   0x00000028   Code   RO         1068    CL$$btod_emul       c_w.l(btod.o)
    0x0800134c   0x00000244   Code   RO         1074    CL$$btod_mult_common  c_w.l(btod.o)
    0x08001590   0x00000004   Code   RO          793    SVC_TABLE           RTX_CM4.LIB(svc_table.o)
    0x08001594   0x00000070   Code   RO           74    i.KBDHandler        app.o
    0x08001604   0x00000058   Code   RO           75    i.KBD_activateRow   app.o
    0x0800165c   0x00000080   Code   RO           76    i.KBD_findKeyInRow  app.o
    0x080016dc   0x0000008c   Code   RO           77    i.KBD_read          app.o
    0x08001768   0x00000054   Code   RO           78    i.KBD_setup         app.o
    0x080017bc   0x00000184   Code   RO           79    i.LCDHandler        app.o
    0x08001940   0x0000001c   Code   RO           81    i.LCD_io_setup      app.o
    0x0800195c   0x0000001e   Code   RO           82    i.LCD_print         app.o
    0x0800197a   0x00000024   Code   RO           83    i.LCD_set           app.o
    0x0800199e   0x0000006c   Code   RO           84    i.LCD_setup         app.o
    0x08001a0a   0x00000026   Code   RO           85    i.LCD_symbol        app.o
    0x08001a30   0x00000062   Code   RO           86    i.LCD_write_nibble  app.o
    0x08001a92   0x00000098   Code   RO           87    i.LED_setup         app.o
    0x08001b2a   0x00000002   PAD
    0x08001b2c   0x00000064   Code   RO          340    i.SystemInit        system_stm32f4xx.o
    0x08001b90   0x00000030   Code   RO         1092    i.__ARM_fpclassify  m_wm.l(fpclassify.o)
    0x08001bc0   0x00000046   Code   RO          760    i._init_box         RTX_CM4.LIB(rt_membox.o)
    0x08001c06   0x0000000e   Code   RO          972    i._is_digit         c_w.l(__printf_wp.o)
    0x08001c14   0x00000020   Code   RO            2    i._mutex_acquire    rtx_conf_cm.o
    0x08001c34   0x0000001c   Code   RO            4    i._mutex_release    rtx_conf_cm.o
    0x08001c50   0x00000030   Code   RO          534    i.dbg_init          RTX_CM4.LIB(hal_cm4.o)
    0x08001c80   0x00000020   Code   RO          535    i.dbg_task_notify   RTX_CM4.LIB(hal_cm4.o)
    0x08001ca0   0x00000010   Code   RO          536    i.dbg_task_switch   RTX_CM4.LIB(hal_cm4.o)
    0x08001cb0   0x00000010   Code   RO           88    i.delay_ms          app.o
    0x08001cc0   0x00000014   Code   RO           89    i.delay_us          app.o
    0x08001cd4   0x00000024   Code   RO           90    i.io_get            app.o
    0x08001cf8   0x00000008   Code   RO           91    i.io_pin            app.o
    0x08001d00   0x0000001c   Code   RO           92    i.io_port           app.o
    0x08001d1c   0x00000010   Code   RO           93    i.io_port_source    app.o
    0x08001d2c   0x00000024   Code   RO           94    i.io_read           app.o
    0x08001d50   0x0000002a   Code   RO           95    i.io_set            app.o
    0x08001d7a   0x00000002   PAD
    0x08001d7c   0x00000020   Code   RO           96    i.main              app.o
    0x08001d9c   0x00000004   Code   RO            5    i.os_error          rtx_conf_cm.o
    0x08001da0   0x00000004   Code   RO            6    i.os_idle_demon     rtx_conf_cm.o
    0x08001da4   0x00000028   Code   RO          575    i.os_tick_init      RTX_CM4.LIB(rt_system.o)
    0x08001dcc   0x00000002   Code   RO          576    i.os_tick_irqack    RTX_CM4.LIB(rt_system.o)
    0x08001dce   0x00000004   Code   RO            7    i.os_tmr_call       rtx_conf_cm.o
    0x08001dd2   0x00000002   PAD
    0x08001dd4   0x00000028   Code   RO           97    i.pin_enable        app.o
    0x08001dfc   0x0000003e   Code   RO           98    i.pin_mode          app.o
    0x08001e3a   0x000000e4   Code   RO           99    i.pin_setup         app.o
    0x08001f1e   0x0000001a   Code   RO          761    i.rt_alloc_box      RTX_CM4.LIB(rt_membox.o)
    0x08001f38   0x00000038   Code   RO          373    i.rt_block          RTX_CM4.LIB(rt_task.o)
    0x08001f70   0x00000048   Code   RO          738    i.rt_chk_robin      RTX_CM4.LIB(rt_robin.o)
    0x08001fb8   0x00000074   Code   RO          659    i.rt_dec_dly        RTX_CM4.LIB(rt_list.o)
    0x0800202c   0x00000044   Code   RO          374    i.rt_dispatch       RTX_CM4.LIB(rt_task.o)
    0x08002070   0x00000006   Code   RO          472    i.rt_dly_wait       RTX_CM4.LIB(rt_time.o)
    0x08002076   0x00000002   PAD
    0x08002078   0x0000004c   Code   RO          799    i.rt_evt_psh        RTX_CM4.LIB(rt_event.o)
    0x080020c4   0x00000020   Code   RO          762    i.rt_free_box       RTX_CM4.LIB(rt_membox.o)
    0x080020e4   0x00000028   Code   RO          660    i.rt_get_first      RTX_CM4.LIB(rt_list.o)
    0x0800210c   0x0000004c   Code   RO          375    i.rt_init_context   RTX_CM4.LIB(rt_task.o)
    0x08002158   0x00000018   Code   RO          739    i.rt_init_robin     RTX_CM4.LIB(rt_robin.o)
    0x08002170   0x00000050   Code   RO          537    i.rt_init_stack     RTX_CM4.LIB(hal_cm4.o)
    0x080021c0   0x000000d4   Code   RO          842    i.rt_mbx_psh        RTX_CM4.LIB(rt_mailbox.o)
    0x08002294   0x000000e4   Code   RO          510    i.rt_mut_release    RTX_CM4.LIB(rt_mutex.o)
    0x08002378   0x00000068   Code   RO          511    i.rt_mut_wait       RTX_CM4.LIB(rt_mutex.o)
    0x080023e0   0x0000007c   Code   RO          577    i.rt_pop_req        RTX_CM4.LIB(rt_system.o)
    0x0800245c   0x00000048   Code   RO          663    i.rt_put_dly        RTX_CM4.LIB(rt_list.o)
    0x080024a4   0x00000036   Code   RO          664    i.rt_put_prio       RTX_CM4.LIB(rt_list.o)
    0x080024da   0x00000002   PAD
    0x080024dc   0x00000014   Code   RO          665    i.rt_put_rdy_first  RTX_CM4.LIB(rt_list.o)
    0x080024f0   0x00000034   Code   RO          666    i.rt_resort_prio    RTX_CM4.LIB(rt_list.o)
    0x08002524   0x00000028   Code   RO          667    i.rt_rmv_dly        RTX_CM4.LIB(rt_list.o)
    0x0800254c   0x00000030   Code   RO          668    i.rt_rmv_list       RTX_CM4.LIB(rt_list.o)
    0x0800257c   0x00000034   Code   RO          888    i.rt_sem_psh        RTX_CM4.LIB(rt_semaphore.o)
    0x080025b0   0x00000024   Code   RO          580    i.rt_stk_check      RTX_CM4.LIB(rt_system.o)
    0x080025d4   0x00000028   Code   RO          376    i.rt_switch_req     RTX_CM4.LIB(rt_task.o)
    0x080025fc   0x00000154   Code   RO          377    i.rt_sys_init       RTX_CM4.LIB(rt_task.o)
    0x08002750   0x00000040   Code   RO          582    i.rt_systick        RTX_CM4.LIB(rt_system.o)
    0x08002790   0x00000040   Code   RO          924    i.rt_tmr_tick       RTX_CM4.LIB(rt_timer.o)
    0x080027d0   0x00000090   Code   RO          378    i.rt_tsk_create     RTX_CM4.LIB(rt_task.o)
    0x08002860   0x0000016c   Code   RO          379    i.rt_tsk_delete     RTX_CM4.LIB(rt_task.o)
    0x080029cc   0x00000010   Code   RO          382    i.rt_tsk_self       RTX_CM4.LIB(rt_task.o)
    0x080029dc   0x00000088   Code   RO          100    i.setup             app.o
    0x08002a64   0x00000064   Code   RO          101    i.timerHandler      app.o
    0x08002ac8   0x0000002c   Code   RO         1088    locale$$code        c_w.l(lc_numeric_c.o)
    0x08002af4   0x00000062   Code   RO          991    x$fpl$d2f           fz_wm.l(d2f.o)
    0x08002b56   0x00000002   PAD
    0x08002b58   0x00000150   Code   RO          993    x$fpl$dadd          fz_wm.l(daddsub_clz.o)
    0x08002ca8   0x000002b0   Code   RO         1000    x$fpl$ddiv          fz_wm.l(ddiv.o)
    0x08002f58   0x0000002e   Code   RO         1004    x$fpl$dflt          fz_wm.l(dflt_clz.o)
    0x08002f86   0x00000002   PAD
    0x08002f88   0x00000154   Code   RO         1009    x$fpl$dmul          fz_wm.l(dmul.o)
    0x080030dc   0x0000009c   Code   RO         1025    x$fpl$dnaninf       fz_wm.l(dnaninf.o)
    0x08003178   0x0000000c   Code   RO         1027    x$fpl$dretinf       fz_wm.l(dretinf.o)
    0x08003184   0x000001d4   Code   RO          995    x$fpl$dsub          fz_wm.l(daddsub_clz.o)
    0x08003358   0x00000056   Code   RO         1011    x$fpl$f2d           fz_wm.l(f2d.o)
    0x080033ae   0x0000008c   Code   RO         1029    x$fpl$fnaninf       fz_wm.l(fnaninf.o)
    0x0800343a   0x0000000a   Code   RO         1155    x$fpl$fpinit        fz_wm.l(fpinit.o)
    0x08003444   0x0000000a   Code   RO         1031    x$fpl$fretinf       fz_wm.l(fretinf.o)
    0x0800344e   0x00000004   Code   RO         1013    x$fpl$printf1       fz_wm.l(printf1.o)
    0x08003452   0x00000000   Code   RO         1033    x$fpl$usenofp       fz_wm.l(usenofp.o)
    0x08003452   0x00000002   PAD
    0x08003454   0x00000028   Data   RO            9    .constdata          rtx_conf_cm.o
    0x0800347c   0x00000009   Data   RO          102    .constdata          app.o
    0x08003485   0x00000003   PAD
    0x08003488   0x00000004   Data   RO          585    .constdata          RTX_CM4.LIB(rt_system.o)
    0x0800348c   0x00000094   Data   RO         1063    .constdata          c_w.l(bigflt0.o)
    0x08003520   0x00000020   Data   RO         1230    Region$$Table       anon$$obj.o
    0x08003540   0x0000001c   Data   RO         1087    locale$$data        c_w.l(lc_numeric_c.o)


    Execution Region ER_RW (Base: 0x20000000, Size: 0x000000a4, Max: 0xffffffff, ABSOLUTE)

    Base Addr    Size         Type   Attr      Idx    E Section Name        Object

    0x20000000   0x00000008   Data   RW           10    .data               rtx_conf_cm.o
    0x20000008   0x00000074   Data   RW          103    .data               app.o
    0x2000007c   0x00000008   Data   RW          384    .data               RTX_CM4.LIB(rt_task.o)
    0x20000084   0x00000004   Data   RW          476    .data               RTX_CM4.LIB(rt_time.o)
    0x20000088   0x00000001   Data   RW          538    .data               RTX_CM4.LIB(hal_cm4.o)
    0x20000089   0x00000003   PAD
    0x2000008c   0x00000008   Data   RW          586    .data               RTX_CM4.LIB(rt_system.o)
    0x20000094   0x00000008   Data   RW          740    .data               RTX_CM4.LIB(rt_robin.o)
    0x2000009c   0x00000008   Data   RW          925    .data               RTX_CM4.LIB(rt_timer.o)


    Execution Region ER_ZI (Base: 0x200000a4, Size: 0x0000240c, Max: 0xffffffff, ABSOLUTE)

    Base Addr    Size         Type   Attr      Idx    E Section Name        Object

    0x200000a4   0x00000004   PAD
    0x200000a8   0x00001d3c   Zero   RW            8    .bss                rtx_conf_cm.o
    0x20001de4   0x00000038   Zero   RW          383    .bss                RTX_CM4.LIB(rt_task.o)
    0x20001e1c   0x00000030   Zero   RW          669    .bss                RTX_CM4.LIB(rt_list.o)
    0x20001e4c   0x00000060   Zero   RW          952    .bss                c_w.l(libspace.o)
    0x20001eac   0x00000004   PAD
    0x20001eb0   0x00000200   Zero   RW          330    HEAP                startup_stm32f407xx.o
    0x200020b0   0x00000400   Zero   RW          329    STACK               startup_stm32f407xx.o


==============================================================================

Image component sizes


      Code (inc. data)   RO Data    RW Data    ZI Data      Debug   Object Name

      2230        182          9        116          0     267599   app.o
        72         12         40          8       7484      15945   rtx_conf_cm.o
        64         26        392          0       1536        908   startup_stm32f407xx.o
       100         18          0          0          0        569   system_stm32f4xx.o

    ----------------------------------------------------------------------
      2472        238        476        124       9020     285021   Object Totals
         0          0         32          0          0          0   (incl. Generated)
         6          0          3          0          0          0   (incl. Padding)

    ----------------------------------------------------------------------

      Code (inc. data)   RO Data    RW Data    ZI Data      Debug   Library Member Name

       612         56          0          1          0       3045   hal_cm4.o
        76          4          0          0          0        661   rt_event.o
       442         30          0          0         48       4874   rt_list.o
       212          6          0          0          0        829   rt_mailbox.o
       128          0          0          0          0       1929   rt_membox.o
       332         12          0          0          0       1587   rt_mutex.o
        96         22          0          8          0       1142   rt_robin.o
        52          6          0          0          0        585   rt_semaphore.o
       266         42          4          8          0       3541   rt_system.o
      1104        158          0          8         56       8044   rt_task.o
         6          0          0          4          0        624   rt_time.o
        64          8          0          8          0        679   rt_timer.o
         4          4          0          0          0        168   svc_table.o
         8          0          0          0          0         68   __main.o
       284          0          0          0          0        156   __printf_wp.o
         0          0          0          0          0          0   __rtentry.o
        12          0          0          0          0          0   __rtentry2.o
         6          0          0          0          0          0   __rtentry4.o
        52          8          0          0          0          0   __scatter.o
        26          0          0          0          0          0   __scatter_copy.o
        28          0          0          0          0          0   __scatter_zi.o
        48          6          0          0          0         96   _printf_char_common.o
         6          0          0          0          0          0   _printf_d.o
       120         16          0          0          0         92   _printf_dec.o
         6          0          0          0          0          0   _printf_f.o
      1050          0          0          0          0        216   _printf_fp_dec.o
       128         16          0          0          0         84   _printf_fp_infnan.o
       178          0          0          0          0         88   _printf_intcommon.o
         0          0          0          0          0          0   _printf_percent.o
         4          0          0          0          0          0   _printf_percent_end.o
        10          0          0          0          0         68   _sputc.o
       220          4        148          0          0         96   bigflt0.o
      1910        128          0          0          0        672   btod.o
        18          0          0          0          0         80   exit.o
         6          0          0          0          0        152   heapauxi.o
         0          0          0          0          0          0   indicate_semi.o
        44         10         28          0          0         76   lc_numeric_c.o
         2          0          0          0          0          0   libinit.o
        22          0          0          0          0          0   libinit2.o
         2          0          0          0          0          0   libshutdown.o
         2          0          0          0          0          0   libshutdown2.o
         8          4          0          0         96         68   libspace.o
       138          0          0          0          0         80   lludiv10.o
        40          6          0          0          0         84   noretval__2sprintf.o
        10          0          0          0          0         76   rt_locale_twolibspace.o
         2          0          0          0          0          0   rtexit.o
        10          0          0          0          0          0   rtexit2.o
       128          0          0          0          0         68   strcmpv7m.o
        62          0          0          0          0         76   strlen.o
        12          4          0          0          0         68   sys_exit.o
        74          0          0          0          0         80   sys_stackheap_outer.o
         2          0          0          0          0         68   use_no_semi.o
        98          4          0          0          0        140   d2f.o
       804         16          0          0          0        368   daddsub_clz.o
       688        140          0          0          0        256   ddiv.o
        46          0          0          0          0        116   dflt_clz.o
       340         12          0          0          0        152   dmul.o
       156          4          0          0          0        140   dnaninf.o
        12          0          0          0          0        116   dretinf.o
        86          4          0          0          0        132   f2d.o
       140          4          0          0          0        132   fnaninf.o
        10          0          0          0          0        116   fpinit.o
        10          0          0          0          0        116   fretinf.o
         4          0          0          0          0        116   printf1.o
         0          0          0          0          0          0   usenofp.o
        48          0          0          0          0        124   fpclassify.o

    ----------------------------------------------------------------------
     10532        734        180         40        208      32344   Library Totals
        18          0          0          3          8          0   (incl. Padding)

    ----------------------------------------------------------------------

      Code (inc. data)   RO Data    RW Data    ZI Data      Debug   Library Name

      3394        348          4         37        104      27708   RTX_CM4.LIB
      4678        202        176          0         96       2612   c_w.l
      2394        184          0          0          0       1900   fz_wm.l
        48          0          0          0          0        124   m_wm.l

    ----------------------------------------------------------------------
     10532        734        180         40        208      32344   Library Totals

    ----------------------------------------------------------------------

==============================================================================


      Code (inc. data)   RO Data    RW Data    ZI Data      Debug   

     13004        972        656        164       9228     308461   Grand Totals
     13004        972        656        164       9228     308461   ELF Image Totals
     13004        972        656        164          0          0   ROM Totals

==============================================================================

    Total RO  Size (Code + RO Data)                13660 (  13.34kB)
    Total RW  Size (RW Data + ZI Data)              9392 (   9.17kB)
    Total ROM Size (Code + RO Data + RW Data)      13824 (  13.50kB)

==============================================================================

