Component: ARM Compiler 5.06 update 1 (build 61) Tool: armlink [4d35a8]

==============================================================================

Section Cross References

    rtx_conf_cm.o(i.__user_perthread_libspace) refers to rt_task.o(i.rt_tsk_self) for rt_tsk_self
    rtx_conf_cm.o(i.__user_perthread_libspace) refers to rtx_conf_cm.o(.bss) for .bss
    rtx_conf_cm.o(i.__user_perthread_libspace) refers to libspace.o(.bss) for __libspace_start
    rtx_conf_cm.o(i._mutex_acquire) refers to rt_task.o(i.rt_tsk_self) for rt_tsk_self
    rtx_conf_cm.o(i._mutex_acquire) refers to rt_mutex.o(i.rt_mut_wait) for rt_mut_wait
    rtx_conf_cm.o(i._mutex_initialize) refers to rt_mutex.o(i.rt_mut_init) for rt_mut_init
    rtx_conf_cm.o(i._mutex_initialize) refers to rtx_conf_cm.o(.data) for .data
    rtx_conf_cm.o(i._mutex_initialize) refers to rtx_conf_cm.o(.bss) for .bss
    rtx_conf_cm.o(i._mutex_release) refers to rt_task.o(i.rt_tsk_self) for rt_tsk_self
    rtx_conf_cm.o(i._mutex_release) refers to rt_mutex.o(i.rt_mut_release) for rt_mut_release
    rtos_helloworld_00_rtx.o(i.GPIO_clock_disable) refers to rtos_helloworld_00_rtx.o(i._Z7io_port3pin) for io_port(pin)
    rtos_helloworld_00_rtx.o(i.GPIO_clock_disable) refers to rtos_helloworld_00_rtx.o(i._Z14io_port_sourceP12GPIO_TypeDef) for io_port_source(GPIO_TypeDef*)
    rtos_helloworld_00_rtx.o(i.GPIO_clock_enable) refers to rtos_helloworld_00_rtx.o(i._Z7io_port3pin) for io_port(pin)
    rtos_helloworld_00_rtx.o(i.GPIO_clock_enable) refers to rtos_helloworld_00_rtx.o(i._Z14io_port_sourceP12GPIO_TypeDef) for io_port_source(GPIO_TypeDef*)
    rtos_helloworld_00_rtx.o(i.LED_setup) refers to rtos_helloworld_00_rtx.o(i.GPIO_clock_enable) for GPIO_clock_enable
    rtos_helloworld_00_rtx.o(i.LED_setup) refers to rtos_helloworld_00_rtx.o(i._Z7io_port3pin) for io_port(pin)
    rtos_helloworld_00_rtx.o(i.LED_setup) refers to rtos_helloworld_00_rtx.o(i._Z6io_pin3pin) for io_pin(pin)
    rtos_helloworld_00_rtx.o(i.LED_setup) refers to rtos_helloworld_00_rtx.o(i._Z6io_set3pini) for io_set(pin, int)
    rtos_helloworld_00_rtx.o(i.STM32_port_off) refers to rtos_helloworld_00_rtx.o(.data) for STM32_port_name
    rtos_helloworld_00_rtx.o(i.STM32_port_on) refers to rtos_helloworld_00_rtx.o(.data) for STM32_port_name
    rtos_helloworld_00_rtx.o(i._Z10board_initv) refers to rtos_helloworld_00_rtx.o(i.LED_setup) for LED_setup
    rtos_helloworld_00_rtx.o(i._Z10board_initv) refers to rtos_helloworld_00_rtx.o(i._Z16Turn_GreenLed_Onv) for Turn_GreenLed_On()
    rtos_helloworld_00_rtx.o(i._Z10board_initv) refers to rt_task.o(i.rt_tsk_create) for rt_tsk_create
    rtos_helloworld_00_rtx.o(i._Z10board_initv) refers to rtos_helloworld_00_rtx.o(.data) for taskID1
    rtos_helloworld_00_rtx.o(i._Z10board_initv) refers to rtos_helloworld_00_rtx.o(i._Z17Turn_GreenLed_Offv) for Turn_GreenLed_Off()
    rtos_helloworld_00_rtx.o(i._Z10board_initv) refers to rt_task.o(i.rt_tsk_delete) for rt_tsk_delete
    rtos_helloworld_00_rtx.o(i._Z16Turn_GreenLed_Onv) refers to rtos_helloworld_00_rtx.o(i._Z6io_set3pini) for io_set(pin, int)
    rtos_helloworld_00_rtx.o(i._Z16Turn_GreenLed_Onv) refers to rtos_helloworld_00_rtx.o(.data) for i1
    rtos_helloworld_00_rtx.o(i._Z17Turn_GreenLed_Offv) refers to rtos_helloworld_00_rtx.o(i._Z6io_set3pini) for io_set(pin, int)
    rtos_helloworld_00_rtx.o(i._Z17Turn_GreenLed_Offv) refers to rtos_helloworld_00_rtx.o(.data) for i2
    rtos_helloworld_00_rtx.o(i._Z6io_set3pini) refers to rtos_helloworld_00_rtx.o(i._Z6io_pin3pin) for io_pin(pin)
    rtos_helloworld_00_rtx.o(i._Z6io_set3pini) refers to rtos_helloworld_00_rtx.o(i._Z7io_port3pin) for io_port(pin)
    rtos_helloworld_00_rtx.o(i.main) refers to hal_cm3.o(.emb_text) for os_set_env
    rtos_helloworld_00_rtx.o(i.main) refers to rtos_helloworld_00_rtx.o(i._Z10board_initv) for board_init()
    rtos_helloworld_00_rtx.o(i.main) refers to rt_task.o(i.rt_sys_init) for rt_sys_init
    rtos_helloworld_00_rtx.o(.ARM.exidx) refers to rtos_helloworld_00_rtx.o(i._Z7io_port3pin) for i._Z7io_port3pin
    rtos_helloworld_00_rtx.o(.ARM.exidx) refers to rtos_helloworld_00_rtx.o(i._Z6io_set3pini) for i._Z6io_set3pini
    rtos_helloworld_00_rtx.o(.ARM.exidx) refers to rtos_helloworld_00_rtx.o(i.GPIO_clock_enable) for i.GPIO_clock_enable
    rtos_helloworld_00_rtx.o(.ARM.exidx) refers to rtos_helloworld_00_rtx.o(i.GPIO_clock_disable) for i.GPIO_clock_disable
    rtos_helloworld_00_rtx.o(.ARM.exidx) refers to rtos_helloworld_00_rtx.o(i.STM32_port_on) for i.STM32_port_on
    rtos_helloworld_00_rtx.o(.ARM.exidx) refers to rtos_helloworld_00_rtx.o(i.STM32_port_off) for i.STM32_port_off
    rtos_helloworld_00_rtx.o(.ARM.exidx) refers to rtos_helloworld_00_rtx.o(i.LED_setup) for i.LED_setup
    rtos_helloworld_00_rtx.o(.ARM.exidx) refers to rtos_helloworld_00_rtx.o(i._Z16Turn_GreenLed_Onv) for i._Z16Turn_GreenLed_Onv
[...]
    hal_cm3.o(.emb_text) refers to rt_system.o(i.rt_systick) for rt_systick
    hal_cm3.o(.emb_text) refers to rt_system.o(i.os_tick_irqack) for os_tick_irqack
    hal_cm3.o(i.dbg_init) refers to hal_cm3.o(.data) for .data
    hal_cm3.o(i.rt_init_stack) refers to rtx_conf_cm.o(.constdata) for os_stackinfo
    rt_system.o(i.os_tick_init) refers to rtx_conf_cm.o(.constdata) for os_trv
    rt_system.o(i.rt_pop_req) refers to rt_list.o(i.rt_put_rdy_first) for rt_put_rdy_first
    rt_system.o(i.rt_pop_req) refers to rt_semaphore.o(i.rt_sem_psh) for rt_sem_psh
    rt_system.o(i.rt_pop_req) refers to rt_list.o(i.rt_get_first) for rt_get_first
    rt_system.o(i.rt_pop_req) refers to rt_task.o(i.rt_switch_req) for rt_switch_req
    rt_system.o(i.rt_pop_req) refers to rt_event.o(i.rt_evt_psh) for rt_evt_psh
    rt_system.o(i.rt_pop_req) refers to rt_mailbox.o(i.rt_mbx_psh) for rt_mbx_psh
    rt_system.o(i.rt_pop_req) refers to rt_task.o(.data) for os_tsk
    rt_system.o(i.rt_pop_req) refers to rtx_conf_cm.o(.bss) for os_fifo
    rt_system.o(i.rt_pop_req) refers to rt_list.o(.bss) for os_rdy
    rt_system.o(i.rt_psh_req) refers to rt_system.o(.data) for .data
    rt_system.o(i.rt_resume) refers to rt_list.o(i.rt_put_rdy_first) for rt_put_rdy_first
    rt_system.o(i.rt_resume) refers to rt_list.o(i.rt_dec_dly) for rt_dec_dly
    rt_system.o(i.rt_resume) refers to rt_timer.o(i.rt_tmr_tick) for rt_tmr_tick
    rt_system.o(i.rt_resume) refers to rt_list.o(i.rt_get_first) for rt_get_first
    rt_system.o(i.rt_resume) refers to rt_task.o(i.rt_switch_req) for rt_switch_req
    rt_system.o(i.rt_resume) refers to rt_system.o(i.rt_tsk_unlock) for rt_tsk_unlock
    rt_system.o(i.rt_resume) refers to rt_task.o(.data) for os_tsk
    rt_system.o(i.rt_resume) refers to rt_robin.o(.data) for os_robin
    rt_system.o(i.rt_resume) refers to rt_list.o(.bss) for os_dly
    rt_system.o(i.rt_resume) refers to rt_time.o(.data) for os_time
    rt_system.o(i.rt_resume) refers to rt_timer.o(.data) for os_tmr
    rt_system.o(i.rt_stk_check) refers to rtx_conf_cm.o(i.os_error) for os_error
    rt_system.o(i.rt_stk_check) refers to rt_task.o(.data) for os_tsk
    rt_system.o(i.rt_suspend) refers to rt_system.o(i.rt_tsk_lock) for rt_tsk_lock
    rt_system.o(i.rt_suspend) refers to rt_list.o(.bss) for os_dly
    rt_system.o(i.rt_suspend) refers to rt_timer.o(.data) for os_tmr
    rt_system.o(i.rt_systick) refers to rt_list.o(i.rt_put_rdy_first) for rt_put_rdy_first
    rt_system.o(i.rt_systick) refers to rt_robin.o(i.rt_chk_robin) for rt_chk_robin
    rt_system.o(i.rt_systick) refers to rt_list.o(i.rt_dec_dly) for rt_dec_dly
    rt_system.o(i.rt_systick) refers to rt_timer.o(i.rt_tmr_tick) for rt_tmr_tick
    rt_system.o(i.rt_systick) refers to rt_list.o(i.rt_get_first) for rt_get_first
    rt_system.o(i.rt_systick) refers to rt_task.o(i.rt_switch_req) for rt_switch_req
    rt_system.o(i.rt_systick) refers to rt_task.o(.data) for os_tsk
    rt_system.o(i.rt_systick) refers to rt_time.o(.data) for os_time
    rt_system.o(i.rt_systick) refers to rt_list.o(.bss) for os_rdy
    rt_system.o(i.rt_tsk_lock) refers to rt_system.o(.data) for .data
    rt_system.o(i.rt_tsk_unlock) refers to rt_system.o(.data) for .data
    rt_list.o(i.rt_dec_dly) refers to rt_list.o(i.rt_put_prio) for rt_put_prio
    rt_list.o(i.rt_dec_dly) refers to rt_list.o(.bss) for .bss
    rt_list.o(i.rt_dec_dly) refers to rt_time.o(.data) for os_time
    rt_list.o(i.rt_get_same_rdy_prio) refers to rt_list.o(.bss) for .bss
    rt_list.o(i.rt_get_same_rdy_prio) refers to rt_task.o(.data) for os_tsk
    rt_list.o(i.rt_psq_enq) refers to rtx_conf_cm.o(i.os_error) for os_error
    rt_list.o(i.rt_psq_enq) refers to rtx_conf_cm.o(.bss) for os_fifo
    rt_list.o(i.rt_put_dly) refers to rt_list.o(.bss) for .bss
    rt_list.o(i.rt_put_rdy_first) refers to rt_list.o(.bss) for .bss
    rt_list.o(i.rt_resort_prio) refers to rt_list.o(i.rt_rmv_list) for rt_rmv_list
    rt_list.o(i.rt_resort_prio) refers to rt_list.o(i.rt_put_prio) for rt_put_prio
    rt_list.o(i.rt_resort_prio) refers to rt_list.o(.bss) for .bss
    rt_list.o(i.rt_rmv_list) refers to rt_list.o(.bss) for .bss
    rt_robin.o(i.rt_chk_robin) refers to rt_list.o(i.rt_get_first) for rt_get_first
    rt_robin.o(i.rt_chk_robin) refers to rt_list.o(i.rt_put_prio) for rt_put_prio
    rt_robin.o(i.rt_chk_robin) refers to rt_robin.o(.data) for .data
    rt_robin.o(i.rt_chk_robin) refers to rt_list.o(.bss) for os_rdy
    rt_robin.o(i.rt_chk_robin) refers to rt_time.o(.data) for os_time
    rt_robin.o(i.rt_init_robin) refers to rt_robin.o(.data) for .data
    rt_robin.o(i.rt_init_robin) refers to rtx_conf_cm.o(.constdata) for os_rrobin
    rt_membox.o(i._calloc_box) refers to hal_cm3.o(.emb_text) for _alloc_box
    rt_event.o(i.isr_evt_set) refers to rt_list.o(i.rt_psq_enq) for rt_psq_enq
    rt_event.o(i.isr_evt_set) refers to rt_system.o(i.rt_psh_req) for rt_psh_req
    rt_event.o(i.isr_evt_set) refers to rtx_conf_cm.o(.bss) for os_active_TCB
    rt_event.o(i.rt_evt_clr) refers to rtx_conf_cm.o(.bss) for os_active_TCB
    rt_event.o(i.rt_evt_get) refers to rt_task.o(.data) for os_tsk
    rt_event.o(i.rt_evt_psh) refers to rt_list.o(i.rt_rmv_dly) for rt_rmv_dly
    rt_event.o(i.rt_evt_psh) refers to rt_list.o(i.rt_put_prio) for rt_put_prio
    rt_event.o(i.rt_evt_psh) refers to rt_list.o(.bss) for os_rdy
    rt_event.o(i.rt_evt_set) refers to rt_list.o(i.rt_rmv_dly) for rt_rmv_dly
    rt_event.o(i.rt_evt_set) refers to rt_task.o(i.rt_dispatch) for rt_dispatch
    rt_event.o(i.rt_evt_set) refers to rtx_conf_cm.o(.bss) for os_active_TCB
    rt_event.o(i.rt_evt_wait) refers to rt_task.o(i.rt_block) for rt_block
    rt_event.o(i.rt_evt_wait) refers to rt_task.o(.data) for os_tsk
    rt_mailbox.o(i.isr_mbx_receive) refers to rt_list.o(i.rt_psq_enq) for rt_psq_enq
    rt_mailbox.o(i.isr_mbx_receive) refers to rt_system.o(i.rt_psh_req) for rt_psh_req
    rt_mailbox.o(i.isr_mbx_send) refers to rt_list.o(i.rt_psq_enq) for rt_psq_enq
    rt_mailbox.o(i.isr_mbx_send) refers to rt_system.o(i.rt_psh_req) for rt_psh_req
    rt_mailbox.o(i.rt_mbx_psh) refers to rt_list.o(i.rt_get_first) for rt_get_first
    rt_mailbox.o(i.rt_mbx_psh) refers to rt_list.o(i.rt_rmv_dly) for rt_rmv_dly
    rt_mailbox.o(i.rt_mbx_psh) refers to rt_list.o(i.rt_put_prio) for rt_put_prio
    rt_mailbox.o(i.rt_mbx_psh) refers to rtx_conf_cm.o(i.os_error) for os_error
    rt_mailbox.o(i.rt_mbx_psh) refers to rt_list.o(.bss) for os_rdy
    rt_mailbox.o(i.rt_mbx_send) refers to rt_list.o(i.rt_put_prio) for rt_put_prio
    rt_mailbox.o(i.rt_mbx_send) refers to rt_list.o(i.rt_get_first) for rt_get_first
    rt_mailbox.o(i.rt_mbx_send) refers to rt_list.o(i.rt_rmv_dly) for rt_rmv_dly
    rt_mailbox.o(i.rt_mbx_send) refers to rt_task.o(i.rt_dispatch) for rt_dispatch
    rt_mailbox.o(i.rt_mbx_send) refers to rt_task.o(i.rt_block) for rt_block
    rt_mailbox.o(i.rt_mbx_send) refers to rt_task.o(.data) for os_tsk
    rt_mailbox.o(i.rt_mbx_wait) refers to rt_list.o(i.rt_get_first) for rt_get_first
    rt_mailbox.o(i.rt_mbx_wait) refers to rt_list.o(i.rt_rmv_dly) for rt_rmv_dly
    rt_mailbox.o(i.rt_mbx_wait) refers to rt_task.o(i.rt_dispatch) for rt_dispatch
    rt_mailbox.o(i.rt_mbx_wait) refers to rt_list.o(i.rt_put_prio) for rt_put_prio
    rt_mailbox.o(i.rt_mbx_wait) refers to rt_task.o(i.rt_block) for rt_block
    rt_mailbox.o(i.rt_mbx_wait) refers to rt_task.o(.data) for os_tsk
    rt_semaphore.o(i.isr_sem_send) refers to rt_list.o(i.rt_psq_enq) for rt_psq_enq
    rt_semaphore.o(i.isr_sem_send) refers to rt_system.o(i.rt_psh_req) for rt_psh_req
    rt_semaphore.o(i.rt_sem_psh) refers to rt_list.o(i.rt_get_first) for rt_get_first
    rt_semaphore.o(i.rt_sem_psh) refers to rt_list.o(i.rt_rmv_dly) for rt_rmv_dly
    rt_semaphore.o(i.rt_sem_psh) refers to rt_list.o(i.rt_put_prio) for rt_put_prio
    rt_semaphore.o(i.rt_sem_psh) refers to rt_list.o(.bss) for os_rdy
    rt_semaphore.o(i.rt_sem_send) refers to rt_list.o(i.rt_get_first) for rt_get_first
    rt_semaphore.o(i.rt_sem_send) refers to rt_list.o(i.rt_rmv_dly) for rt_rmv_dly
    rt_semaphore.o(i.rt_sem_send) refers to rt_task.o(i.rt_dispatch) for rt_dispatch
    rt_semaphore.o(i.rt_sem_send) refers to rt_task.o(.data) for os_tsk
    rt_semaphore.o(i.rt_sem_wait) refers to rt_list.o(i.rt_put_prio) for rt_put_prio
    rt_semaphore.o(i.rt_sem_wait) refers to rt_task.o(i.rt_block) for rt_block
    rt_semaphore.o(i.rt_sem_wait) refers to rt_task.o(.data) for os_tsk
    rt_time.o(i.rt_dly_wait) refers to rt_task.o(i.rt_block) for rt_block
    rt_time.o(i.rt_itv_set) refers to rt_task.o(.data) for os_tsk
    rt_time.o(i.rt_itv_set) refers to rt_time.o(.data) for .data
    rt_time.o(i.rt_itv_wait) refers to rt_task.o(i.rt_block) for rt_block
    rt_time.o(i.rt_itv_wait) refers to rt_task.o(.data) for os_tsk
    rt_time.o(i.rt_itv_wait) refers to rt_time.o(.data) for .data
    rt_time.o(i.rt_time_get) refers to rt_time.o(.data) for .data
    rt_timer.o(i.rt_tmr_create) refers to rt_membox.o(i.rt_alloc_box) for rt_alloc_box
    rt_timer.o(i.rt_tmr_create) refers to rtx_conf_cm.o(.data) for m_tmr
    rt_timer.o(i.rt_tmr_create) refers to rt_timer.o(.data) for .data
    rt_timer.o(i.rt_tmr_kill) refers to rt_membox.o(i.rt_free_box) for rt_free_box
    rt_timer.o(i.rt_tmr_kill) refers to rt_timer.o(.data) for .data
    rt_timer.o(i.rt_tmr_kill) refers to rtx_conf_cm.o(.data) for m_tmr
    rt_timer.o(i.rt_tmr_tick) refers to rtx_conf_cm.o(i.os_tmr_call) for os_tmr_call
    rt_timer.o(i.rt_tmr_tick) refers to rt_membox.o(i.rt_free_box) for rt_free_box
    rt_timer.o(i.rt_tmr_tick) refers to rt_timer.o(.data) for .data
    rt_timer.o(i.rt_tmr_tick) refers to rtx_conf_cm.o(.data) for m_tmr
    libspace.o(.text) refers to libspace.o(.bss) for __libspace_start
    __main.o(!!!main) refers to __rtentry.o(.ARM.Collect$$rtentry$$00000000) for __rt_entry
    __rtentry.o(.ARM.Collect$$rtentry$$00000000) refers (Special) to __rtentry2.o(.ARM.Collect$$rtentry$$0000000A) for __rt_entry_li
    __rtentry.o(.ARM.Collect$$rtentry$$00000000) refers (Special) to __rtentry2.o(.ARM.Collect$$rtentry$$0000000D) for __rt_entry_main
    __rtentry.o(.ARM.Collect$$rtentry$$00000000) refers (Special) to __rtentry2.o(.ARM.Collect$$rtentry$$0000000C) for __rt_entry_postli_1
    __rtentry.o(.ARM.Collect$$rtentry$$00000000) refers (Special) to __rtentry2.o(.ARM.Collect$$rtentry$$00000009) for __rt_entry_postsh_1
    __rtentry.o(.ARM.Collect$$rtentry$$00000000) refers (Special) to __rtentry2.o(.ARM.Collect$$rtentry$$00000002) for __rt_entry_presh_1
    __rtentry.o(.ARM.Collect$$rtentry$$00000000) refers (Special) to __rtentry4.o(.ARM.Collect$$rtentry$$00000004) for __rt_entry_sh
    __rtentry2.o(.ARM.Collect$$rtentry$$00000008) refers to boardinit2.o(.text) for _platform_post_stackheap_init
    __rtentry2.o(.ARM.Collect$$rtentry$$0000000A) refers to libinit.o(.ARM.Collect$$libinit$$00000000) for __rt_lib_init
    __rtentry2.o(.ARM.Collect$$rtentry$$0000000B) refers to boardinit3.o(.text) for _platform_post_lib_init
    __rtentry2.o(.ARM.Collect$$rtentry$$0000000D) refers to rtos_helloworld_00_rtx.o(i.main) for main
    __rtentry2.o(.ARM.Collect$$rtentry$$0000000D) refers to exit.o(.text) for exit
    __rtentry2.o(.ARM.exidx) refers to __rtentry2.o(.ARM.Collect$$rtentry$$00000001) for .ARM.Collect$$rtentry$$00000001
    __rtentry2.o(.ARM.exidx) refers to __rtentry2.o(.ARM.Collect$$rtentry$$00000008) for .ARM.Collect$$rtentry$$00000008
    __rtentry2.o(.ARM.exidx) refers to __rtentry2.o(.ARM.Collect$$rtentry$$0000000A) for .ARM.Collect$$rtentry$$0000000A
    __rtentry2.o(.ARM.exidx) refers to __rtentry2.o(.ARM.Collect$$rtentry$$0000000B) for .ARM.Collect$$rtentry$$0000000B
    __rtentry2.o(.ARM.exidx) refers to __rtentry2.o(.ARM.Collect$$rtentry$$0000000D) for .ARM.Collect$$rtentry$$0000000D
    __rtentry4.o(.ARM.Collect$$rtentry$$00000004) refers to sys_stackheap_outer.o(.text) for __user_setup_stackheap
    __rtentry4.o(.ARM.exidx) refers to __rtentry4.o(.ARM.Collect$$rtentry$$00000004) for .ARM.Collect$$rtentry$$00000004
    sys_stackheap_outer.o(.text) refers to libspace.o(.text) for __user_perproc_libspace
    sys_stackheap_outer.o(.text) refers to startup_stm32f407xx.o(.text) for __user_initial_stackheap
    exit.o(.text) refers to rtexit.o(.ARM.Collect$$rtexit$$00000000) for __rt_exit
    libinit.o(.ARM.Collect$$libinit$$00000000) refers (Special) to libinit2.o(.ARM.Collect$$libinit$$0000002E) for __rt_lib_init_alloca_1
    libinit.o(.ARM.Collect$$libinit$$00000000) refers (Special) to libinit2.o(.ARM.Collect$$libinit$$0000002C) for __rt_lib_init_argv_1
    libinit.o(.ARM.Collect$$libinit$$00000000) refers (Special) to libinit2.o(.ARM.Collect$$libinit$$0000001B) for __rt_lib_init_atexit_1
    libinit.o(.ARM.Collect$$libinit$$00000000) refers (Special) to libinit2.o(.ARM.Collect$$libinit$$00000021) for __rt_lib_init_clock_1
    libinit.o(.ARM.Collect$$libinit$$00000000) refers (Special) to libinit2.o(.ARM.Collect$$libinit$$00000032) for __rt_lib_init_cpp_1
    libinit.o(.ARM.Collect$$libinit$$00000000) refers (Special) to libinit2.o(.ARM.Collect$$libinit$$00000030) for __rt_lib_init_exceptions_1
    libinit.o(.ARM.Collect$$libinit$$00000000) refers (Special) to libinit2.o(.ARM.Collect$$libinit$$00000002) for __rt_lib_init_fp_1
    libinit.o(.ARM.Collect$$libinit$$00000000) refers (Special) to libinit2.o(.ARM.Collect$$libinit$$0000001F) for __rt_lib_init_fp_trap_1
    libinit.o(.ARM.Collect$$libinit$$00000000) refers (Special) to libinit2.o(.ARM.Collect$$libinit$$00000023) for __rt_lib_init_getenv_1
    libinit.o(.ARM.Collect$$libinit$$00000000) refers (Special) to libinit2.o(.ARM.Collect$$libinit$$0000000A) for __rt_lib_init_heap_1
    libinit.o(.ARM.Collect$$libinit$$00000000) refers (Special) to libinit2.o(.ARM.Collect$$libinit$$00000011) for __rt_lib_init_lc_collate_1
    libinit.o(.ARM.Collect$$libinit$$00000000) refers (Special) to libinit2.o(.ARM.Collect$$libinit$$00000013) for __rt_lib_init_lc_ctype_1
    libinit.o(.ARM.Collect$$libinit$$00000000) refers (Special) to libinit2.o(.ARM.Collect$$libinit$$00000015) for __rt_lib_init_lc_monetary_1
    libinit.o(.ARM.Collect$$libinit$$00000000) refers (Special) to libinit2.o(.ARM.Collect$$libinit$$00000017) for __rt_lib_init_lc_numeric_1
    libinit.o(.ARM.Collect$$libinit$$00000000) refers (Special) to libinit2.o(.ARM.Collect$$libinit$$00000019) for __rt_lib_init_lc_time_1
    libinit.o(.ARM.Collect$$libinit$$00000000) refers (Special) to libinit2.o(.ARM.Collect$$libinit$$00000004) for __rt_lib_init_preinit_1
    libinit.o(.ARM.Collect$$libinit$$00000000) refers (Special) to libinit2.o(.ARM.Collect$$libinit$$0000000E) for __rt_lib_init_rand_1
    libinit.o(.ARM.Collect$$libinit$$00000000) refers (Special) to libinit2.o(.ARM.Collect$$libinit$$00000033) for __rt_lib_init_return
    libinit.o(.ARM.Collect$$libinit$$00000000) refers (Special) to libinit2.o(.ARM.Collect$$libinit$$0000001D) for __rt_lib_init_signal_1
    libinit.o(.ARM.Collect$$libinit$$00000000) refers (Special) to libinit2.o(.ARM.Collect$$libinit$$00000025) for __rt_lib_init_stdio_1
    libinit.o(.ARM.Collect$$libinit$$00000000) refers (Special) to libinit2.o(.ARM.Collect$$libinit$$0000000C) for __rt_lib_init_user_alloc_1
    rtexit.o(.ARM.Collect$$rtexit$$00000000) refers (Special) to rtexit2.o(.ARM.Collect$$rtexit$$00000004) for __rt_exit_exit
    rtexit.o(.ARM.Collect$$rtexit$$00000000) refers (Special) to rtexit2.o(.ARM.Collect$$rtexit$$00000003) for __rt_exit_ls
    rtexit.o(.ARM.Collect$$rtexit$$00000000) refers (Special) to rtexit2.o(.ARM.Collect$$rtexit$$00000002) for __rt_exit_prels_1
    rtexit.o(.ARM.exidx) refers (Special) to rtexit2.o(.ARM.Collect$$rtexit$$00000004) for __rt_exit_exit
    rtexit.o(.ARM.exidx) refers (Special) to rtexit2.o(.ARM.Collect$$rtexit$$00000003) for __rt_exit_ls
    rtexit.o(.ARM.exidx) refers (Special) to rtexit2.o(.ARM.Collect$$rtexit$$00000002) for __rt_exit_prels_1
    rtexit.o(.ARM.exidx) refers to rtexit.o(.ARM.Collect$$rtexit$$00000000) for .ARM.Collect$$rtexit$$00000000
    libinit2.o(.ARM.Collect$$libinit$$00000010) refers to libinit2.o(.ARM.Collect$$libinit$$0000000F) for .ARM.Collect$$libinit$$0000000F
    libinit2.o(.ARM.Collect$$libinit$$00000012) refers to libinit2.o(.ARM.Collect$$libinit$$0000000F) for .ARM.Collect$$libinit$$0000000F
    libinit2.o(.ARM.Collect$$libinit$$00000014) refers to libinit2.o(.ARM.Collect$$libinit$$0000000F) for .ARM.Collect$$libinit$$0000000F
    libinit2.o(.ARM.Collect$$libinit$$00000016) refers to libinit2.o(.ARM.Collect$$libinit$$0000000F) for .ARM.Collect$$libinit$$0000000F
    libinit2.o(.ARM.Collect$$libinit$$00000018) refers to libinit2.o(.ARM.Collect$$libinit$$0000000F) for .ARM.Collect$$libinit$$0000000F
    libinit2.o(.ARM.Collect$$libinit$$00000026) refers to argv_veneer.o(.emb_text) for __ARM_argv_veneer
    libinit2.o(.ARM.Collect$$libinit$$00000027) refers to argv_veneer.o(.emb_text) for __ARM_argv_veneer
    rtexit2.o(.ARM.Collect$$rtexit$$00000003) refers to libshutdown.o(.ARM.Collect$$libshutdown$$00000000) for __rt_lib_shutdown
    rtexit2.o(.ARM.Collect$$rtexit$$00000004) refers to sys_exit.o(.text) for _sys_exit
    rtexit2.o(.ARM.exidx) refers to rtexit2.o(.ARM.Collect$$rtexit$$00000001) for .ARM.Collect$$rtexit$$00000001
    rtexit2.o(.ARM.exidx) refers to rtexit2.o(.ARM.Collect$$rtexit$$00000003) for .ARM.Collect$$rtexit$$00000003
    rtexit2.o(.ARM.exidx) refers to rtexit2.o(.ARM.Collect$$rtexit$$00000004) for .ARM.Collect$$rtexit$$00000004
    argv_veneer.o(.emb_text) refers to no_argv.o(.text) for __ARM_get_argv
    sys_exit.o(.text) refers (Special) to use_no_semi.o(.text) for __I$use$semihosting
    sys_exit.o(.text) refers (Special) to indicate_semi.o(.text) for __semihosting_library_function
    _get_argv_nomalloc.o(.text) refers (Special) to hrguard.o(.text) for __heap_region$guard
    _get_argv_nomalloc.o(.text) refers to defsig_rtmem_outer.o(.text) for __rt_SIGRTMEM
    _get_argv_nomalloc.o(.text) refers to sys_command.o(.text) for _sys_command_string
    libshutdown.o(.ARM.Collect$$libshutdown$$00000000) refers (Special) to libshutdown2.o(.ARM.Collect$$libshutdown$$00000002) for __rt_lib_shutdown_cpp_1
    libshutdown.o(.ARM.Collect$$libshutdown$$00000000) refers (Special) to libshutdown2.o(.ARM.Collect$$libshutdown$$00000007) for __rt_lib_shutdown_fp_trap_1
    libshutdown.o(.ARM.Collect$$libshutdown$$00000000) refers (Special) to libshutdown2.o(.ARM.Collect$$libshutdown$$0000000F) for __rt_lib_shutdown_heap_1
    libshutdown.o(.ARM.Collect$$libshutdown$$00000000) refers (Special) to libshutdown2.o(.ARM.Collect$$libshutdown$$00000010) for __rt_lib_shutdown_return
    libshutdown.o(.ARM.Collect$$libshutdown$$00000000) refers (Special) to libshutdown2.o(.ARM.Collect$$libshutdown$$0000000A) for __rt_lib_shutdown_signal_1
    libshutdown.o(.ARM.Collect$$libshutdown$$00000000) refers (Special) to libshutdown2.o(.ARM.Collect$$libshutdown$$00000004) for __rt_lib_shutdown_stdio_1
    libshutdown.o(.ARM.Collect$$libshutdown$$00000000) refers (Special) to libshutdown2.o(.ARM.Collect$$libshutdown$$0000000C) for __rt_lib_shutdown_user_alloc_1
    sys_command.o(.text) refers (Special) to use_no_semi.o(.text) for __I$use$semihosting
    sys_command.o(.text) refers (Special) to indicate_semi.o(.text) for __semihosting_library_function
    defsig_rtmem_outer.o(.text) refers to defsig_rtmem_inner.o(.text) for __rt_SIGRTMEM_inner
    defsig_rtmem_outer.o(.text) refers to defsig_exit.o(.text) for __sig_exit
    defsig_rtmem_formal.o(.text) refers to rt_raise.o(.text) for __rt_raise
    rt_raise.o(.text) refers to __raise.o(.text) for __raise
    rt_raise.o(.text) refers to sys_exit.o(.text) for _sys_exit
    defsig_exit.o(.text) refers to sys_exit.o(.text) for _sys_exit
    defsig_rtmem_inner.o(.text) refers to defsig_general.o(.text) for __default_signal_display
    __raise.o(.text) refers to defsig.o(CL$$defsig) for __default_signal_handler
    defsig_general.o(.text) refers to sys_wrch.o(.text) for _ttywrch
    sys_wrch.o(.text) refers (Special) to use_no_semi.o(.text) for __I$use$semihosting
    sys_wrch.o(.text) refers (Special) to indicate_semi.o(.text) for __semihosting_library_function
    defsig.o(CL$$defsig) refers to defsig_rtmem_inner.o(.text) for __rt_SIGRTMEM_inner
    defsig_abrt_inner.o(.text) refers to defsig_general.o(.text) for __default_signal_display
    defsig_fpe_inner.o(.text) refers to defsig_general.o(.text) for __default_signal_display
    defsig_rtred_inner.o(.text) refers to defsig_general.o(.text) for __default_signal_display
    defsig_stak_inner.o(.text) refers to defsig_general.o(.text) for __default_signal_display
    defsig_pvfn_inner.o(.text) refers to defsig_general.o(.text) for __default_signal_display
    defsig_cppl_inner.o(.text) refers to defsig_general.o(.text) for __default_signal_display
    defsig_segv_inner.o(.text) refers to defsig_general.o(.text) for __default_signal_display
    defsig_other.o(.text) refers to defsig_general.o(.text) for __default_signal_display


==============================================================================

Removing Unused input sections from the image.

    Removing rtx_conf_cm.o(i.__user_perthread_libspace), (36 bytes).
    Removing rtx_conf_cm.o(i._mutex_initialize), (44 bytes).
    Removing rtos_helloworld_00_rtx.o(.rev16_text), (4 bytes).
    Removing rtos_helloworld_00_rtx.o(.revsh_text), (4 bytes).
    Removing rtos_helloworld_00_rtx.o(.rrx_text), (6 bytes).
    Removing rtos_helloworld_00_rtx.o(i.GPIO_clock_disable), (40 bytes).
    Removing rtos_helloworld_00_rtx.o(i.STM32_port_off), (52 bytes).
    Removing rtos_helloworld_00_rtx.o(i.STM32_port_on), (52 bytes).
    Removing rtos_helloworld_00_rtx.o(.ARM.exidx), (8 bytes).
    Removing rtos_helloworld_00_rtx.o(.ARM.exidx), (8 bytes).
    Removing rtos_helloworld_00_rtx.o(.ARM.exidx), (8 bytes).
    Removing rtos_helloworld_00_rtx.o(.ARM.exidx), (8 bytes).
    Removing rtos_helloworld_00_rtx.o(.ARM.exidx), (8 bytes).
    Removing rtos_helloworld_00_rtx.o(.ARM.exidx), (8 bytes).
    Removing rtos_helloworld_00_rtx.o(.ARM.exidx), (8 bytes).
    Removing rtos_helloworld_00_rtx.o(.ARM.exidx), (8 bytes).
    Removing rtos_helloworld_00_rtx.o(.ARM.exidx), (8 bytes).
    Removing rtos_helloworld_00_rtx.o(.ARM.exidx), (8 bytes).
    Removing rtos_helloworld_00_rtx.o(.ARM.exidx), (8 bytes).
    Removing rtos_helloworld_00_rtx.o(.ARM.exidx), (8 bytes).
    Removing rtos_helloworld_00_rtx.o(.ARM.exidx), (8 bytes).
    Removing system_stm32f4xx.o(.rev16_text), (4 bytes).
    Removing system_stm32f4xx.o(.revsh_text), (4 bytes).
    Removing system_stm32f4xx.o(.rrx_text), (6 bytes).
    Removing system_stm32f4xx.o(i.SystemCoreClockUpdate), (192 bytes).
    Removing system_stm32f4xx.o(.constdata), (24 bytes).
    Removing system_stm32f4xx.o(.data), (4 bytes).
    Removing rt_task.o(i.rt_tsk_pass), (48 bytes).
    Removing rt_task.o(i.rt_tsk_prio), (140 bytes).
    Removing rt_mutex.o(i.rt_mut_init), (16 bytes).
    Removing rt_system.o(.emb_text), (0 bytes).
    Removing rt_system.o(i.rt_psh_req), (32 bytes).
    Removing rt_system.o(i.rt_resume), (176 bytes).
    Removing rt_system.o(i.rt_suspend), (44 bytes).
    Removing rt_system.o(i.rt_tsk_lock), (80 bytes).
    Removing rt_system.o(i.rt_tsk_unlock), (80 bytes).
    Removing rt_list.o(i.rt_get_same_rdy_prio), (36 bytes).
    Removing rt_list.o(i.rt_psq_enq), (92 bytes).
    Removing rt_membox.o(i._calloc_box), (30 bytes).
    Removing rt_event.o(i.isr_evt_set), (40 bytes).
    Removing rt_event.o(i.rt_evt_clr), (28 bytes).
    Removing rt_event.o(i.rt_evt_get), (12 bytes).
    Removing rt_event.o(i.rt_evt_set), (96 bytes).
    Removing rt_event.o(i.rt_evt_wait), (60 bytes).
    Removing rt_mailbox.o(i.isr_mbx_receive), (86 bytes).
    Removing rt_mailbox.o(i.isr_mbx_send), (14 bytes).
    Removing rt_mailbox.o(i.rt_mbx_check), (8 bytes).
    Removing rt_mailbox.o(i.rt_mbx_init), (24 bytes).
    Removing rt_mailbox.o(i.rt_mbx_send), (164 bytes).
    Removing rt_mailbox.o(i.rt_mbx_wait), (188 bytes).
    Removing rt_semaphore.o(i.isr_sem_send), (16 bytes).
    Removing rt_semaphore.o(i.rt_sem_init), (12 bytes).
    Removing rt_semaphore.o(i.rt_sem_send), (56 bytes).
    Removing rt_semaphore.o(i.rt_sem_wait), (64 bytes).
    Removing rt_time.o(i.rt_dly_wait), (6 bytes).
    Removing rt_time.o(i.rt_itv_set), (24 bytes).
    Removing rt_time.o(i.rt_itv_wait), (40 bytes).
    Removing rt_time.o(i.rt_time_get), (12 bytes).
    Removing rt_timer.o(i.rt_tmr_create), (80 bytes).
    Removing rt_timer.o(i.rt_tmr_kill), (52 bytes).

60 unused section(s) (total 2432 bytes) removed from the image.

==============================================================================

Image Symbol Table

    Local Symbols

    Symbol Name                              Value     Ov Type        Size  Object(Section)

    ../clib/angel/boardlib.s                 0x00000000   Number         0  boardinit1.o ABSOLUTE
    ../clib/angel/boardlib.s                 0x00000000   Number         0  boardinit2.o ABSOLUTE
    ../clib/angel/boardlib.s                 0x00000000   Number         0  boardinit3.o ABSOLUTE
    ../clib/angel/boardlib.s                 0x00000000   Number         0  boardshut.o ABSOLUTE
    ../clib/angel/handlers.s                 0x00000000   Number         0  __scatter_zi.o ABSOLUTE
    ../clib/angel/handlers.s                 0x00000000   Number         0  __scatter_copy.o ABSOLUTE
    ../clib/angel/kernel.s                   0x00000000   Number         0  __rtentry4.o ABSOLUTE
    ../clib/angel/kernel.s                   0x00000000   Number         0  __rtentry.o ABSOLUTE
    ../clib/angel/kernel.s                   0x00000000   Number         0  rtexit.o ABSOLUTE
    ../clib/angel/kernel.s                   0x00000000   Number         0  __rtentry2.o ABSOLUTE
    ../clib/angel/kernel.s                   0x00000000   Number         0  rtexit2.o ABSOLUTE
    ../clib/angel/rt.s                       0x00000000   Number         0  rt_raise.o ABSOLUTE
    ../clib/angel/scatter.s                  0x00000000   Number         0  __scatter.o ABSOLUTE
    ../clib/angel/startup.s                  0x00000000   Number         0  __main.o ABSOLUTE
    ../clib/angel/sys.s                      0x00000000   Number         0  sys_stackheap_outer.o ABSOLUTE
    ../clib/angel/sys.s                      0x00000000   Number         0  libspace.o ABSOLUTE
    ../clib/angel/sys.s                      0x00000000   Number         0  use_no_semi.o ABSOLUTE
    ../clib/angel/sys.s                      0x00000000   Number         0  indicate_semi.o ABSOLUTE
    ../clib/angel/sysapp.c                   0x00000000   Number         0  sys_wrch.o ABSOLUTE
    ../clib/angel/sysapp.c                   0x00000000   Number         0  sys_command.o ABSOLUTE
    ../clib/angel/sysapp.c                   0x00000000   Number         0  sys_exit.o ABSOLUTE
    ../clib/armsys.c                         0x00000000   Number         0  argv_veneer.o ABSOLUTE
    ../clib/armsys.c                         0x00000000   Number         0  argv_veneer.o ABSOLUTE
    ../clib/armsys.c                         0x00000000   Number         0  _get_argv_nomalloc.o ABSOLUTE
    ../clib/armsys.c                         0x00000000   Number         0  no_argv.o ABSOLUTE
    ../clib/heapalloc.c                      0x00000000   Number         0  hrguard.o ABSOLUTE
    ../clib/heapaux.c                        0x00000000   Number         0  heapauxi.o ABSOLUTE
    ../clib/libinit.s                        0x00000000   Number         0  libinit2.o ABSOLUTE
    ../clib/libinit.s                        0x00000000   Number         0  libshutdown.o ABSOLUTE
    ../clib/libinit.s                        0x00000000   Number         0  libinit.o ABSOLUTE
    ../clib/libinit.s                        0x00000000   Number         0  libshutdown2.o ABSOLUTE
    ../clib/signal.c                         0x00000000   Number         0  defsig_cppl_inner.o ABSOLUTE
    ../clib/signal.c                         0x00000000   Number         0  defsig_fpe_inner.o ABSOLUTE
    ../clib/signal.c                         0x00000000   Number         0  defsig_pvfn_inner.o ABSOLUTE
    ../clib/signal.c                         0x00000000   Number         0  defsig_exit.o ABSOLUTE
    ../clib/signal.c                         0x00000000   Number         0  defsig_rtred_inner.o ABSOLUTE
    ../clib/signal.c                         0x00000000   Number         0  defsig_rtmem_formal.o ABSOLUTE
    ../clib/signal.c                         0x00000000   Number         0  defsig_other.o ABSOLUTE
    ../clib/signal.c                         0x00000000   Number         0  __raise.o ABSOLUTE
    ../clib/signal.c                         0x00000000   Number         0  defsig_stak_inner.o ABSOLUTE
    ../clib/signal.c                         0x00000000   Number         0  defsig_rtmem_inner.o ABSOLUTE
    ../clib/signal.c                         0x00000000   Number         0  defsig_general.o ABSOLUTE
    ../clib/signal.c                         0x00000000   Number         0  defsig_abrt_inner.o ABSOLUTE
    ../clib/signal.c                         0x00000000   Number         0  defsig_rtmem_outer.o ABSOLUTE
    ../clib/signal.c                         0x00000000   Number         0  defsig_segv_inner.o ABSOLUTE
    ../clib/signal.s                         0x00000000   Number         0  defsig.o ABSOLUTE
    ../clib/stdlib.c                         0x00000000   Number         0  exit.o ABSOLUTE
    ../fplib/fpinit.s                        0x00000000   Number         0  fpinit.o ABSOLUTE
    RTE\Device\STM32F407VGTx\startup_stm32f407xx.s 0x00000000   Number         0  startup_stm32f407xx.o ABSOLUTE
    RTE\Device\STM32F407VGTx\system_stm32f4xx.c 0x00000000   Number         0  system_stm32f4xx.o ABSOLUTE
    RTE\\Device\\STM32F407VGTx\\system_stm32f4xx.c 0x00000000   Number         0  system_stm32f4xx.o ABSOLUTE
    RTX_Conf_CM.c                            0x00000000   Number         0  rtx_conf_cm.o ABSOLUTE
    SRC\CM\HAL_CM3.c                         0x00000000   Number         0  hal_cm3.o ABSOLUTE
    SRC\CM\SVC_Table.s                       0x00000000   Number         0  svc_table.o ABSOLUTE
    SRC\CM\rt_Event.c                        0x00000000   Number         0  rt_event.o ABSOLUTE
    SRC\CM\rt_List.c                         0x00000000   Number         0  rt_list.o ABSOLUTE
    SRC\CM\rt_Mailbox.c                      0x00000000   Number         0  rt_mailbox.o ABSOLUTE
    SRC\CM\rt_MemBox.c                       0x00000000   Number         0  rt_membox.o ABSOLUTE
    SRC\CM\rt_Mutex.c                        0x00000000   Number         0  rt_mutex.o ABSOLUTE
    SRC\CM\rt_Robin.c                        0x00000000   Number         0  rt_robin.o ABSOLUTE
    SRC\CM\rt_Semaphore.c                    0x00000000   Number         0  rt_semaphore.o ABSOLUTE
    SRC\CM\rt_System.c                       0x00000000   Number         0  rt_system.o ABSOLUTE
    SRC\CM\rt_Task.c                         0x00000000   Number         0  rt_task.o ABSOLUTE
    SRC\CM\rt_Time.c                         0x00000000   Number         0  rt_time.o ABSOLUTE
    SRC\CM\rt_Timer.c                        0x00000000   Number         0  rt_timer.o ABSOLUTE
    SRC\\CM\\HAL_CM3.c                       0x00000000   Number         0  hal_cm3.o ABSOLUTE
    SRC\\CM\\rt_System.c                     0x00000000   Number         0  rt_system.o ABSOLUTE
    dc.s                                     0x00000000   Number         0  dc.o ABSOLUTE
    rtos_helloworld_00_rtx.c                 0x00000000   Number         0  rtos_helloworld_00_rtx.o ABSOLUTE
    rtos_helloworld_00_rtx.c                 0x00000000   Number         0  rtos_helloworld_00_rtx.o ABSOLUTE
    RESET                                    0x08000000   Section      392  startup_stm32f407xx.o(RESET)
    !!!main                                  0x08000188   Section        8  __main.o(!!!main)
    !!!scatter                               0x08000190   Section       52  __scatter.o(!!!scatter)
    !!handler_copy                           0x080001c4   Section       26  __scatter_copy.o(!!handler_copy)
    !!handler_zi                             0x080001e0   Section       28  __scatter_zi.o(!!handler_zi)
    .ARM.Collect$$libinit$$00000000          0x080001fc   Section        2  libinit.o(.ARM.Collect$$libinit$$00000000)
    .ARM.Collect$$libinit$$00000002          0x080001fe   Section        0  libinit2.o(.ARM.Collect$$libinit$$00000002)
    .ARM.Collect$$libinit$$00000004          0x080001fe   Section        0  libinit2.o(.ARM.Collect$$libinit$$00000004)
    .ARM.Collect$$libinit$$0000000A          0x080001fe   Section        0  libinit2.o(.ARM.Collect$$libinit$$0000000A)
    .ARM.Collect$$libinit$$0000000C          0x080001fe   Section        0  libinit2.o(.ARM.Collect$$libinit$$0000000C)
    .ARM.Collect$$libinit$$0000000E          0x080001fe   Section        0  libinit2.o(.ARM.Collect$$libinit$$0000000E)
    .ARM.Collect$$libinit$$00000011          0x080001fe   Section        0  libinit2.o(.ARM.Collect$$libinit$$00000011)
    .ARM.Collect$$libinit$$00000013          0x080001fe   Section        0  libinit2.o(.ARM.Collect$$libinit$$00000013)
    .ARM.Collect$$libinit$$00000015          0x080001fe   Section        0  libinit2.o(.ARM.Collect$$libinit$$00000015)
    .ARM.Collect$$libinit$$00000017          0x080001fe   Section        0  libinit2.o(.ARM.Collect$$libinit$$00000017)
    .ARM.Collect$$libinit$$00000019          0x080001fe   Section        0  libinit2.o(.ARM.Collect$$libinit$$00000019)
    .ARM.Collect$$libinit$$0000001B          0x080001fe   Section        0  libinit2.o(.ARM.Collect$$libinit$$0000001B)
    .ARM.Collect$$libinit$$0000001D          0x080001fe   Section        0  libinit2.o(.ARM.Collect$$libinit$$0000001D)
    .ARM.Collect$$libinit$$0000001F          0x080001fe   Section        0  libinit2.o(.ARM.Collect$$libinit$$0000001F)
    .ARM.Collect$$libinit$$00000021          0x080001fe   Section        0  libinit2.o(.ARM.Collect$$libinit$$00000021)
    .ARM.Collect$$libinit$$00000023          0x080001fe   Section        0  libinit2.o(.ARM.Collect$$libinit$$00000023)
    .ARM.Collect$$libinit$$00000025          0x080001fe   Section        0  libinit2.o(.ARM.Collect$$libinit$$00000025)
    .ARM.Collect$$libinit$$0000002C          0x080001fe   Section        0  libinit2.o(.ARM.Collect$$libinit$$0000002C)
    .ARM.Collect$$libinit$$0000002E          0x080001fe   Section        0  libinit2.o(.ARM.Collect$$libinit$$0000002E)
    .ARM.Collect$$libinit$$00000030          0x080001fe   Section        0  libinit2.o(.ARM.Collect$$libinit$$00000030)
    .ARM.Collect$$libinit$$00000032          0x080001fe   Section        0  libinit2.o(.ARM.Collect$$libinit$$00000032)
    .ARM.Collect$$libinit$$00000033          0x080001fe   Section        2  libinit2.o(.ARM.Collect$$libinit$$00000033)
    .ARM.Collect$$libshutdown$$00000000      0x08000200   Section        2  libshutdown.o(.ARM.Collect$$libshutdown$$00000000)
    .ARM.Collect$$libshutdown$$00000002      0x08000202   Section        0  libshutdown2.o(.ARM.Collect$$libshutdown$$00000002)
    .ARM.Collect$$libshutdown$$00000004      0x08000202   Section        0  libshutdown2.o(.ARM.Collect$$libshutdown$$00000004)
    .ARM.Collect$$libshutdown$$00000007      0x08000202   Section        0  libshutdown2.o(.ARM.Collect$$libshutdown$$00000007)
    .ARM.Collect$$libshutdown$$0000000A      0x08000202   Section        0  libshutdown2.o(.ARM.Collect$$libshutdown$$0000000A)
    .ARM.Collect$$libshutdown$$0000000C      0x08000202   Section        0  libshutdown2.o(.ARM.Collect$$libshutdown$$0000000C)
    .ARM.Collect$$libshutdown$$0000000F      0x08000202   Section        0  libshutdown2.o(.ARM.Collect$$libshutdown$$0000000F)
    .ARM.Collect$$libshutdown$$00000010      0x08000202   Section        2  libshutdown2.o(.ARM.Collect$$libshutdown$$00000010)
    .ARM.Collect$$rtentry$$00000000          0x08000204   Section        0  __rtentry.o(.ARM.Collect$$rtentry$$00000000)
    .ARM.Collect$$rtentry$$00000002          0x08000204   Section        0  __rtentry2.o(.ARM.Collect$$rtentry$$00000002)
    .ARM.Collect$$rtentry$$00000004          0x08000204   Section        6  __rtentry4.o(.ARM.Collect$$rtentry$$00000004)
    .ARM.Collect$$rtentry$$00000009          0x0800020a   Section        0  __rtentry2.o(.ARM.Collect$$rtentry$$00000009)
    .ARM.Collect$$rtentry$$0000000A          0x0800020a   Section        4  __rtentry2.o(.ARM.Collect$$rtentry$$0000000A)
    .ARM.Collect$$rtentry$$0000000C          0x0800020e   Section        0  __rtentry2.o(.ARM.Collect$$rtentry$$0000000C)
    .ARM.Collect$$rtentry$$0000000D          0x0800020e   Section        8  __rtentry2.o(.ARM.Collect$$rtentry$$0000000D)
    .ARM.Collect$$rtexit$$00000000           0x08000216   Section        2  rtexit.o(.ARM.Collect$$rtexit$$00000000)
    .ARM.Collect$$rtexit$$00000002           0x08000218   Section        0  rtexit2.o(.ARM.Collect$$rtexit$$00000002)
    .ARM.Collect$$rtexit$$00000003           0x08000218   Section        4  rtexit2.o(.ARM.Collect$$rtexit$$00000003)
    .ARM.Collect$$rtexit$$00000004           0x0800021c   Section        6  rtexit2.o(.ARM.Collect$$rtexit$$00000004)
    .emb_text                                0x08000224   Section      340  hal_cm3.o(.emb_text)
    .text                                    0x08000378   Section       64  startup_stm32f407xx.o(.text)
    .text                                    0x080003b8   Section        8  libspace.o(.text)
    .text                                    0x080003c0   Section        0  heapauxi.o(.text)
    .text                                    0x080003c6   Section       74  sys_stackheap_outer.o(.text)
    .text                                    0x08000410   Section        0  exit.o(.text)
    .text                                    0x08000424   Section        0  sys_exit.o(.text)
    .text                                    0x08000430   Section        2  use_no_semi.o(.text)
    .text                                    0x08000432   Section        0  indicate_semi.o(.text)
    SVC_TABLE                                0x08000434   Section        4  svc_table.o(SVC_TABLE)
    i.GPIO_clock_enable                      0x08000438   Section        0  rtos_helloworld_00_rtx.o(i.GPIO_clock_enable)
    i.LED_setup                              0x08000460   Section        0  rtos_helloworld_00_rtx.o(i.LED_setup)
    i.SystemInit                             0x0800062e   Section        0  system_stm32f4xx.o(i.SystemInit)
    i._Z10board_initv                        0x08000630   Section        0  rtos_helloworld_00_rtx.o(i._Z10board_initv)
    i._Z14io_port_sourceP12GPIO_TypeDef      0x0800067c   Section        0  rtos_helloworld_00_rtx.o(i._Z14io_port_sourceP12GPIO_TypeDef)
    io_port_source(GPIO_TypeDef*)            0x0800067d   Thumb Code    10  rtos_helloworld_00_rtx.o(i._Z14io_port_sourceP12GPIO_TypeDef)
    i._Z16Turn_GreenLed_Onv                  0x0800068c   Section        0  rtos_helloworld_00_rtx.o(i._Z16Turn_GreenLed_Onv)
    i._Z17Turn_GreenLed_Offv                 0x080006c0   Section        0  rtos_helloworld_00_rtx.o(i._Z17Turn_GreenLed_Offv)
    i._Z6io_pin3pin                          0x080006f4   Section        0  rtos_helloworld_00_rtx.o(i._Z6io_pin3pin)
    io_pin(pin)                              0x080006f5   Thumb Code     8  rtos_helloworld_00_rtx.o(i._Z6io_pin3pin)
    i._Z6io_set3pini                         0x080006fc   Section        0  rtos_helloworld_00_rtx.o(i._Z6io_set3pini)
    io_set(pin, int)                         0x080006fd   Thumb Code    42  rtos_helloworld_00_rtx.o(i._Z6io_set3pini)
    i._Z7io_port3pin                         0x08000728   Section        0  rtos_helloworld_00_rtx.o(i._Z7io_port3pin)
    io_port(pin)                             0x08000729   Thumb Code    22  rtos_helloworld_00_rtx.o(i._Z7io_port3pin)
    i._init_box                              0x08000744   Section        0  rt_membox.o(i._init_box)
    i._mutex_acquire                         0x0800078c   Section        0  rtx_conf_cm.o(i._mutex_acquire)
    __tagsym$$used                           0x0800078d   Number         0  rtx_conf_cm.o(i._mutex_acquire)
    i._mutex_release                         0x080007ac   Section        0  rtx_conf_cm.o(i._mutex_release)
    __tagsym$$used                           0x080007ad   Number         0  rtx_conf_cm.o(i._mutex_release)
    i.dbg_init                               0x080007c8   Section        0  hal_cm3.o(i.dbg_init)
    i.dbg_task_notify                        0x080007f8   Section        0  hal_cm3.o(i.dbg_task_notify)
    i.dbg_task_switch                        0x08000818   Section        0  hal_cm3.o(i.dbg_task_switch)
    i.main                                   0x08000828   Section        0  rtos_helloworld_00_rtx.o(i.main)
    i.os_error                               0x08000848   Section        0  rtx_conf_cm.o(i.os_error)
    i.os_idle_demon                          0x0800084c   Section        0  rtx_conf_cm.o(i.os_idle_demon)
    i.os_tick_init                           0x08000850   Section        0  rt_system.o(i.os_tick_init)
    i.os_tick_irqack                         0x08000878   Section        0  rt_system.o(i.os_tick_irqack)
    i.os_tmr_call                            0x0800087a   Section        0  rtx_conf_cm.o(i.os_tmr_call)
    i.rt_alloc_box                           0x0800087e   Section        0  rt_membox.o(i.rt_alloc_box)
    i.rt_block                               0x08000898   Section        0  rt_task.o(i.rt_block)
    i.rt_chk_robin                           0x080008d0   Section        0  rt_robin.o(i.rt_chk_robin)
    i.rt_dec_dly                             0x08000918   Section        0  rt_list.o(i.rt_dec_dly)
    i.rt_dispatch                            0x0800098c   Section        0  rt_task.o(i.rt_dispatch)
    i.rt_evt_psh                             0x080009d0   Section        0  rt_event.o(i.rt_evt_psh)
    i.rt_free_box                            0x08000a1c   Section        0  rt_membox.o(i.rt_free_box)
    i.rt_get_first                           0x08000a3c   Section        0  rt_list.o(i.rt_get_first)
    i.rt_init_context                        0x08000a64   Section        0  rt_task.o(i.rt_init_context)
    rt_init_context                          0x08000a65   Thumb Code    70  rt_task.o(i.rt_init_context)
    i.rt_init_robin                          0x08000ab0   Section        0  rt_robin.o(i.rt_init_robin)
    i.rt_init_stack                          0x08000ac8   Section        0  hal_cm3.o(i.rt_init_stack)
    i.rt_mbx_psh                             0x08000b18   Section        0  rt_mailbox.o(i.rt_mbx_psh)
    i.rt_mut_release                         0x08000bec   Section        0  rt_mutex.o(i.rt_mut_release)
    i.rt_mut_wait                            0x08000cd0   Section        0  rt_mutex.o(i.rt_mut_wait)
    i.rt_pop_req                             0x08000d38   Section        0  rt_system.o(i.rt_pop_req)
    i.rt_put_dly                             0x08000db4   Section        0  rt_list.o(i.rt_put_dly)
    i.rt_put_prio                            0x08000dfc   Section        0  rt_list.o(i.rt_put_prio)
    i.rt_put_rdy_first                       0x08000e34   Section        0  rt_list.o(i.rt_put_rdy_first)
    i.rt_resort_prio                         0x08000e48   Section        0  rt_list.o(i.rt_resort_prio)
    i.rt_rmv_dly                             0x08000e7c   Section        0  rt_list.o(i.rt_rmv_dly)
    i.rt_rmv_list                            0x08000ea4   Section        0  rt_list.o(i.rt_rmv_list)
    i.rt_sem_psh                             0x08000ed4   Section        0  rt_semaphore.o(i.rt_sem_psh)
    i.rt_stk_check                           0x08000f08   Section        0  rt_system.o(i.rt_stk_check)
    i.rt_switch_req                          0x08000f2c   Section        0  rt_task.o(i.rt_switch_req)
    i.rt_sys_init                            0x08000f54   Section        0  rt_task.o(i.rt_sys_init)
    i.rt_systick                             0x080010a8   Section        0  rt_system.o(i.rt_systick)
    i.rt_tmr_tick                            0x080010e8   Section        0  rt_timer.o(i.rt_tmr_tick)
    i.rt_tsk_create                          0x08001128   Section        0  rt_task.o(i.rt_tsk_create)
    i.rt_tsk_delete                          0x080011b8   Section        0  rt_task.o(i.rt_tsk_delete)
    i.rt_tsk_self                            0x08001324   Section        0  rt_task.o(i.rt_tsk_self)
    .constdata                               0x08001334   Section       40  rtx_conf_cm.o(.constdata)
    __tagsym$$used                           0x08001348   Number         0  rtx_conf_cm.o(.constdata)
    __tagsym$$used                           0x0800134c   Number         0  rtx_conf_cm.o(.constdata)
    .constdata                               0x0800135c   Section        4  rt_system.o(.constdata)
    __tagsym$$used                           0x0800135c   Number         0  rt_system.o(.constdata)
    .data                                    0x20000000   Section        8  rtx_conf_cm.o(.data)
    nr_mutex                                 0x20000004   Data           4  rtx_conf_cm.o(.data)
    .data                                    0x20000008   Section       22  rtos_helloworld_00_rtx.o(.data)
    STM32_port_name                          0x20000008   Data           9  rtos_helloworld_00_rtx.o(.data)
    .data                                    0x20000020   Section        8  rt_task.o(.data)
    .data                                    0x20000028   Section        1  hal_cm3.o(.data)
    .data                                    0x2000002c   Section        8  rt_system.o(.data)
    os_lock                                  0x2000002c   Data           1  rt_system.o(.data)
    os_psh_flag                              0x2000002d   Data           1  rt_system.o(.data)
    pend_flags                               0x2000002e   Data           1  rt_system.o(.data)
    .data                                    0x20000034   Section        8  rt_robin.o(.data)
    .data                                    0x2000003c   Section        4  rt_time.o(.data)
    .data                                    0x20000040   Section        8  rt_timer.o(.data)
    .bss                                     0x20000048   Section     4668  rtx_conf_cm.o(.bss)
    std_libspace                             0x20000e44   Data         960  rtx_conf_cm.o(.bss)
    std_libmutex                             0x20001204   Data         128  rtx_conf_cm.o(.bss)
    .bss                                     0x20001284   Section       56  rt_task.o(.bss)
    .bss                                     0x200012bc   Section       48  rt_list.o(.bss)
    .bss                                     0x200012ec   Section       96  libspace.o(.bss)
    HEAP                                     0x20001350   Section      512  startup_stm32f407xx.o(HEAP)
    Heap_Mem                                 0x20001350   Data         512  startup_stm32f407xx.o(HEAP)
    STACK                                    0x20001550   Section     1024  startup_stm32f407xx.o(STACK)
    Stack_Mem                                0x20001550   Data        1024  startup_stm32f407xx.o(STACK)
    __initial_sp                             0x20001950   Data           0  startup_stm32f407xx.o(STACK)

    Global Symbols

    Symbol Name                              Value     Ov Type        Size  Object(Section)

    BuildAttributes$$THM_ISAv4$E$P$D$K$B$S$7EM$PE$A:L22UL41UL21$X:L11$S22US41US21$IEEE1$IW$USESV6$~STKCKD$USESV7$~SHL$OSPACE$ROPI$EBA8$UX$STANDARDLIB$REQ8$PRES8$EABIv2 0x00000000   Number         0  anon$$obj.o ABSOLUTE
    __ARM_use_no_argv                        0x00000000   Number         0  rtos_helloworld_00_rtx.o ABSOLUTE
    __ARM_exceptions_init                     - Undefined Weak Reference
    __alloca_initialize                       - Undefined Weak Reference
    __arm_preinit_                            - Undefined Weak Reference
    __cpp_initialize__aeabi_                  - Undefined Weak Reference
    __cxa_finalize                            - Undefined Weak Reference
    __rt_locale                               - Undefined Weak Reference
    __sigvec_lookup                           - Undefined Weak Reference
    _atexit_init                              - Undefined Weak Reference
    _call_atexit_fns                          - Undefined Weak Reference
    _clock_init                               - Undefined Weak Reference
    _fp_trap_init                             - Undefined Weak Reference
    _fp_trap_shutdown                         - Undefined Weak Reference
    _get_lc_collate                           - Undefined Weak Reference
    _get_lc_ctype                             - Undefined Weak Reference
    _get_lc_monetary                          - Undefined Weak Reference
    _get_lc_numeric                           - Undefined Weak Reference
    _get_lc_time                              - Undefined Weak Reference
    _getenv_init                              - Undefined Weak Reference
    _handle_redirection                       - Undefined Weak Reference
    _init_alloc                               - Undefined Weak Reference
    _init_user_alloc                          - Undefined Weak Reference
    _initio                                   - Undefined Weak Reference
    _rand_init                                - Undefined Weak Reference
    _signal_finish                            - Undefined Weak Reference
    _signal_init                              - Undefined Weak Reference
    _terminate_alloc                          - Undefined Weak Reference
    _terminate_user_alloc                     - Undefined Weak Reference
    _terminateio                              - Undefined Weak Reference
    __Vectors_Size                           0x00000188   Number         0  startup_stm32f407xx.o ABSOLUTE
    __RL_RTX_VER                             0x00000475   Number         0  rt_system.o ABSOLUTE
    __Vectors                                0x08000000   Data           4  startup_stm32f407xx.o(RESET)
    __Vectors_End                            0x08000188   Data           0  startup_stm32f407xx.o(RESET)
    __main                                   0x08000189   Thumb Code     8  __main.o(!!!main)
    __scatterload                            0x08000191   Thumb Code     0  __scatter.o(!!!scatter)
    __scatterload_rt2                        0x08000191   Thumb Code    44  __scatter.o(!!!scatter)
    __scatterload_rt2_thumb_only             0x08000191   Thumb Code     0  __scatter.o(!!!scatter)
    __scatterload_null                       0x0800019f   Thumb Code     0  __scatter.o(!!!scatter)
    __scatterload_copy                       0x080001c5   Thumb Code    26  __scatter_copy.o(!!handler_copy)
    __scatterload_zeroinit                   0x080001e1   Thumb Code    28  __scatter_zi.o(!!handler_zi)
    __rt_lib_init                            0x080001fd   Thumb Code     0  libinit.o(.ARM.Collect$$libinit$$00000000)
    __rt_lib_init_alloca_1                   0x080001ff   Thumb Code     0  libinit2.o(.ARM.Collect$$libinit$$0000002E)
    __rt_lib_init_argv_1                     0x080001ff   Thumb Code     0  libinit2.o(.ARM.Collect$$libinit$$0000002C)
    __rt_lib_init_atexit_1                   0x080001ff   Thumb Code     0  libinit2.o(.ARM.Collect$$libinit$$0000001B)
    __rt_lib_init_clock_1                    0x080001ff   Thumb Code     0  libinit2.o(.ARM.Collect$$libinit$$00000021)
    __rt_lib_init_cpp_1                      0x080001ff   Thumb Code     0  libinit2.o(.ARM.Collect$$libinit$$00000032)
    __rt_lib_init_exceptions_1               0x080001ff   Thumb Code     0  libinit2.o(.ARM.Collect$$libinit$$00000030)
    __rt_lib_init_fp_1                       0x080001ff   Thumb Code     0  libinit2.o(.ARM.Collect$$libinit$$00000002)
    __rt_lib_init_fp_trap_1                  0x080001ff   Thumb Code     0  libinit2.o(.ARM.Collect$$libinit$$0000001F)
    __rt_lib_init_getenv_1                   0x080001ff   Thumb Code     0  libinit2.o(.ARM.Collect$$libinit$$00000023)
    __rt_lib_init_heap_1                     0x080001ff   Thumb Code     0  libinit2.o(.ARM.Collect$$libinit$$0000000A)
    __rt_lib_init_lc_collate_1               0x080001ff   Thumb Code     0  libinit2.o(.ARM.Collect$$libinit$$00000011)
    __rt_lib_init_lc_ctype_1                 0x080001ff   Thumb Code     0  libinit2.o(.ARM.Collect$$libinit$$00000013)
    __rt_lib_init_lc_monetary_1              0x080001ff   Thumb Code     0  libinit2.o(.ARM.Collect$$libinit$$00000015)
    __rt_lib_init_lc_numeric_1               0x080001ff   Thumb Code     0  libinit2.o(.ARM.Collect$$libinit$$00000017)
    __rt_lib_init_lc_time_1                  0x080001ff   Thumb Code     0  libinit2.o(.ARM.Collect$$libinit$$00000019)
    __rt_lib_init_preinit_1                  0x080001ff   Thumb Code     0  libinit2.o(.ARM.Collect$$libinit$$00000004)
    __rt_lib_init_rand_1                     0x080001ff   Thumb Code     0  libinit2.o(.ARM.Collect$$libinit$$0000000E)
    __rt_lib_init_return                     0x080001ff   Thumb Code     0  libinit2.o(.ARM.Collect$$libinit$$00000033)
    __rt_lib_init_signal_1                   0x080001ff   Thumb Code     0  libinit2.o(.ARM.Collect$$libinit$$0000001D)
    __rt_lib_init_stdio_1                    0x080001ff   Thumb Code     0  libinit2.o(.ARM.Collect$$libinit$$00000025)
    __rt_lib_init_user_alloc_1               0x080001ff   Thumb Code     0  libinit2.o(.ARM.Collect$$libinit$$0000000C)
    __rt_lib_shutdown                        0x08000201   Thumb Code     0  libshutdown.o(.ARM.Collect$$libshutdown$$00000000)
    __rt_lib_shutdown_cpp_1                  0x08000203   Thumb Code     0  libshutdown2.o(.ARM.Collect$$libshutdown$$00000002)
    __rt_lib_shutdown_fp_trap_1              0x08000203   Thumb Code     0  libshutdown2.o(.ARM.Collect$$libshutdown$$00000007)
    __rt_lib_shutdown_heap_1                 0x08000203   Thumb Code     0  libshutdown2.o(.ARM.Collect$$libshutdown$$0000000F)
    __rt_lib_shutdown_return                 0x08000203   Thumb Code     0  libshutdown2.o(.ARM.Collect$$libshutdown$$00000010)
    __rt_lib_shutdown_signal_1               0x08000203   Thumb Code     0  libshutdown2.o(.ARM.Collect$$libshutdown$$0000000A)
    __rt_lib_shutdown_stdio_1                0x08000203   Thumb Code     0  libshutdown2.o(.ARM.Collect$$libshutdown$$00000004)
    __rt_lib_shutdown_user_alloc_1           0x08000203   Thumb Code     0  libshutdown2.o(.ARM.Collect$$libshutdown$$0000000C)
    __rt_entry                               0x08000205   Thumb Code     0  __rtentry.o(.ARM.Collect$$rtentry$$00000000)
    __rt_entry_presh_1                       0x08000205   Thumb Code     0  __rtentry2.o(.ARM.Collect$$rtentry$$00000002)
    __rt_entry_sh                            0x08000205   Thumb Code     0  __rtentry4.o(.ARM.Collect$$rtentry$$00000004)
    __rt_entry_li                            0x0800020b   Thumb Code     0  __rtentry2.o(.ARM.Collect$$rtentry$$0000000A)
    __rt_entry_postsh_1                      0x0800020b   Thumb Code     0  __rtentry2.o(.ARM.Collect$$rtentry$$00000009)
    __rt_entry_main                          0x0800020f   Thumb Code     0  __rtentry2.o(.ARM.Collect$$rtentry$$0000000D)
    __rt_entry_postli_1                      0x0800020f   Thumb Code     0  __rtentry2.o(.ARM.Collect$$rtentry$$0000000C)
    __rt_exit                                0x08000217   Thumb Code     0  rtexit.o(.ARM.Collect$$rtexit$$00000000)
    __rt_exit_ls                             0x08000219   Thumb Code     0  rtexit2.o(.ARM.Collect$$rtexit$$00000003)
    __rt_exit_prels_1                        0x08000219   Thumb Code     0  rtexit2.o(.ARM.Collect$$rtexit$$00000002)
    __rt_exit_exit                           0x0800021d   Thumb Code     0  rtexit2.o(.ARM.Collect$$rtexit$$00000004)
    rt_set_PSP                               0x08000225   Thumb Code     6  hal_cm3.o(.emb_text)
    rt_get_PSP                               0x0800022b   Thumb Code     6  hal_cm3.o(.emb_text)
    os_set_env                               0x08000231   Thumb Code    24  hal_cm3.o(.emb_text)
    _alloc_box                               0x0800024d   Thumb Code    28  hal_cm3.o(.emb_text)
    _free_box                                0x0800026d   Thumb Code    28  hal_cm3.o(.emb_text)
    SVC_Handler                              0x0800028d   Thumb Code   124  hal_cm3.o(.emb_text)
    PendSV_Handler                           0x08000315   Thumb Code    76  hal_cm3.o(.emb_text)
    SysTick_Handler                          0x08000365   Thumb Code     8  hal_cm3.o(.emb_text)
    OS_Tick_Handler                          0x0800036d   Thumb Code    12  hal_cm3.o(.emb_text)
    Reset_Handler                            0x08000379   Thumb Code     8  startup_stm32f407xx.o(.text)
    NMI_Handler                              0x08000381   Thumb Code     2  startup_stm32f407xx.o(.text)
    HardFault_Handler                        0x08000383   Thumb Code     2  startup_stm32f407xx.o(.text)
    MemManage_Handler                        0x08000385   Thumb Code     2  startup_stm32f407xx.o(.text)
    BusFault_Handler                         0x08000387   Thumb Code     2  startup_stm32f407xx.o(.text)
    UsageFault_Handler                       0x08000389   Thumb Code     2  startup_stm32f407xx.o(.text)
    DebugMon_Handler                         0x0800038d   Thumb Code     2  startup_stm32f407xx.o(.text)
    ADC_IRQHandler                           0x08000393   Thumb Code     0  startup_stm32f407xx.o(.text)
    CAN1_RX0_IRQHandler                      0x08000393   Thumb Code     0  startup_stm32f407xx.o(.text)
    CAN1_RX1_IRQHandler                      0x08000393   Thumb Code     0  startup_stm32f407xx.o(.text)
    CAN1_SCE_IRQHandler                      0x08000393   Thumb Code     0  startup_stm32f407xx.o(.text)
    CAN1_TX_IRQHandler                       0x08000393   Thumb Code     0  startup_stm32f407xx.o(.text)
    CAN2_RX0_IRQHandler                      0x08000393   Thumb Code     0  startup_stm32f407xx.o(.text)
    CAN2_RX1_IRQHandler                      0x08000393   Thumb Code     0  startup_stm32f407xx.o(.text)
    CAN2_SCE_IRQHandler                      0x08000393   Thumb Code     0  startup_stm32f407xx.o(.text)
    CAN2_TX_IRQHandler                       0x08000393   Thumb Code     0  startup_stm32f407xx.o(.text)
    DCMI_IRQHandler                          0x08000393   Thumb Code     0  startup_stm32f407xx.o(.text)
    DMA1_Stream0_IRQHandler                  0x08000393   Thumb Code     0  startup_stm32f407xx.o(.text)
    DMA1_Stream1_IRQHandler                  0x08000393   Thumb Code     0  startup_stm32f407xx.o(.text)
    DMA1_Stream2_IRQHandler                  0x08000393   Thumb Code     0  startup_stm32f407xx.o(.text)
    DMA1_Stream3_IRQHandler                  0x08000393   Thumb Code     0  startup_stm32f407xx.o(.text)
    DMA1_Stream4_IRQHandler                  0x08000393   Thumb Code     0  startup_stm32f407xx.o(.text)
    DMA1_Stream5_IRQHandler                  0x08000393   Thumb Code     0  startup_stm32f407xx.o(.text)
    DMA1_Stream6_IRQHandler                  0x08000393   Thumb Code     0  startup_stm32f407xx.o(.text)
    DMA1_Stream7_IRQHandler                  0x08000393   Thumb Code     0  startup_stm32f407xx.o(.text)
    DMA2_Stream0_IRQHandler                  0x08000393   Thumb Code     0  startup_stm32f407xx.o(.text)
    DMA2_Stream1_IRQHandler                  0x08000393   Thumb Code     0  startup_stm32f407xx.o(.text)
    DMA2_Stream2_IRQHandler                  0x08000393   Thumb Code     0  startup_stm32f407xx.o(.text)
    DMA2_Stream3_IRQHandler                  0x08000393   Thumb Code     0  startup_stm32f407xx.o(.text)
    DMA2_Stream4_IRQHandler                  0x08000393   Thumb Code     0  startup_stm32f407xx.o(.text)
    DMA2_Stream5_IRQHandler                  0x08000393   Thumb Code     0  startup_stm32f407xx.o(.text)
    DMA2_Stream6_IRQHandler                  0x08000393   Thumb Code     0  startup_stm32f407xx.o(.text)
    DMA2_Stream7_IRQHandler                  0x08000393   Thumb Code     0  startup_stm32f407xx.o(.text)
    ETH_IRQHandler                           0x08000393   Thumb Code     0  startup_stm32f407xx.o(.text)
    ETH_WKUP_IRQHandler                      0x08000393   Thumb Code     0  startup_stm32f407xx.o(.text)
    EXTI0_IRQHandler                         0x08000393   Thumb Code     0  startup_stm32f407xx.o(.text)
    EXTI15_10_IRQHandler                     0x08000393   Thumb Code     0  startup_stm32f407xx.o(.text)
    EXTI1_IRQHandler                         0x08000393   Thumb Code     0  startup_stm32f407xx.o(.text)
    EXTI2_IRQHandler                         0x08000393   Thumb Code     0  startup_stm32f407xx.o(.text)
    EXTI3_IRQHandler                         0x08000393   Thumb Code     0  startup_stm32f407xx.o(.text)
    EXTI4_IRQHandler                         0x08000393   Thumb Code     0  startup_stm32f407xx.o(.text)
    EXTI9_5_IRQHandler                       0x08000393   Thumb Code     0  startup_stm32f407xx.o(.text)
    FLASH_IRQHandler                         0x08000393   Thumb Code     0  startup_stm32f407xx.o(.text)
    FMC_IRQHandler                           0x08000393   Thumb Code     0  startup_stm32f407xx.o(.text)
    FPU_IRQHandler                           0x08000393   Thumb Code     0  startup_stm32f407xx.o(.text)
    HASH_RNG_IRQHandler                      0x08000393   Thumb Code     0  startup_stm32f407xx.o(.text)
    I2C1_ER_IRQHandler                       0x08000393   Thumb Code     0  startup_stm32f407xx.o(.text)
    I2C1_EV_IRQHandler                       0x08000393   Thumb Code     0  startup_stm32f407xx.o(.text)
    I2C2_ER_IRQHandler                       0x08000393   Thumb Code     0  startup_stm32f407xx.o(.text)
    I2C2_EV_IRQHandler                       0x08000393   Thumb Code     0  startup_stm32f407xx.o(.text)
    I2C3_ER_IRQHandler                       0x08000393   Thumb Code     0  startup_stm32f407xx.o(.text)
    I2C3_EV_IRQHandler                       0x08000393   Thumb Code     0  startup_stm32f407xx.o(.text)
    OTG_FS_IRQHandler                        0x08000393   Thumb Code     0  startup_stm32f407xx.o(.text)
    OTG_FS_WKUP_IRQHandler                   0x08000393   Thumb Code     0  startup_stm32f407xx.o(.text)
    OTG_HS_EP1_IN_IRQHandler                 0x08000393   Thumb Code     0  startup_stm32f407xx.o(.text)
    OTG_HS_EP1_OUT_IRQHandler                0x08000393   Thumb Code     0  startup_stm32f407xx.o(.text)
    OTG_HS_IRQHandler                        0x08000393   Thumb Code     0  startup_stm32f407xx.o(.text)
    OTG_HS_WKUP_IRQHandler                   0x08000393   Thumb Code     0  startup_stm32f407xx.o(.text)
    PVD_IRQHandler                           0x08000393   Thumb Code     0  startup_stm32f407xx.o(.text)
    RCC_IRQHandler                           0x08000393   Thumb Code     0  startup_stm32f407xx.o(.text)
    RTC_Alarm_IRQHandler                     0x08000393   Thumb Code     0  startup_stm32f407xx.o(.text)
    RTC_WKUP_IRQHandler                      0x08000393   Thumb Code     0  startup_stm32f407xx.o(.text)
    SDIO_IRQHandler                          0x08000393   Thumb Code     0  startup_stm32f407xx.o(.text)
    SPI1_IRQHandler                          0x08000393   Thumb Code     0  startup_stm32f407xx.o(.text)
    SPI2_IRQHandler                          0x08000393   Thumb Code     0  startup_stm32f407xx.o(.text)
    SPI3_IRQHandler                          0x08000393   Thumb Code     0  startup_stm32f407xx.o(.text)
    TAMP_STAMP_IRQHandler                    0x08000393   Thumb Code     0  startup_stm32f407xx.o(.text)
    TIM1_BRK_TIM9_IRQHandler                 0x08000393   Thumb Code     0  startup_stm32f407xx.o(.text)
    TIM1_CC_IRQHandler                       0x08000393   Thumb Code     0  startup_stm32f407xx.o(.text)
    TIM1_TRG_COM_TIM11_IRQHandler            0x08000393   Thumb Code     0  startup_stm32f407xx.o(.text)
    TIM1_UP_TIM10_IRQHandler                 0x08000393   Thumb Code     0  startup_stm32f407xx.o(.text)
    TIM2_IRQHandler                          0x08000393   Thumb Code     0  startup_stm32f407xx.o(.text)
    TIM3_IRQHandler                          0x08000393   Thumb Code     0  startup_stm32f407xx.o(.text)
    TIM4_IRQHandler                          0x08000393   Thumb Code     0  startup_stm32f407xx.o(.text)
    TIM5_IRQHandler                          0x08000393   Thumb Code     0  startup_stm32f407xx.o(.text)
    TIM6_DAC_IRQHandler                      0x08000393   Thumb Code     0  startup_stm32f407xx.o(.text)
    TIM7_IRQHandler                          0x08000393   Thumb Code     0  startup_stm32f407xx.o(.text)
    TIM8_BRK_TIM12_IRQHandler                0x08000393   Thumb Code     0  startup_stm32f407xx.o(.text)
    TIM8_CC_IRQHandler                       0x08000393   Thumb Code     0  startup_stm32f407xx.o(.text)
    TIM8_TRG_COM_TIM14_IRQHandler            0x08000393   Thumb Code     0  startup_stm32f407xx.o(.text)
    TIM8_UP_TIM13_IRQHandler                 0x08000393   Thumb Code     0  startup_stm32f407xx.o(.text)
    UART4_IRQHandler                         0x08000393   Thumb Code     0  startup_stm32f407xx.o(.text)
    UART5_IRQHandler                         0x08000393   Thumb Code     0  startup_stm32f407xx.o(.text)
    USART1_IRQHandler                        0x08000393   Thumb Code     0  startup_stm32f407xx.o(.text)
    USART2_IRQHandler                        0x08000393   Thumb Code     0  startup_stm32f407xx.o(.text)
    USART3_IRQHandler                        0x08000393   Thumb Code     0  startup_stm32f407xx.o(.text)
    USART6_IRQHandler                        0x08000393   Thumb Code     0  startup_stm32f407xx.o(.text)
    WWDG_IRQHandler                          0x08000393   Thumb Code     0  startup_stm32f407xx.o(.text)
    __user_initial_stackheap                 0x08000395   Thumb Code     0  startup_stm32f407xx.o(.text)
    __user_libspace                          0x080003b9   Thumb Code     8  libspace.o(.text)
    __user_perproc_libspace                  0x080003b9   Thumb Code     0  libspace.o(.text)
    __use_two_region_memory                  0x080003c1   Thumb Code     2  heapauxi.o(.text)
    __rt_heap_escrow$2region                 0x080003c3   Thumb Code     2  heapauxi.o(.text)
    __rt_heap_expand$2region                 0x080003c5   Thumb Code     2  heapauxi.o(.text)
    __user_setup_stackheap                   0x080003c7   Thumb Code    74  sys_stackheap_outer.o(.text)
    exit                                     0x08000411   Thumb Code    18  exit.o(.text)
    _sys_exit                                0x08000425   Thumb Code     8  sys_exit.o(.text)
    __I$use$semihosting                      0x08000431   Thumb Code     0  use_no_semi.o(.text)
    __use_no_semihosting_swi                 0x08000431   Thumb Code     2  use_no_semi.o(.text)
    __semihosting_library_function           0x08000433   Thumb Code     0  indicate_semi.o(.text)
    SVC_Count                                0x08000434   Data           4  svc_table.o(SVC_TABLE)
    GPIO_clock_enable                        0x08000439   Thumb Code    34  rtos_helloworld_00_rtx.o(i.GPIO_clock_enable)
    SVC_Table                                0x08000438   Data           0  svc_table.o(SVC_TABLE)
    LED_setup                                0x08000461   Thumb Code   462  rtos_helloworld_00_rtx.o(i.LED_setup)
    SystemInit                               0x0800062f   Thumb Code     2  system_stm32f4xx.o(i.SystemInit)
    board_init()                             0x08000631   Thumb Code    52  rtos_helloworld_00_rtx.o(i._Z10board_initv)
    Turn_GreenLed_On()                       0x0800068d   Thumb Code    46  rtos_helloworld_00_rtx.o(i._Z16Turn_GreenLed_Onv)
    Turn_GreenLed_Off()                      0x080006c1   Thumb Code    46  rtos_helloworld_00_rtx.o(i._Z17Turn_GreenLed_Offv)
    _init_box                                0x08000745   Thumb Code    70  rt_membox.o(i._init_box)
    _mutex_acquire                           0x0800078d   Thumb Code    26  rtx_conf_cm.o(i._mutex_acquire)
    _mutex_release                           0x080007ad   Thumb Code    22  rtx_conf_cm.o(i._mutex_release)
    dbg_init                                 0x080007c9   Thumb Code    34  hal_cm3.o(i.dbg_init)
    dbg_task_notify                          0x080007f9   Thumb Code    32  hal_cm3.o(i.dbg_task_notify)
    dbg_task_switch                          0x08000819   Thumb Code    16  hal_cm3.o(i.dbg_task_switch)
    main                                     0x08000829   Thumb Code    22  rtos_helloworld_00_rtx.o(i.main)
    os_error                                 0x08000849   Thumb Code     4  rtx_conf_cm.o(i.os_error)
    os_idle_demon                            0x0800084d   Thumb Code     4  rtx_conf_cm.o(i.os_idle_demon)
    os_tick_init                             0x08000851   Thumb Code    32  rt_system.o(i.os_tick_init)
    os_tick_irqack                           0x08000879   Thumb Code     2  rt_system.o(i.os_tick_irqack)
    os_tmr_call                              0x0800087b   Thumb Code     4  rtx_conf_cm.o(i.os_tmr_call)
    rt_alloc_box                             0x0800087f   Thumb Code    26  rt_membox.o(i.rt_alloc_box)
    rt_block                                 0x08000899   Thumb Code    48  rt_task.o(i.rt_block)
    rt_chk_robin                             0x080008d1   Thumb Code    60  rt_robin.o(i.rt_chk_robin)
    rt_dec_dly                               0x08000919   Thumb Code   106  rt_list.o(i.rt_dec_dly)
    rt_dispatch                              0x0800098d   Thumb Code    60  rt_task.o(i.rt_dispatch)
    rt_evt_psh                               0x080009d1   Thumb Code    72  rt_event.o(i.rt_evt_psh)
    rt_free_box                              0x08000a1d   Thumb Code    32  rt_membox.o(i.rt_free_box)
    rt_get_first                             0x08000a3d   Thumb Code    40  rt_list.o(i.rt_get_first)
    rt_init_robin                            0x08000ab1   Thumb Code    14  rt_robin.o(i.rt_init_robin)
    rt_init_stack                            0x08000ac9   Thumb Code    70  hal_cm3.o(i.rt_init_stack)
    rt_mbx_psh                               0x08000b19   Thumb Code   206  rt_mailbox.o(i.rt_mbx_psh)
    rt_mut_release                           0x08000bed   Thumb Code   220  rt_mutex.o(i.rt_mut_release)
    rt_mut_wait                              0x08000cd1   Thumb Code   100  rt_mutex.o(i.rt_mut_wait)
    rt_pop_req                               0x08000d39   Thumb Code   112  rt_system.o(i.rt_pop_req)
    rt_put_dly                               0x08000db5   Thumb Code    68  rt_list.o(i.rt_put_dly)
    rt_put_prio                              0x08000dfd   Thumb Code    54  rt_list.o(i.rt_put_prio)
    rt_put_rdy_first                         0x08000e35   Thumb Code    14  rt_list.o(i.rt_put_rdy_first)
    rt_resort_prio                           0x08000e49   Thumb Code    46  rt_list.o(i.rt_resort_prio)
    rt_rmv_dly                               0x08000e7d   Thumb Code    40  rt_list.o(i.rt_rmv_dly)
    rt_rmv_list                              0x08000ea5   Thumb Code    44  rt_list.o(i.rt_rmv_list)
    rt_sem_psh                               0x08000ed5   Thumb Code    46  rt_semaphore.o(i.rt_sem_psh)
    rt_stk_check                             0x08000f09   Thumb Code    28  rt_system.o(i.rt_stk_check)
    rt_switch_req                            0x08000f2d   Thumb Code    30  rt_task.o(i.rt_switch_req)
    rt_sys_init                              0x08000f55   Thumb Code   268  rt_task.o(i.rt_sys_init)
    rt_systick                               0x080010a9   Thumb Code    50  rt_system.o(i.rt_systick)
    rt_tmr_tick                              0x080010e9   Thumb Code    56  rt_timer.o(i.rt_tmr_tick)
    rt_tsk_create                            0x08001129   Thumb Code   122  rt_task.o(i.rt_tsk_create)
    rt_tsk_delete                            0x080011b9   Thumb Code   336  rt_task.o(i.rt_tsk_delete)
    rt_tsk_self                              0x08001325   Thumb Code    12  rt_task.o(i.rt_tsk_self)
    os_maxtaskrun                            0x08001334   Data           2  rtx_conf_cm.o(.constdata)
    os_stackinfo                             0x08001338   Data           4  rtx_conf_cm.o(.constdata)
    os_rrobin                                0x0800133c   Data           4  rtx_conf_cm.o(.constdata)
    os_trv                                   0x08001340   Data           4  rtx_conf_cm.o(.constdata)
    os_flags                                 0x08001344   Data           1  rtx_conf_cm.o(.constdata)
    os_clockrate                             0x08001348   Data           4  rtx_conf_cm.o(.constdata)
    os_timernum                              0x0800134c   Data           4  rtx_conf_cm.o(.constdata)
    mp_tcb_size                              0x08001350   Data           2  rtx_conf_cm.o(.constdata)
    mp_stk_size                              0x08001354   Data           4  rtx_conf_cm.o(.constdata)
    os_fifo_size                             0x08001358   Data           1  rtx_conf_cm.o(.constdata)
    mp_tmr_size                              0x0800135a   Data           2  rtx_conf_cm.o(.constdata)
    RL_RTX_Version                           0x0800135c   Data           4  rt_system.o(.constdata)
    Region$$Table$$Base                      0x08001360   Number         0  anon$$obj.o(Region$$Table)
    Region$$Table$$Limit                     0x08001380   Number         0  anon$$obj.o(Region$$Table)
    m_tmr                                    0x20000000   Data           4  rtx_conf_cm.o(.data)
    taskID1                                  0x20000014   Data           4  rtos_helloworld_00_rtx.o(.data)
    taskID2                                  0x20000018   Data           4  rtos_helloworld_00_rtx.o(.data)
    i1                                       0x2000001c   Data           1  rtos_helloworld_00_rtx.o(.data)
    i2                                       0x2000001d   Data           1  rtos_helloworld_00_rtx.o(.data)
    os_tsk                                   0x20000020   Data           8  rt_task.o(.data)
    dbg_msg                                  0x20000028   Data           1  hal_cm3.o(.data)
    os_tick_irqn                             0x20000030   Data           4  rt_system.o(.data)
    os_robin                                 0x20000034   Data           8  rt_robin.o(.data)
    os_time                                  0x2000003c   Data           4  rt_time.o(.data)
    os_tmr                                   0x20000040   Data           8  rt_timer.o(.data)
    mp_tcb                                   0x20000048   Data         572  rtx_conf_cm.o(.bss)
    mp_stk                                   0x20000288   Data        2832  rtx_conf_cm.o(.bss)
    os_fifo                                  0x20000d98   Data         132  rtx_conf_cm.o(.bss)
    os_active_TCB                            0x20000e1c   Data          40  rtx_conf_cm.o(.bss)
    os_idle_TCB                              0x20001284   Data          56  rt_task.o(.bss)
    os_rdy                                   0x200012bc   Data          24  rt_list.o(.bss)
    os_dly                                   0x200012d4   Data          24  rt_list.o(.bss)
    __libspace_start                         0x200012ec   Data          96  libspace.o(.bss)
    __temporary_stack_top$libspace           0x2000134c   Data           0  libspace.o(.bss)



==============================================================================

Memory Map of the image

  Image Entry point : 0x08000379

  Load Region LR_1 (Base: 0x08000000, Size: 0x000013c8, Max: 0xffffffff, ABSOLUTE)

    Execution Region ER_RO (Base: 0x08000000, Size: 0x00001380, Max: 0xffffffff, ABSOLUTE)

    Base Addr    Size         Type   Attr      Idx    E Section Name        Object

    0x08000000   0x00000188   Data   RO          225    RESET               startup_stm32f407xx.o
    0x08000188   0x00000008   Code   RO          875  * !!!main             c_w.l(__main.o)
    0x08000190   0x00000034   Code   RO         1029    !!!scatter          c_w.l(__scatter.o)
    0x080001c4   0x0000001a   Code   RO         1031    !!handler_copy      c_w.l(__scatter_copy.o)
    0x080001de   0x00000002   PAD
    0x080001e0   0x0000001c   Code   RO         1033    !!handler_zi        c_w.l(__scatter_zi.o)
    0x080001fc   0x00000002   Code   RO          902    .ARM.Collect$$libinit$$00000000  c_w.l(libinit.o)
    0x080001fe   0x00000000   Code   RO          906    .ARM.Collect$$libinit$$00000002  c_w.l(libinit2.o)
    0x080001fe   0x00000000   Code   RO          908    .ARM.Collect$$libinit$$00000004  c_w.l(libinit2.o)
    0x080001fe   0x00000000   Code   RO          911    .ARM.Collect$$libinit$$0000000A  c_w.l(libinit2.o)
    0x080001fe   0x00000000   Code   RO          913    .ARM.Collect$$libinit$$0000000C  c_w.l(libinit2.o)
    0x080001fe   0x00000000   Code   RO          915    .ARM.Collect$$libinit$$0000000E  c_w.l(libinit2.o)
    0x080001fe   0x00000000   Code   RO          918    .ARM.Collect$$libinit$$00000011  c_w.l(libinit2.o)
    0x080001fe   0x00000000   Code   RO          920    .ARM.Collect$$libinit$$00000013  c_w.l(libinit2.o)
    0x080001fe   0x00000000   Code   RO          922    .ARM.Collect$$libinit$$00000015  c_w.l(libinit2.o)
    0x080001fe   0x00000000   Code   RO          924    .ARM.Collect$$libinit$$00000017  c_w.l(libinit2.o)
    0x080001fe   0x00000000   Code   RO          926    .ARM.Collect$$libinit$$00000019  c_w.l(libinit2.o)
    0x080001fe   0x00000000   Code   RO          928    .ARM.Collect$$libinit$$0000001B  c_w.l(libinit2.o)
    0x080001fe   0x00000000   Code   RO          930    .ARM.Collect$$libinit$$0000001D  c_w.l(libinit2.o)
    0x080001fe   0x00000000   Code   RO          932    .ARM.Collect$$libinit$$0000001F  c_w.l(libinit2.o)
    0x080001fe   0x00000000   Code   RO          934    .ARM.Collect$$libinit$$00000021  c_w.l(libinit2.o)
    0x080001fe   0x00000000   Code   RO          936    .ARM.Collect$$libinit$$00000023  c_w.l(libinit2.o)
    0x080001fe   0x00000000   Code   RO          938    .ARM.Collect$$libinit$$00000025  c_w.l(libinit2.o)
    0x080001fe   0x00000000   Code   RO          942    .ARM.Collect$$libinit$$0000002C  c_w.l(libinit2.o)
    0x080001fe   0x00000000   Code   RO          944    .ARM.Collect$$libinit$$0000002E  c_w.l(libinit2.o)
    0x080001fe   0x00000000   Code   RO          946    .ARM.Collect$$libinit$$00000030  c_w.l(libinit2.o)
    0x080001fe   0x00000000   Code   RO          948    .ARM.Collect$$libinit$$00000032  c_w.l(libinit2.o)
    0x080001fe   0x00000002   Code   RO          949    .ARM.Collect$$libinit$$00000033  c_w.l(libinit2.o)
    0x08000200   0x00000002   Code   RO          969    .ARM.Collect$$libshutdown$$00000000  c_w.l(libshutdown.o)
    0x08000202   0x00000000   Code   RO          982    .ARM.Collect$$libshutdown$$00000002  c_w.l(libshutdown2.o)
    0x08000202   0x00000000   Code   RO          984    .ARM.Collect$$libshutdown$$00000004  c_w.l(libshutdown2.o)
    0x08000202   0x00000000   Code   RO          987    .ARM.Collect$$libshutdown$$00000007  c_w.l(libshutdown2.o)
    0x08000202   0x00000000   Code   RO          990    .ARM.Collect$$libshutdown$$0000000A  c_w.l(libshutdown2.o)
    0x08000202   0x00000000   Code   RO          992    .ARM.Collect$$libshutdown$$0000000C  c_w.l(libshutdown2.o)
    0x08000202   0x00000000   Code   RO          995    .ARM.Collect$$libshutdown$$0000000F  c_w.l(libshutdown2.o)
    0x08000202   0x00000002   Code   RO          996    .ARM.Collect$$libshutdown$$00000010  c_w.l(libshutdown2.o)
    0x08000204   0x00000000   Code   RO          877    .ARM.Collect$$rtentry$$00000000  c_w.l(__rtentry.o)
    0x08000204   0x00000000   Code   RO          879    .ARM.Collect$$rtentry$$00000002  c_w.l(__rtentry2.o)
    0x08000204   0x00000006   Code   RO          891    .ARM.Collect$$rtentry$$00000004  c_w.l(__rtentry4.o)
    0x0800020a   0x00000000   Code   RO          881    .ARM.Collect$$rtentry$$00000009  c_w.l(__rtentry2.o)
    0x0800020a   0x00000004   Code   RO          882    .ARM.Collect$$rtentry$$0000000A  c_w.l(__rtentry2.o)
    0x0800020e   0x00000000   Code   RO          884    .ARM.Collect$$rtentry$$0000000C  c_w.l(__rtentry2.o)
    0x0800020e   0x00000008   Code   RO          885    .ARM.Collect$$rtentry$$0000000D  c_w.l(__rtentry2.o)
    0x08000216   0x00000002   Code   RO          903    .ARM.Collect$$rtexit$$00000000  c_w.l(rtexit.o)
    0x08000218   0x00000000   Code   RO          951    .ARM.Collect$$rtexit$$00000002  c_w.l(rtexit2.o)
    0x08000218   0x00000004   Code   RO          952    .ARM.Collect$$rtexit$$00000003  c_w.l(rtexit2.o)
    0x0800021c   0x00000006   Code   RO          953    .ARM.Collect$$rtexit$$00000004  c_w.l(rtexit2.o)
    0x08000222   0x00000002   PAD
    0x08000224   0x00000154   Code   RO          419    .emb_text           RTX_CM3.LIB(hal_cm3.o)
    0x08000378   0x00000040   Code   RO          226  * .text               startup_stm32f407xx.o
    0x080003b8   0x00000008   Code   RO          870    .text               c_w.l(libspace.o)
    0x080003c0   0x00000006   Code   RO          873    .text               c_w.l(heapauxi.o)
    0x080003c6   0x0000004a   Code   RO          893    .text               c_w.l(sys_stackheap_outer.o)
    0x08000410   0x00000012   Code   RO          895    .text               c_w.l(exit.o)
    0x08000422   0x00000002   PAD
    0x08000424   0x0000000c   Code   RO          961    .text               c_w.l(sys_exit.o)
    0x08000430   0x00000002   Code   RO          972    .text               c_w.l(use_no_semi.o)
    0x08000432   0x00000000   Code   RO          974    .text               c_w.l(indicate_semi.o)
    0x08000432   0x00000002   PAD
    0x08000434   0x00000004   Code   RO          679    SVC_TABLE           RTX_CM3.LIB(svc_table.o)
    0x08000438   0x00000028   Code   RO           67    i.GPIO_clock_enable  rtos_helloworld_00_rtx.o
    0x08000460   0x000001ce   Code   RO           68    i.LED_setup         rtos_helloworld_00_rtx.o
    0x0800062e   0x00000002   Code   RO          234    i.SystemInit        system_stm32f4xx.o
    0x08000630   0x0000004c   Code   RO           71    i._Z10board_initv   rtos_helloworld_00_rtx.o
    0x0800067c   0x00000010   Code   RO           72    i._Z14io_port_sourceP12GPIO_TypeDef  rtos_helloworld_00_rtx.o
    0x0800068c   0x00000034   Code   RO           73    i._Z16Turn_GreenLed_Onv  rtos_helloworld_00_rtx.o
    0x080006c0   0x00000034   Code   RO           74    i._Z17Turn_GreenLed_Offv  rtos_helloworld_00_rtx.o
    0x080006f4   0x00000008   Code   RO           75    i._Z6io_pin3pin     rtos_helloworld_00_rtx.o
    0x080006fc   0x0000002a   Code   RO           76    i._Z6io_set3pini    rtos_helloworld_00_rtx.o
    0x08000726   0x00000002   PAD
    0x08000728   0x0000001c   Code   RO           77    i._Z7io_port3pin    rtos_helloworld_00_rtx.o
    0x08000744   0x00000046   Code   RO          646    i._init_box         RTX_CM3.LIB(rt_membox.o)
    0x0800078a   0x00000002   PAD
    0x0800078c   0x00000020   Code   RO            2    i._mutex_acquire    rtx_conf_cm.o
    0x080007ac   0x0000001c   Code   RO            4    i._mutex_release    rtx_conf_cm.o
    0x080007c8   0x00000030   Code   RO          420    i.dbg_init          RTX_CM3.LIB(hal_cm3.o)
    0x080007f8   0x00000020   Code   RO          421    i.dbg_task_notify   RTX_CM3.LIB(hal_cm3.o)
    0x08000818   0x00000010   Code   RO          422    i.dbg_task_switch   RTX_CM3.LIB(hal_cm3.o)
    0x08000828   0x00000020   Code   RO           78    i.main              rtos_helloworld_00_rtx.o
    0x08000848   0x00000004   Code   RO            5    i.os_error          rtx_conf_cm.o
    0x0800084c   0x00000004   Code   RO            6    i.os_idle_demon     rtx_conf_cm.o
    0x08000850   0x00000028   Code   RO          461    i.os_tick_init      RTX_CM3.LIB(rt_system.o)
    0x08000878   0x00000002   Code   RO          462    i.os_tick_irqack    RTX_CM3.LIB(rt_system.o)
    0x0800087a   0x00000004   Code   RO            7    i.os_tmr_call       rtx_conf_cm.o
    0x0800087e   0x0000001a   Code   RO          647    i.rt_alloc_box      RTX_CM3.LIB(rt_membox.o)
    0x08000898   0x00000038   Code   RO          292    i.rt_block          RTX_CM3.LIB(rt_task.o)
    0x080008d0   0x00000048   Code   RO          624    i.rt_chk_robin      RTX_CM3.LIB(rt_robin.o)
    0x08000918   0x00000074   Code   RO          545    i.rt_dec_dly        RTX_CM3.LIB(rt_list.o)
    0x0800098c   0x00000044   Code   RO          293    i.rt_dispatch       RTX_CM3.LIB(rt_task.o)
    0x080009d0   0x0000004c   Code   RO          685    i.rt_evt_psh        RTX_CM3.LIB(rt_event.o)
    0x08000a1c   0x00000020   Code   RO          648    i.rt_free_box       RTX_CM3.LIB(rt_membox.o)
    0x08000a3c   0x00000028   Code   RO          546    i.rt_get_first      RTX_CM3.LIB(rt_list.o)
    0x08000a64   0x0000004c   Code   RO          294    i.rt_init_context   RTX_CM3.LIB(rt_task.o)
    0x08000ab0   0x00000018   Code   RO          625    i.rt_init_robin     RTX_CM3.LIB(rt_robin.o)
    0x08000ac8   0x00000050   Code   RO          423    i.rt_init_stack     RTX_CM3.LIB(hal_cm3.o)
    0x08000b18   0x000000d4   Code   RO          728    i.rt_mbx_psh        RTX_CM3.LIB(rt_mailbox.o)
    0x08000bec   0x000000e4   Code   RO          392    i.rt_mut_release    RTX_CM3.LIB(rt_mutex.o)
    0x08000cd0   0x00000068   Code   RO          393    i.rt_mut_wait       RTX_CM3.LIB(rt_mutex.o)
    0x08000d38   0x0000007c   Code   RO          463    i.rt_pop_req        RTX_CM3.LIB(rt_system.o)
    0x08000db4   0x00000048   Code   RO          549    i.rt_put_dly        RTX_CM3.LIB(rt_list.o)
    0x08000dfc   0x00000036   Code   RO          550    i.rt_put_prio       RTX_CM3.LIB(rt_list.o)
    0x08000e32   0x00000002   PAD
    0x08000e34   0x00000014   Code   RO          551    i.rt_put_rdy_first  RTX_CM3.LIB(rt_list.o)
    0x08000e48   0x00000034   Code   RO          552    i.rt_resort_prio    RTX_CM3.LIB(rt_list.o)
    0x08000e7c   0x00000028   Code   RO          553    i.rt_rmv_dly        RTX_CM3.LIB(rt_list.o)
    0x08000ea4   0x00000030   Code   RO          554    i.rt_rmv_list       RTX_CM3.LIB(rt_list.o)
    0x08000ed4   0x00000034   Code   RO          774    i.rt_sem_psh        RTX_CM3.LIB(rt_semaphore.o)
    0x08000f08   0x00000024   Code   RO          466    i.rt_stk_check      RTX_CM3.LIB(rt_system.o)
    0x08000f2c   0x00000028   Code   RO          295    i.rt_switch_req     RTX_CM3.LIB(rt_task.o)
    0x08000f54   0x00000154   Code   RO          296    i.rt_sys_init       RTX_CM3.LIB(rt_task.o)
    0x080010a8   0x00000040   Code   RO          468    i.rt_systick        RTX_CM3.LIB(rt_system.o)
    0x080010e8   0x00000040   Code   RO          843    i.rt_tmr_tick       RTX_CM3.LIB(rt_timer.o)
    0x08001128   0x00000090   Code   RO          297    i.rt_tsk_create     RTX_CM3.LIB(rt_task.o)
    0x080011b8   0x0000016c   Code   RO          298    i.rt_tsk_delete     RTX_CM3.LIB(rt_task.o)
    0x08001324   0x00000010   Code   RO          301    i.rt_tsk_self       RTX_CM3.LIB(rt_task.o)
    0x08001334   0x00000028   Data   RO            9    .constdata          rtx_conf_cm.o
    0x0800135c   0x00000004   Data   RO          471    .constdata          RTX_CM3.LIB(rt_system.o)
    0x08001360   0x00000020   Data   RO         1027    Region$$Table       anon$$obj.o


    Execution Region ER_RW (Base: 0x20000000, Size: 0x00000048, Max: 0xffffffff, ABSOLUTE)

    Base Addr    Size         Type   Attr      Idx    E Section Name        Object

    0x20000000   0x00000008   Data   RW           10    .data               rtx_conf_cm.o
    0x20000008   0x00000016   Data   RW           92    .data               rtos_helloworld_00_rtx.o
    0x2000001e   0x00000002   PAD
    0x20000020   0x00000008   Data   RW          303    .data               RTX_CM3.LIB(rt_task.o)
    0x20000028   0x00000001   Data   RW          424    .data               RTX_CM3.LIB(hal_cm3.o)
    0x20000029   0x00000003   PAD
    0x2000002c   0x00000008   Data   RW          472    .data               RTX_CM3.LIB(rt_system.o)
    0x20000034   0x00000008   Data   RW          626    .data               RTX_CM3.LIB(rt_robin.o)
    0x2000003c   0x00000004   Data   RW          812    .data               RTX_CM3.LIB(rt_time.o)
    0x20000040   0x00000008   Data   RW          844    .data               RTX_CM3.LIB(rt_timer.o)


    Execution Region ER_ZI (Base: 0x20000048, Size: 0x00001908, Max: 0xffffffff, ABSOLUTE)

    Base Addr    Size         Type   Attr      Idx    E Section Name        Object

    0x20000048   0x0000123c   Zero   RW            8    .bss                rtx_conf_cm.o
    0x20001284   0x00000038   Zero   RW          302    .bss                RTX_CM3.LIB(rt_task.o)
    0x200012bc   0x00000030   Zero   RW          555    .bss                RTX_CM3.LIB(rt_list.o)
    0x200012ec   0x00000060   Zero   RW          871    .bss                c_w.l(libspace.o)
    0x2000134c   0x00000004   PAD
    0x20001350   0x00000200   Zero   RW          224    HEAP                startup_stm32f407xx.o
    0x20001550   0x00000400   Zero   RW          223    STACK               startup_stm32f407xx.o


==============================================================================

Image component sizes


      Code (inc. data)   RO Data    RW Data    ZI Data      Debug   Object Name

       808         64          0         22          0     263043   rtos_helloworld_00_rtx.o
        72         12         40          8       4668      12193   rtx_conf_cm.o
        64         26        392          0       1536        804   startup_stm32f407xx.o
         2          0          0          0          0        429   system_stm32f4xx.o

    ----------------------------------------------------------------------
       948        102        464         32       6204     276469   Object Totals
         0          0         32          0          0          0   (incl. Generated)
         2          0          0          2          0          0   (incl. Padding)

    ----------------------------------------------------------------------

      Code (inc. data)   RO Data    RW Data    ZI Data      Debug   Library Member Name

       516         56          0          1          0       2793   hal_cm3.o
        76          4          0          0          0        613   rt_event.o
       442         30          0          0         48       4490   rt_list.o
       212          6          0          0          0        781   rt_mailbox.o
       128          0          0          0          0       1785   rt_membox.o
       332         12          0          0          0       1491   rt_mutex.o
        96         22          0          8          0       1046   rt_robin.o
        52          6          0          0          0        537   rt_semaphore.o
       266         42          4          8          0       3301   rt_system.o
      1104        158          0          8         56       7660   rt_task.o
         0          0          0          4          0        174   rt_time.o
        64          8          0          8          0        631   rt_timer.o
         4          4          0          0          0        168   svc_table.o
         8          0          0          0          0         68   __main.o
         0          0          0          0          0          0   __rtentry.o
        12          0          0          0          0          0   __rtentry2.o
         6          0          0          0          0          0   __rtentry4.o
        52          8          0          0          0          0   __scatter.o
        26          0          0          0          0          0   __scatter_copy.o
        28          0          0          0          0          0   __scatter_zi.o
        18          0          0          0          0         80   exit.o
         6          0          0          0          0        152   heapauxi.o
         0          0          0          0          0          0   indicate_semi.o
         2          0          0          0          0          0   libinit.o
         2          0          0          0          0          0   libinit2.o
         2          0          0          0          0          0   libshutdown.o
         2          0          0          0          0          0   libshutdown2.o
         8          4          0          0         96         68   libspace.o
         2          0          0          0          0          0   rtexit.o
        10          0          0          0          0          0   rtexit2.o
        12          4          0          0          0         68   sys_exit.o
        74          0          0          0          0         80   sys_stackheap_outer.o
         2          0          0          0          0         68   use_no_semi.o

    ----------------------------------------------------------------------
      3576        364          4         40        204      26054   Library Totals
        12          0          0          3          4          0   (incl. Padding)

    ----------------------------------------------------------------------

      Code (inc. data)   RO Data    RW Data    ZI Data      Debug   Library Name

      3292        348          4         37        104      25470   RTX_CM3.LIB
       272         16          0          0         96        584   c_w.l

    ----------------------------------------------------------------------
      3576        364          4         40        204      26054   Library Totals

    ----------------------------------------------------------------------

==============================================================================


      Code (inc. data)   RO Data    RW Data    ZI Data      Debug   

      4524        466        468         72       6408     299971   Grand Totals
      4524        466        468         72       6408     299971   ELF Image Totals
      4524        466        468         72          0          0   ROM Totals

==============================================================================

    Total RO  Size (Code + RO Data)                 4992 (   4.88kB)
    Total RW  Size (RW Data + ZI Data)              6480 (   6.33kB)
    Total ROM Size (Code + RO Data + RW Data)       5064 (   4.95kB)

==============================================================================

